Archive member included to satisfy reference by file (symbol)

c:/st/stm32cubeide_1.4.0/stm32cubeide/plugins/com.st.stm32cube.ide.mcu.externaltools.gnu-tools-for-stm32.7-2018-q2-update.win32_1.4.0.202007081208/tools/bin/../lib/gcc/arm-none-eabi/7.3.1/../../../../arm-none-eabi/lib/thumb/v7-m\libc_nano.a(lib_a-errno.o)
                              Src/syscalls.o (__errno)
c:/st/stm32cubeide_1.4.0/stm32cubeide/plugins/com.st.stm32cube.ide.mcu.externaltools.gnu-tools-for-stm32.7-2018-q2-update.win32_1.4.0.202007081208/tools/bin/../lib/gcc/arm-none-eabi/7.3.1/../../../../arm-none-eabi/lib/thumb/v7-m\libc_nano.a(lib_a-exit.o)
                              c:/st/stm32cubeide_1.4.0/stm32cubeide/plugins/com.st.stm32cube.ide.mcu.externaltools.gnu-tools-for-stm32.7-2018-q2-update.win32_1.4.0.202007081208/tools/bin/../lib/gcc/arm-none-eabi/7.3.1/../../../../arm-none-eabi/lib/thumb/v7-m/crt0.o (exit)
c:/st/stm32cubeide_1.4.0/stm32cubeide/plugins/com.st.stm32cube.ide.mcu.externaltools.gnu-tools-for-stm32.7-2018-q2-update.win32_1.4.0.202007081208/tools/bin/../lib/gcc/arm-none-eabi/7.3.1/../../../../arm-none-eabi/lib/thumb/v7-m\libc_nano.a(lib_a-impure.o)
                              c:/st/stm32cubeide_1.4.0/stm32cubeide/plugins/com.st.stm32cube.ide.mcu.externaltools.gnu-tools-for-stm32.7-2018-q2-update.win32_1.4.0.202007081208/tools/bin/../lib/gcc/arm-none-eabi/7.3.1/../../../../arm-none-eabi/lib/thumb/v7-m\libc_nano.a(lib_a-exit.o) (_global_impure_ptr)
c:/st/stm32cubeide_1.4.0/stm32cubeide/plugins/com.st.stm32cube.ide.mcu.externaltools.gnu-tools-for-stm32.7-2018-q2-update.win32_1.4.0.202007081208/tools/bin/../lib/gcc/arm-none-eabi/7.3.1/../../../../arm-none-eabi/lib/thumb/v7-m\libc_nano.a(lib_a-init.o)
                              c:/st/stm32cubeide_1.4.0/stm32cubeide/plugins/com.st.stm32cube.ide.mcu.externaltools.gnu-tools-for-stm32.7-2018-q2-update.win32_1.4.0.202007081208/tools/bin/../lib/gcc/arm-none-eabi/7.3.1/../../../../arm-none-eabi/lib/thumb/v7-m/crt0.o (__libc_init_array)
c:/st/stm32cubeide_1.4.0/stm32cubeide/plugins/com.st.stm32cube.ide.mcu.externaltools.gnu-tools-for-stm32.7-2018-q2-update.win32_1.4.0.202007081208/tools/bin/../lib/gcc/arm-none-eabi/7.3.1/../../../../arm-none-eabi/lib/thumb/v7-m\libc_nano.a(lib_a-memset.o)
                              c:/st/stm32cubeide_1.4.0/stm32cubeide/plugins/com.st.stm32cube.ide.mcu.externaltools.gnu-tools-for-stm32.7-2018-q2-update.win32_1.4.0.202007081208/tools/bin/../lib/gcc/arm-none-eabi/7.3.1/../../../../arm-none-eabi/lib/thumb/v7-m/crt0.o (memset)

Discarded input sections

 .text          0x0000000000000000        0x0 c:/st/stm32cubeide_1.4.0/stm32cubeide/plugins/com.st.stm32cube.ide.mcu.externaltools.gnu-tools-for-stm32.7-2018-q2-update.win32_1.4.0.202007081208/tools/bin/../lib/gcc/arm-none-eabi/7.3.1/thumb/v7-m/crti.o
 .data          0x0000000000000000        0x0 c:/st/stm32cubeide_1.4.0/stm32cubeide/plugins/com.st.stm32cube.ide.mcu.externaltools.gnu-tools-for-stm32.7-2018-q2-update.win32_1.4.0.202007081208/tools/bin/../lib/gcc/arm-none-eabi/7.3.1/thumb/v7-m/crti.o
 .bss           0x0000000000000000        0x0 c:/st/stm32cubeide_1.4.0/stm32cubeide/plugins/com.st.stm32cube.ide.mcu.externaltools.gnu-tools-for-stm32.7-2018-q2-update.win32_1.4.0.202007081208/tools/bin/../lib/gcc/arm-none-eabi/7.3.1/thumb/v7-m/crti.o
 .data          0x0000000000000000        0x4 c:/st/stm32cubeide_1.4.0/stm32cubeide/plugins/com.st.stm32cube.ide.mcu.externaltools.gnu-tools-for-stm32.7-2018-q2-update.win32_1.4.0.202007081208/tools/bin/../lib/gcc/arm-none-eabi/7.3.1/thumb/v7-m/crtbegin.o
 .text          0x0000000000000000       0x74 c:/st/stm32cubeide_1.4.0/stm32cubeide/plugins/com.st.stm32cube.ide.mcu.externaltools.gnu-tools-for-stm32.7-2018-q2-update.win32_1.4.0.202007081208/tools/bin/../lib/gcc/arm-none-eabi/7.3.1/../../../../arm-none-eabi/lib/thumb/v7-m/crt0.o
 .data          0x0000000000000000        0x0 c:/st/stm32cubeide_1.4.0/stm32cubeide/plugins/com.st.stm32cube.ide.mcu.externaltools.gnu-tools-for-stm32.7-2018-q2-update.win32_1.4.0.202007081208/tools/bin/../lib/gcc/arm-none-eabi/7.3.1/../../../../arm-none-eabi/lib/thumb/v7-m/crt0.o
 .bss           0x0000000000000000        0x0 c:/st/stm32cubeide_1.4.0/stm32cubeide/plugins/com.st.stm32cube.ide.mcu.externaltools.gnu-tools-for-stm32.7-2018-q2-update.win32_1.4.0.202007081208/tools/bin/../lib/gcc/arm-none-eabi/7.3.1/../../../../arm-none-eabi/lib/thumb/v7-m/crt0.o
 .ARM.extab     0x0000000000000000        0x0 c:/st/stm32cubeide_1.4.0/stm32cubeide/plugins/com.st.stm32cube.ide.mcu.externaltools.gnu-tools-for-stm32.7-2018-q2-update.win32_1.4.0.202007081208/tools/bin/../lib/gcc/arm-none-eabi/7.3.1/../../../../arm-none-eabi/lib/thumb/v7-m/crt0.o
 .ARM.exidx     0x0000000000000000        0x8 c:/st/stm32cubeide_1.4.0/stm32cubeide/plugins/com.st.stm32cube.ide.mcu.externaltools.gnu-tools-for-stm32.7-2018-q2-update.win32_1.4.0.202007081208/tools/bin/../lib/gcc/arm-none-eabi/7.3.1/../../../../arm-none-eabi/lib/thumb/v7-m/crt0.o
 .ARM.attributes
                0x0000000000000000       0x1b c:/st/stm32cubeide_1.4.0/stm32cubeide/plugins/com.st.stm32cube.ide.mcu.externaltools.gnu-tools-for-stm32.7-2018-q2-update.win32_1.4.0.202007081208/tools/bin/../lib/gcc/arm-none-eabi/7.3.1/../../../../arm-none-eabi/lib/thumb/v7-m/crt0.o
 .group         0x0000000000000000        0xc HAL/EEPROM/I2C_Slave_EEPROM.o
 .group         0x0000000000000000        0xc HAL/EEPROM/I2C_Slave_EEPROM.o
 .group         0x0000000000000000        0xc HAL/EEPROM/I2C_Slave_EEPROM.o
 .group         0x0000000000000000        0xc HAL/EEPROM/I2C_Slave_EEPROM.o
 .group         0x0000000000000000        0xc HAL/EEPROM/I2C_Slave_EEPROM.o
 .group         0x0000000000000000        0xc HAL/EEPROM/I2C_Slave_EEPROM.o
 .group         0x0000000000000000        0xc HAL/EEPROM/I2C_Slave_EEPROM.o
 .group         0x0000000000000000        0xc HAL/EEPROM/I2C_Slave_EEPROM.o
 .group         0x0000000000000000        0xc HAL/EEPROM/I2C_Slave_EEPROM.o
 .group         0x0000000000000000        0xc HAL/EEPROM/I2C_Slave_EEPROM.o
 .group         0x0000000000000000        0xc HAL/EEPROM/I2C_Slave_EEPROM.o
 .group         0x0000000000000000        0xc HAL/EEPROM/I2C_Slave_EEPROM.o
 .group         0x0000000000000000        0xc HAL/EEPROM/I2C_Slave_EEPROM.o
 .group         0x0000000000000000        0xc HAL/EEPROM/I2C_Slave_EEPROM.o
 .group         0x0000000000000000        0xc HAL/EEPROM/I2C_Slave_EEPROM.o
 .group         0x0000000000000000        0xc HAL/EEPROM/I2C_Slave_EEPROM.o
 .group         0x0000000000000000        0xc HAL/EEPROM/I2C_Slave_EEPROM.o
 .group         0x0000000000000000        0xc HAL/EEPROM/I2C_Slave_EEPROM.o
 .group         0x0000000000000000        0xc HAL/EEPROM/I2C_Slave_EEPROM.o
 .group         0x0000000000000000        0xc HAL/EEPROM/I2C_Slave_EEPROM.o
 .group         0x0000000000000000        0xc HAL/EEPROM/I2C_Slave_EEPROM.o
 .group         0x0000000000000000        0xc HAL/EEPROM/I2C_Slave_EEPROM.o
 .group         0x0000000000000000        0xc HAL/EEPROM/I2C_Slave_EEPROM.o
 .group         0x0000000000000000        0xc HAL/EEPROM/I2C_Slave_EEPROM.o
 .text          0x0000000000000000        0x0 HAL/EEPROM/I2C_Slave_EEPROM.o
 .data          0x0000000000000000        0x0 HAL/EEPROM/I2C_Slave_EEPROM.o
 .bss           0x0000000000000000        0x0 HAL/EEPROM/I2C_Slave_EEPROM.o
 .group         0x0000000000000000        0xc STM32F103C6_Drivers/GPIO_Driver/STM32F103C6_GPIO_driver.o
 .group         0x0000000000000000        0xc STM32F103C6_Drivers/GPIO_Driver/STM32F103C6_GPIO_driver.o
 .group         0x0000000000000000        0xc STM32F103C6_Drivers/GPIO_Driver/STM32F103C6_GPIO_driver.o
 .group         0x0000000000000000        0xc STM32F103C6_Drivers/GPIO_Driver/STM32F103C6_GPIO_driver.o
 .group         0x0000000000000000        0xc STM32F103C6_Drivers/GPIO_Driver/STM32F103C6_GPIO_driver.o
 .group         0x0000000000000000        0xc STM32F103C6_Drivers/GPIO_Driver/STM32F103C6_GPIO_driver.o
 .group         0x0000000000000000        0xc STM32F103C6_Drivers/GPIO_Driver/STM32F103C6_GPIO_driver.o
 .group         0x0000000000000000        0xc STM32F103C6_Drivers/GPIO_Driver/STM32F103C6_GPIO_driver.o
 .group         0x0000000000000000        0xc STM32F103C6_Drivers/GPIO_Driver/STM32F103C6_GPIO_driver.o
 .group         0x0000000000000000        0xc STM32F103C6_Drivers/GPIO_Driver/STM32F103C6_GPIO_driver.o
 .group         0x0000000000000000        0xc STM32F103C6_Drivers/GPIO_Driver/STM32F103C6_GPIO_driver.o
 .group         0x0000000000000000        0xc STM32F103C6_Drivers/GPIO_Driver/STM32F103C6_GPIO_driver.o
 .group         0x0000000000000000        0xc STM32F103C6_Drivers/GPIO_Driver/STM32F103C6_GPIO_driver.o
 .group         0x0000000000000000        0xc STM32F103C6_Drivers/GPIO_Driver/STM32F103C6_GPIO_driver.o
 .group         0x0000000000000000        0xc STM32F103C6_Drivers/GPIO_Driver/STM32F103C6_GPIO_driver.o
 .group         0x0000000000000000        0xc STM32F103C6_Drivers/GPIO_Driver/STM32F103C6_GPIO_driver.o
 .group         0x0000000000000000        0xc STM32F103C6_Drivers/GPIO_Driver/STM32F103C6_GPIO_driver.o
 .group         0x0000000000000000        0xc STM32F103C6_Drivers/GPIO_Driver/STM32F103C6_GPIO_driver.o
 .group         0x0000000000000000        0xc STM32F103C6_Drivers/GPIO_Driver/STM32F103C6_GPIO_driver.o
 .group         0x0000000000000000        0xc STM32F103C6_Drivers/GPIO_Driver/STM32F103C6_GPIO_driver.o
 .group         0x0000000000000000        0xc STM32F103C6_Drivers/GPIO_Driver/STM32F103C6_GPIO_driver.o
 .group         0x0000000000000000        0xc STM32F103C6_Drivers/GPIO_Driver/STM32F103C6_GPIO_driver.o
 .group         0x0000000000000000        0xc STM32F103C6_Drivers/GPIO_Driver/STM32F103C6_GPIO_driver.o
 .group         0x0000000000000000        0xc STM32F103C6_Drivers/GPIO_Driver/STM32F103C6_GPIO_driver.o
 .text          0x0000000000000000        0x0 STM32F103C6_Drivers/GPIO_Driver/STM32F103C6_GPIO_driver.o
 .data          0x0000000000000000        0x0 STM32F103C6_Drivers/GPIO_Driver/STM32F103C6_GPIO_driver.o
 .bss           0x0000000000000000        0x0 STM32F103C6_Drivers/GPIO_Driver/STM32F103C6_GPIO_driver.o
 .text.MCAL_GPIO_DeInit
                0x0000000000000000       0xd4 STM32F103C6_Drivers/GPIO_Driver/STM32F103C6_GPIO_driver.o
 .text.MCAL_GPIO_ReadPin
                0x0000000000000000       0x28 STM32F103C6_Drivers/GPIO_Driver/STM32F103C6_GPIO_driver.o
 .text.MCAL_GPIO_ReadPort
                0x0000000000000000       0x1a STM32F103C6_Drivers/GPIO_Driver/STM32F103C6_GPIO_driver.o
 .text.MCAL_GPIO_WritePort
                0x0000000000000000       0x1c STM32F103C6_Drivers/GPIO_Driver/STM32F103C6_GPIO_driver.o
 .text.MCAL_GPIO_WritePin
                0x0000000000000000       0x2e STM32F103C6_Drivers/GPIO_Driver/STM32F103C6_GPIO_driver.o
 .text.MCAL_GPIO_TogglePin
                0x0000000000000000       0x22 STM32F103C6_Drivers/GPIO_Driver/STM32F103C6_GPIO_driver.o
 .text.MCAL_GPIO_LockPin
                0x0000000000000000       0x4e STM32F103C6_Drivers/GPIO_Driver/STM32F103C6_GPIO_driver.o
 .debug_macro   0x0000000000000000      0xa60 STM32F103C6_Drivers/GPIO_Driver/STM32F103C6_GPIO_driver.o
 .debug_macro   0x0000000000000000       0x18 STM32F103C6_Drivers/GPIO_Driver/STM32F103C6_GPIO_driver.o
 .debug_macro   0x0000000000000000       0x22 STM32F103C6_Drivers/GPIO_Driver/STM32F103C6_GPIO_driver.o
 .debug_macro   0x0000000000000000       0x40 STM32F103C6_Drivers/GPIO_Driver/STM32F103C6_GPIO_driver.o
 .debug_macro   0x0000000000000000       0x94 STM32F103C6_Drivers/GPIO_Driver/STM32F103C6_GPIO_driver.o
 .debug_macro   0x0000000000000000       0x3c STM32F103C6_Drivers/GPIO_Driver/STM32F103C6_GPIO_driver.o
 .debug_macro   0x0000000000000000       0x34 STM32F103C6_Drivers/GPIO_Driver/STM32F103C6_GPIO_driver.o
 .debug_macro   0x0000000000000000       0x16 STM32F103C6_Drivers/GPIO_Driver/STM32F103C6_GPIO_driver.o
 .debug_macro   0x0000000000000000      0x10e STM32F103C6_Drivers/GPIO_Driver/STM32F103C6_GPIO_driver.o
 .debug_macro   0x0000000000000000       0x8d STM32F103C6_Drivers/GPIO_Driver/STM32F103C6_GPIO_driver.o
 .debug_macro   0x0000000000000000       0x57 STM32F103C6_Drivers/GPIO_Driver/STM32F103C6_GPIO_driver.o
 .debug_macro   0x0000000000000000       0x52 STM32F103C6_Drivers/GPIO_Driver/STM32F103C6_GPIO_driver.o
 .debug_macro   0x0000000000000000       0x1f STM32F103C6_Drivers/GPIO_Driver/STM32F103C6_GPIO_driver.o
 .debug_macro   0x0000000000000000       0x43 STM32F103C6_Drivers/GPIO_Driver/STM32F103C6_GPIO_driver.o
 .debug_macro   0x0000000000000000       0x20 STM32F103C6_Drivers/GPIO_Driver/STM32F103C6_GPIO_driver.o
 .debug_macro   0x0000000000000000      0x1a3 STM32F103C6_Drivers/GPIO_Driver/STM32F103C6_GPIO_driver.o
 .debug_macro   0x0000000000000000      0x330 STM32F103C6_Drivers/GPIO_Driver/STM32F103C6_GPIO_driver.o
 .debug_macro   0x0000000000000000       0x16 STM32F103C6_Drivers/GPIO_Driver/STM32F103C6_GPIO_driver.o
 .debug_macro   0x0000000000000000       0x29 STM32F103C6_Drivers/GPIO_Driver/STM32F103C6_GPIO_driver.o
 .debug_macro   0x0000000000000000       0xef STM32F103C6_Drivers/GPIO_Driver/STM32F103C6_GPIO_driver.o
 .debug_macro   0x0000000000000000       0x6a STM32F103C6_Drivers/GPIO_Driver/STM32F103C6_GPIO_driver.o
 .debug_macro   0x0000000000000000      0x1df STM32F103C6_Drivers/GPIO_Driver/STM32F103C6_GPIO_driver.o
 .debug_macro   0x0000000000000000      0x32a STM32F103C6_Drivers/GPIO_Driver/STM32F103C6_GPIO_driver.o
 .group         0x0000000000000000        0xc STM32F103C6_Drivers/I2C_Driver/STM32F103C6_I2C_driver.o
 .group         0x0000000000000000        0xc STM32F103C6_Drivers/I2C_Driver/STM32F103C6_I2C_driver.o
 .group         0x0000000000000000        0xc STM32F103C6_Drivers/I2C_Driver/STM32F103C6_I2C_driver.o
 .group         0x0000000000000000        0xc STM32F103C6_Drivers/I2C_Driver/STM32F103C6_I2C_driver.o
 .group         0x0000000000000000        0xc STM32F103C6_Drivers/I2C_Driver/STM32F103C6_I2C_driver.o
 .group         0x0000000000000000        0xc STM32F103C6_Drivers/I2C_Driver/STM32F103C6_I2C_driver.o
 .group         0x0000000000000000        0xc STM32F103C6_Drivers/I2C_Driver/STM32F103C6_I2C_driver.o
 .group         0x0000000000000000        0xc STM32F103C6_Drivers/I2C_Driver/STM32F103C6_I2C_driver.o
 .group         0x0000000000000000        0xc STM32F103C6_Drivers/I2C_Driver/STM32F103C6_I2C_driver.o
 .group         0x0000000000000000        0xc STM32F103C6_Drivers/I2C_Driver/STM32F103C6_I2C_driver.o
 .group         0x0000000000000000        0xc STM32F103C6_Drivers/I2C_Driver/STM32F103C6_I2C_driver.o
 .group         0x0000000000000000        0xc STM32F103C6_Drivers/I2C_Driver/STM32F103C6_I2C_driver.o
 .group         0x0000000000000000        0xc STM32F103C6_Drivers/I2C_Driver/STM32F103C6_I2C_driver.o
 .group         0x0000000000000000        0xc STM32F103C6_Drivers/I2C_Driver/STM32F103C6_I2C_driver.o
 .group         0x0000000000000000        0xc STM32F103C6_Drivers/I2C_Driver/STM32F103C6_I2C_driver.o
 .group         0x0000000000000000        0xc STM32F103C6_Drivers/I2C_Driver/STM32F103C6_I2C_driver.o
 .group         0x0000000000000000        0xc STM32F103C6_Drivers/I2C_Driver/STM32F103C6_I2C_driver.o
 .group         0x0000000000000000        0xc STM32F103C6_Drivers/I2C_Driver/STM32F103C6_I2C_driver.o
 .group         0x0000000000000000        0xc STM32F103C6_Drivers/I2C_Driver/STM32F103C6_I2C_driver.o
 .group         0x0000000000000000        0xc STM32F103C6_Drivers/I2C_Driver/STM32F103C6_I2C_driver.o
 .group         0x0000000000000000        0xc STM32F103C6_Drivers/I2C_Driver/STM32F103C6_I2C_driver.o
 .group         0x0000000000000000        0xc STM32F103C6_Drivers/I2C_Driver/STM32F103C6_I2C_driver.o
 .group         0x0000000000000000        0xc STM32F103C6_Drivers/I2C_Driver/STM32F103C6_I2C_driver.o
 .group         0x0000000000000000        0xc STM32F103C6_Drivers/I2C_Driver/STM32F103C6_I2C_driver.o
 .group         0x0000000000000000        0xc STM32F103C6_Drivers/I2C_Driver/STM32F103C6_I2C_driver.o
 .group         0x0000000000000000        0xc STM32F103C6_Drivers/I2C_Driver/STM32F103C6_I2C_driver.o
 .group         0x0000000000000000        0xc STM32F103C6_Drivers/I2C_Driver/STM32F103C6_I2C_driver.o
 .group         0x0000000000000000        0xc STM32F103C6_Drivers/I2C_Driver/STM32F103C6_I2C_driver.o
 .text          0x0000000000000000        0x0 STM32F103C6_Drivers/I2C_Driver/STM32F103C6_I2C_driver.o
 .data          0x0000000000000000        0x0 STM32F103C6_Drivers/I2C_Driver/STM32F103C6_I2C_driver.o
 .bss           0x0000000000000000        0x0 STM32F103C6_Drivers/I2C_Driver/STM32F103C6_I2C_driver.o
 .text.MCAL_I2C_DeInit
                0x0000000000000000       0x9c STM32F103C6_Drivers/I2C_Driver/STM32F103C6_I2C_driver.o
 .text.MCAL_I2CSlave_Transmite
                0x0000000000000000       0x1c STM32F103C6_Drivers/I2C_Driver/STM32F103C6_I2C_driver.o
 .text.MCAL_I2CSlave_Receive
                0x0000000000000000       0x18 STM32F103C6_Drivers/I2C_Driver/STM32F103C6_I2C_driver.o
 .debug_macro   0x0000000000000000      0xa60 STM32F103C6_Drivers/I2C_Driver/STM32F103C6_I2C_driver.o
 .debug_macro   0x0000000000000000       0x22 STM32F103C6_Drivers/I2C_Driver/STM32F103C6_I2C_driver.o
 .debug_macro   0x0000000000000000       0x40 STM32F103C6_Drivers/I2C_Driver/STM32F103C6_I2C_driver.o
 .debug_macro   0x0000000000000000       0x18 STM32F103C6_Drivers/I2C_Driver/STM32F103C6_I2C_driver.o
 .debug_macro   0x0000000000000000       0x94 STM32F103C6_Drivers/I2C_Driver/STM32F103C6_I2C_driver.o
 .debug_macro   0x0000000000000000       0x3c STM32F103C6_Drivers/I2C_Driver/STM32F103C6_I2C_driver.o
 .debug_macro   0x0000000000000000       0x34 STM32F103C6_Drivers/I2C_Driver/STM32F103C6_I2C_driver.o
 .debug_macro   0x0000000000000000       0x57 STM32F103C6_Drivers/I2C_Driver/STM32F103C6_I2C_driver.o
 .debug_macro   0x0000000000000000       0x52 STM32F103C6_Drivers/I2C_Driver/STM32F103C6_I2C_driver.o
 .debug_macro   0x0000000000000000       0x1f STM32F103C6_Drivers/I2C_Driver/STM32F103C6_I2C_driver.o
 .debug_macro   0x0000000000000000       0x43 STM32F103C6_Drivers/I2C_Driver/STM32F103C6_I2C_driver.o
 .debug_macro   0x0000000000000000       0x20 STM32F103C6_Drivers/I2C_Driver/STM32F103C6_I2C_driver.o
 .debug_macro   0x0000000000000000      0x1a3 STM32F103C6_Drivers/I2C_Driver/STM32F103C6_I2C_driver.o
 .debug_macro   0x0000000000000000      0x330 STM32F103C6_Drivers/I2C_Driver/STM32F103C6_I2C_driver.o
 .debug_macro   0x0000000000000000       0x16 STM32F103C6_Drivers/I2C_Driver/STM32F103C6_I2C_driver.o
 .debug_macro   0x0000000000000000       0x16 STM32F103C6_Drivers/I2C_Driver/STM32F103C6_I2C_driver.o
 .debug_macro   0x0000000000000000       0x29 STM32F103C6_Drivers/I2C_Driver/STM32F103C6_I2C_driver.o
 .debug_macro   0x0000000000000000       0xef STM32F103C6_Drivers/I2C_Driver/STM32F103C6_I2C_driver.o
 .debug_macro   0x0000000000000000       0x6a STM32F103C6_Drivers/I2C_Driver/STM32F103C6_I2C_driver.o
 .debug_macro   0x0000000000000000      0x1df STM32F103C6_Drivers/I2C_Driver/STM32F103C6_I2C_driver.o
 .debug_macro   0x0000000000000000      0x32a STM32F103C6_Drivers/I2C_Driver/STM32F103C6_I2C_driver.o
 .debug_macro   0x0000000000000000       0x64 STM32F103C6_Drivers/I2C_Driver/STM32F103C6_I2C_driver.o
 .group         0x0000000000000000        0xc STM32F103C6_Drivers/RCC_Driver/STM32F103C6_RCC_driver.o
 .group         0x0000000000000000        0xc STM32F103C6_Drivers/RCC_Driver/STM32F103C6_RCC_driver.o
 .group         0x0000000000000000        0xc STM32F103C6_Drivers/RCC_Driver/STM32F103C6_RCC_driver.o
 .group         0x0000000000000000        0xc STM32F103C6_Drivers/RCC_Driver/STM32F103C6_RCC_driver.o
 .group         0x0000000000000000        0xc STM32F103C6_Drivers/RCC_Driver/STM32F103C6_RCC_driver.o
 .group         0x0000000000000000        0xc STM32F103C6_Drivers/RCC_Driver/STM32F103C6_RCC_driver.o
 .group         0x0000000000000000        0xc STM32F103C6_Drivers/RCC_Driver/STM32F103C6_RCC_driver.o
 .group         0x0000000000000000        0xc STM32F103C6_Drivers/RCC_Driver/STM32F103C6_RCC_driver.o
 .group         0x0000000000000000        0xc STM32F103C6_Drivers/RCC_Driver/STM32F103C6_RCC_driver.o
 .group         0x0000000000000000        0xc STM32F103C6_Drivers/RCC_Driver/STM32F103C6_RCC_driver.o
 .group         0x0000000000000000        0xc STM32F103C6_Drivers/RCC_Driver/STM32F103C6_RCC_driver.o
 .group         0x0000000000000000        0xc STM32F103C6_Drivers/RCC_Driver/STM32F103C6_RCC_driver.o
 .group         0x0000000000000000        0xc STM32F103C6_Drivers/RCC_Driver/STM32F103C6_RCC_driver.o
 .group         0x0000000000000000        0xc STM32F103C6_Drivers/RCC_Driver/STM32F103C6_RCC_driver.o
 .group         0x0000000000000000        0xc STM32F103C6_Drivers/RCC_Driver/STM32F103C6_RCC_driver.o
 .group         0x0000000000000000        0xc STM32F103C6_Drivers/RCC_Driver/STM32F103C6_RCC_driver.o
 .group         0x0000000000000000        0xc STM32F103C6_Drivers/RCC_Driver/STM32F103C6_RCC_driver.o
 .group         0x0000000000000000        0xc STM32F103C6_Drivers/RCC_Driver/STM32F103C6_RCC_driver.o
 .group         0x0000000000000000        0xc STM32F103C6_Drivers/RCC_Driver/STM32F103C6_RCC_driver.o
 .group         0x0000000000000000        0xc STM32F103C6_Drivers/RCC_Driver/STM32F103C6_RCC_driver.o
 .group         0x0000000000000000        0xc STM32F103C6_Drivers/RCC_Driver/STM32F103C6_RCC_driver.o
 .group         0x0000000000000000        0xc STM32F103C6_Drivers/RCC_Driver/STM32F103C6_RCC_driver.o
 .group         0x0000000000000000        0xc STM32F103C6_Drivers/RCC_Driver/STM32F103C6_RCC_driver.o
 .group         0x0000000000000000        0xc STM32F103C6_Drivers/RCC_Driver/STM32F103C6_RCC_driver.o
 .text          0x0000000000000000        0x0 STM32F103C6_Drivers/RCC_Driver/STM32F103C6_RCC_driver.o
 .data          0x0000000000000000        0x0 STM32F103C6_Drivers/RCC_Driver/STM32F103C6_RCC_driver.o
 .bss           0x0000000000000000        0x0 STM32F103C6_Drivers/RCC_Driver/STM32F103C6_RCC_driver.o
 .text.MCAL_RCC_GetPCLK2Freq
                0x0000000000000000       0x28 STM32F103C6_Drivers/RCC_Driver/STM32F103C6_RCC_driver.o
 .debug_macro   0x0000000000000000      0xa60 STM32F103C6_Drivers/RCC_Driver/STM32F103C6_RCC_driver.o
 .debug_macro   0x0000000000000000       0x18 STM32F103C6_Drivers/RCC_Driver/STM32F103C6_RCC_driver.o
 .debug_macro   0x0000000000000000       0x22 STM32F103C6_Drivers/RCC_Driver/STM32F103C6_RCC_driver.o
 .debug_macro   0x0000000000000000       0x40 STM32F103C6_Drivers/RCC_Driver/STM32F103C6_RCC_driver.o
 .debug_macro   0x0000000000000000       0x94 STM32F103C6_Drivers/RCC_Driver/STM32F103C6_RCC_driver.o
 .debug_macro   0x0000000000000000       0x3c STM32F103C6_Drivers/RCC_Driver/STM32F103C6_RCC_driver.o
 .debug_macro   0x0000000000000000       0x34 STM32F103C6_Drivers/RCC_Driver/STM32F103C6_RCC_driver.o
 .debug_macro   0x0000000000000000       0x16 STM32F103C6_Drivers/RCC_Driver/STM32F103C6_RCC_driver.o
 .debug_macro   0x0000000000000000      0x10e STM32F103C6_Drivers/RCC_Driver/STM32F103C6_RCC_driver.o
 .debug_macro   0x0000000000000000       0x8d STM32F103C6_Drivers/RCC_Driver/STM32F103C6_RCC_driver.o
 .debug_macro   0x0000000000000000       0x57 STM32F103C6_Drivers/RCC_Driver/STM32F103C6_RCC_driver.o
 .debug_macro   0x0000000000000000       0x52 STM32F103C6_Drivers/RCC_Driver/STM32F103C6_RCC_driver.o
 .debug_macro   0x0000000000000000       0x1f STM32F103C6_Drivers/RCC_Driver/STM32F103C6_RCC_driver.o
 .debug_macro   0x0000000000000000       0x43 STM32F103C6_Drivers/RCC_Driver/STM32F103C6_RCC_driver.o
 .debug_macro   0x0000000000000000       0x20 STM32F103C6_Drivers/RCC_Driver/STM32F103C6_RCC_driver.o
 .debug_macro   0x0000000000000000      0x1a3 STM32F103C6_Drivers/RCC_Driver/STM32F103C6_RCC_driver.o
 .debug_macro   0x0000000000000000      0x330 STM32F103C6_Drivers/RCC_Driver/STM32F103C6_RCC_driver.o
 .debug_macro   0x0000000000000000       0x16 STM32F103C6_Drivers/RCC_Driver/STM32F103C6_RCC_driver.o
 .debug_macro   0x0000000000000000       0x29 STM32F103C6_Drivers/RCC_Driver/STM32F103C6_RCC_driver.o
 .debug_macro   0x0000000000000000       0xef STM32F103C6_Drivers/RCC_Driver/STM32F103C6_RCC_driver.o
 .debug_macro   0x0000000000000000       0x6a STM32F103C6_Drivers/RCC_Driver/STM32F103C6_RCC_driver.o
 .debug_macro   0x0000000000000000      0x1df STM32F103C6_Drivers/RCC_Driver/STM32F103C6_RCC_driver.o
 .debug_macro   0x0000000000000000      0x32a STM32F103C6_Drivers/RCC_Driver/STM32F103C6_RCC_driver.o
 .group         0x0000000000000000        0xc Src/main.o
 .group         0x0000000000000000        0xc Src/main.o
 .group         0x0000000000000000        0xc Src/main.o
 .group         0x0000000000000000        0xc Src/main.o
 .group         0x0000000000000000        0xc Src/main.o
 .group         0x0000000000000000        0xc Src/main.o
 .group         0x0000000000000000        0xc Src/main.o
 .group         0x0000000000000000        0xc Src/main.o
 .group         0x0000000000000000        0xc Src/main.o
 .group         0x0000000000000000        0xc Src/main.o
 .group         0x0000000000000000        0xc Src/main.o
 .group         0x0000000000000000        0xc Src/main.o
 .group         0x0000000000000000        0xc Src/main.o
 .group         0x0000000000000000        0xc Src/main.o
 .group         0x0000000000000000        0xc Src/main.o
 .group         0x0000000000000000        0xc Src/main.o
 .group         0x0000000000000000        0xc Src/main.o
 .group         0x0000000000000000        0xc Src/main.o
 .group         0x0000000000000000        0xc Src/main.o
 .group         0x0000000000000000        0xc Src/main.o
 .group         0x0000000000000000        0xc Src/main.o
 .group         0x0000000000000000        0xc Src/main.o
 .group         0x0000000000000000        0xc Src/main.o
 .group         0x0000000000000000        0xc Src/main.o
 .text          0x0000000000000000        0x0 Src/main.o
 .data          0x0000000000000000        0x0 Src/main.o
 .bss           0x0000000000000000        0x0 Src/main.o
 .debug_macro   0x0000000000000000      0xa60 Src/main.o
 .debug_macro   0x0000000000000000       0x18 Src/main.o
 .debug_macro   0x0000000000000000       0x22 Src/main.o
 .debug_macro   0x0000000000000000       0x40 Src/main.o
 .debug_macro   0x0000000000000000       0x94 Src/main.o
 .debug_macro   0x0000000000000000       0x3c Src/main.o
 .debug_macro   0x0000000000000000       0x34 Src/main.o
 .debug_macro   0x0000000000000000       0x16 Src/main.o
 .debug_macro   0x0000000000000000      0x10e Src/main.o
 .debug_macro   0x0000000000000000       0x8d Src/main.o
 .debug_macro   0x0000000000000000       0x57 Src/main.o
 .debug_macro   0x0000000000000000       0x52 Src/main.o
 .debug_macro   0x0000000000000000       0x1f Src/main.o
 .debug_macro   0x0000000000000000       0x43 Src/main.o
 .debug_macro   0x0000000000000000       0x20 Src/main.o
 .debug_macro   0x0000000000000000      0x1a3 Src/main.o
 .debug_macro   0x0000000000000000      0x330 Src/main.o
 .debug_macro   0x0000000000000000       0x16 Src/main.o
 .debug_macro   0x0000000000000000       0x29 Src/main.o
 .debug_macro   0x0000000000000000       0xef Src/main.o
 .debug_macro   0x0000000000000000       0x6a Src/main.o
 .debug_macro   0x0000000000000000      0x1df Src/main.o
 .debug_macro   0x0000000000000000      0x32a Src/main.o
 .group         0x0000000000000000        0xc Src/syscalls.o
 .group         0x0000000000000000        0xc Src/syscalls.o
 .group         0x0000000000000000        0xc Src/syscalls.o
 .group         0x0000000000000000        0xc Src/syscalls.o
 .group         0x0000000000000000        0xc Src/syscalls.o
 .group         0x0000000000000000        0xc Src/syscalls.o
 .group         0x0000000000000000        0xc Src/syscalls.o
 .group         0x0000000000000000        0xc Src/syscalls.o
 .group         0x0000000000000000        0xc Src/syscalls.o
 .group         0x0000000000000000        0xc Src/syscalls.o
 .group         0x0000000000000000        0xc Src/syscalls.o
 .group         0x0000000000000000        0xc Src/syscalls.o
 .group         0x0000000000000000        0xc Src/syscalls.o
 .group         0x0000000000000000        0xc Src/syscalls.o
 .group         0x0000000000000000        0xc Src/syscalls.o
 .group         0x0000000000000000        0xc Src/syscalls.o
 .group         0x0000000000000000        0xc Src/syscalls.o
 .group         0x0000000000000000        0xc Src/syscalls.o
 .group         0x0000000000000000        0xc Src/syscalls.o
 .group         0x0000000000000000        0xc Src/syscalls.o
 .group         0x0000000000000000        0xc Src/syscalls.o
 .group         0x0000000000000000        0xc Src/syscalls.o
 .group         0x0000000000000000        0xc Src/syscalls.o
 .group         0x0000000000000000        0xc Src/syscalls.o
 .group         0x0000000000000000        0xc Src/syscalls.o
 .group         0x0000000000000000        0xc Src/syscalls.o
 .group         0x0000000000000000        0xc Src/syscalls.o
 .group         0x0000000000000000        0xc Src/syscalls.o
 .group         0x0000000000000000        0xc Src/syscalls.o
 .group         0x0000000000000000        0xc Src/syscalls.o
 .group         0x0000000000000000        0xc Src/syscalls.o
 .group         0x0000000000000000        0xc Src/syscalls.o
 .group         0x0000000000000000        0xc Src/syscalls.o
 .group         0x0000000000000000        0xc Src/syscalls.o
 .group         0x0000000000000000        0xc Src/syscalls.o
 .group         0x0000000000000000        0xc Src/syscalls.o
 .group         0x0000000000000000        0xc Src/syscalls.o
 .group         0x0000000000000000        0xc Src/syscalls.o
 .group         0x0000000000000000        0xc Src/syscalls.o
 .group         0x0000000000000000        0xc Src/syscalls.o
 .group         0x0000000000000000        0xc Src/syscalls.o
 .group         0x0000000000000000        0xc Src/syscalls.o
 .group         0x0000000000000000        0xc Src/syscalls.o
 .group         0x0000000000000000        0xc Src/syscalls.o
 .text          0x0000000000000000        0x0 Src/syscalls.o
 .data          0x0000000000000000        0x0 Src/syscalls.o
 .bss           0x0000000000000000        0x0 Src/syscalls.o
 .bss.__env     0x0000000000000000        0x4 Src/syscalls.o
 .data.environ  0x0000000000000000        0x4 Src/syscalls.o
 .text.initialise_monitor_handles
                0x0000000000000000        0xc Src/syscalls.o
 .text._getpid  0x0000000000000000        0xe Src/syscalls.o
 .text._kill    0x0000000000000000       0x20 Src/syscalls.o
 .text._exit    0x0000000000000000       0x14 Src/syscalls.o
 .text._read    0x0000000000000000       0x3a Src/syscalls.o
 .text._write   0x0000000000000000       0x38 Src/syscalls.o
 .text._close   0x0000000000000000       0x16 Src/syscalls.o
 .text._fstat   0x0000000000000000       0x1e Src/syscalls.o
 .text._isatty  0x0000000000000000       0x14 Src/syscalls.o
 .text._lseek   0x0000000000000000       0x18 Src/syscalls.o
 .text._open    0x0000000000000000       0x1a Src/syscalls.o
 .text._wait    0x0000000000000000       0x1e Src/syscalls.o
 .text._unlink  0x0000000000000000       0x1e Src/syscalls.o
 .text._times   0x0000000000000000       0x16 Src/syscalls.o
 .text._stat    0x0000000000000000       0x1e Src/syscalls.o
 .text._link    0x0000000000000000       0x20 Src/syscalls.o
 .text._fork    0x0000000000000000       0x16 Src/syscalls.o
 .text._execve  0x0000000000000000       0x22 Src/syscalls.o
 .debug_info    0x0000000000000000     0x1038 Src/syscalls.o
 .debug_abbrev  0x0000000000000000      0x254 Src/syscalls.o
 .debug_loc     0x0000000000000000      0x5b8 Src/syscalls.o
 .debug_aranges
                0x0000000000000000       0xa8 Src/syscalls.o
 .debug_ranges  0x0000000000000000       0x98 Src/syscalls.o
 .debug_macro   0x0000000000000000      0x243 Src/syscalls.o
 .debug_macro   0x0000000000000000      0xa60 Src/syscalls.o
 .debug_macro   0x0000000000000000       0x22 Src/syscalls.o
 .debug_macro   0x0000000000000000       0x40 Src/syscalls.o
 .debug_macro   0x0000000000000000       0x18 Src/syscalls.o
 .debug_macro   0x0000000000000000       0x94 Src/syscalls.o
 .debug_macro   0x0000000000000000       0x3c Src/syscalls.o
 .debug_macro   0x0000000000000000       0x34 Src/syscalls.o
 .debug_macro   0x0000000000000000       0x57 Src/syscalls.o
 .debug_macro   0x0000000000000000      0x174 Src/syscalls.o
 .debug_macro   0x0000000000000000      0x330 Src/syscalls.o
 .debug_macro   0x0000000000000000       0x52 Src/syscalls.o
 .debug_macro   0x0000000000000000       0x1f Src/syscalls.o
 .debug_macro   0x0000000000000000       0x43 Src/syscalls.o
 .debug_macro   0x0000000000000000       0x20 Src/syscalls.o
 .debug_macro   0x0000000000000000      0x1a3 Src/syscalls.o
 .debug_macro   0x0000000000000000       0x10 Src/syscalls.o
 .debug_macro   0x0000000000000000       0x35 Src/syscalls.o
 .debug_macro   0x0000000000000000       0x10 Src/syscalls.o
 .debug_macro   0x0000000000000000       0x10 Src/syscalls.o
 .debug_macro   0x0000000000000000       0x10 Src/syscalls.o
 .debug_macro   0x0000000000000000       0x6a Src/syscalls.o
 .debug_macro   0x0000000000000000       0x1c Src/syscalls.o
 .debug_macro   0x0000000000000000       0x52 Src/syscalls.o
 .debug_macro   0x0000000000000000       0x40 Src/syscalls.o
 .debug_macro   0x0000000000000000       0x10 Src/syscalls.o
 .debug_macro   0x0000000000000000       0x40 Src/syscalls.o
 .debug_macro   0x0000000000000000       0xd7 Src/syscalls.o
 .debug_macro   0x0000000000000000       0x1c Src/syscalls.o
 .debug_macro   0x0000000000000000       0x3d Src/syscalls.o
 .debug_macro   0x0000000000000000       0x35 Src/syscalls.o
 .debug_macro   0x0000000000000000      0x122 Src/syscalls.o
 .debug_macro   0x0000000000000000       0x16 Src/syscalls.o
 .debug_macro   0x0000000000000000       0x16 Src/syscalls.o
 .debug_macro   0x0000000000000000       0x29 Src/syscalls.o
 .debug_macro   0x0000000000000000       0x10 Src/syscalls.o
 .debug_macro   0x0000000000000000      0x241 Src/syscalls.o
 .debug_macro   0x0000000000000000       0x1c Src/syscalls.o
 .debug_macro   0x0000000000000000       0x10 Src/syscalls.o
 .debug_macro   0x0000000000000000       0x10 Src/syscalls.o
 .debug_macro   0x0000000000000000       0x16 Src/syscalls.o
 .debug_macro   0x0000000000000000      0x145 Src/syscalls.o
 .debug_macro   0x0000000000000000      0x189 Src/syscalls.o
 .debug_macro   0x0000000000000000       0x16 Src/syscalls.o
 .debug_macro   0x0000000000000000       0x88 Src/syscalls.o
 .debug_line    0x0000000000000000      0x739 Src/syscalls.o
 .debug_str     0x0000000000000000     0x8884 Src/syscalls.o
 .comment       0x0000000000000000       0x7c Src/syscalls.o
 .debug_frame   0x0000000000000000      0x2ac Src/syscalls.o
 .ARM.attributes
                0x0000000000000000       0x33 Src/syscalls.o
 .group         0x0000000000000000        0xc Src/sysmem.o
 .group         0x0000000000000000        0xc Src/sysmem.o
 .group         0x0000000000000000        0xc Src/sysmem.o
 .group         0x0000000000000000        0xc Src/sysmem.o
 .group         0x0000000000000000        0xc Src/sysmem.o
 .group         0x0000000000000000        0xc Src/sysmem.o
 .group         0x0000000000000000        0xc Src/sysmem.o
 .group         0x0000000000000000        0xc Src/sysmem.o
 .group         0x0000000000000000        0xc Src/sysmem.o
 .group         0x0000000000000000        0xc Src/sysmem.o
 .group         0x0000000000000000        0xc Src/sysmem.o
 .group         0x0000000000000000        0xc Src/sysmem.o
 .group         0x0000000000000000        0xc Src/sysmem.o
 .group         0x0000000000000000        0xc Src/sysmem.o
 .group         0x0000000000000000        0xc Src/sysmem.o
 .group         0x0000000000000000        0xc Src/sysmem.o
 .group         0x0000000000000000        0xc Src/sysmem.o
 .group         0x0000000000000000        0xc Src/sysmem.o
 .group         0x0000000000000000        0xc Src/sysmem.o
 .text          0x0000000000000000        0x0 Src/sysmem.o
 .data          0x0000000000000000        0x0 Src/sysmem.o
 .bss           0x0000000000000000        0x0 Src/sysmem.o
 .bss.__sbrk_heap_end
                0x0000000000000000        0x4 Src/sysmem.o
 .text._sbrk    0x0000000000000000       0x6c Src/sysmem.o
 .debug_info    0x0000000000000000      0xa7c Src/sysmem.o
 .debug_abbrev  0x0000000000000000      0x18e Src/sysmem.o
 .debug_loc     0x0000000000000000       0x50 Src/sysmem.o
 .debug_aranges
                0x0000000000000000       0x20 Src/sysmem.o
 .debug_ranges  0x0000000000000000       0x10 Src/sysmem.o
 .debug_macro   0x0000000000000000       0xee Src/sysmem.o
 .debug_macro   0x0000000000000000      0xa60 Src/sysmem.o
 .debug_macro   0x0000000000000000       0x10 Src/sysmem.o
 .debug_macro   0x0000000000000000       0x22 Src/sysmem.o
 .debug_macro   0x0000000000000000       0x40 Src/sysmem.o
 .debug_macro   0x0000000000000000       0x18 Src/sysmem.o
 .debug_macro   0x0000000000000000       0x94 Src/sysmem.o
 .debug_macro   0x0000000000000000       0x3c Src/sysmem.o
 .debug_macro   0x0000000000000000       0x34 Src/sysmem.o
 .debug_macro   0x0000000000000000      0x174 Src/sysmem.o
 .debug_macro   0x0000000000000000       0x57 Src/sysmem.o
 .debug_macro   0x0000000000000000       0x52 Src/sysmem.o
 .debug_macro   0x0000000000000000       0x1f Src/sysmem.o
 .debug_macro   0x0000000000000000       0x43 Src/sysmem.o
 .debug_macro   0x0000000000000000       0x20 Src/sysmem.o
 .debug_macro   0x0000000000000000      0x1a3 Src/sysmem.o
 .debug_macro   0x0000000000000000      0x23b Src/sysmem.o
 .debug_macro   0x0000000000000000       0xef Src/sysmem.o
 .debug_macro   0x0000000000000000       0x6a Src/sysmem.o
 .debug_macro   0x0000000000000000      0x1df Src/sysmem.o
 .debug_line    0x0000000000000000      0x4c2 Src/sysmem.o
 .debug_str     0x0000000000000000     0x5f52 Src/sysmem.o
 .comment       0x0000000000000000       0x7c Src/sysmem.o
 .debug_frame   0x0000000000000000       0x34 Src/sysmem.o
 .ARM.attributes
                0x0000000000000000       0x33 Src/sysmem.o
 .text          0x0000000000000000       0x14 Startup/startup_stm32f103c6tx.o
 .data          0x0000000000000000        0x0 Startup/startup_stm32f103c6tx.o
 .bss           0x0000000000000000        0x0 Startup/startup_stm32f103c6tx.o
 .text          0x0000000000000000        0x0 c:/st/stm32cubeide_1.4.0/stm32cubeide/plugins/com.st.stm32cube.ide.mcu.externaltools.gnu-tools-for-stm32.7-2018-q2-update.win32_1.4.0.202007081208/tools/bin/../lib/gcc/arm-none-eabi/7.3.1/../../../../arm-none-eabi/lib/thumb/v7-m\libc_nano.a(lib_a-errno.o)
 .data          0x0000000000000000        0x0 c:/st/stm32cubeide_1.4.0/stm32cubeide/plugins/com.st.stm32cube.ide.mcu.externaltools.gnu-tools-for-stm32.7-2018-q2-update.win32_1.4.0.202007081208/tools/bin/../lib/gcc/arm-none-eabi/7.3.1/../../../../arm-none-eabi/lib/thumb/v7-m\libc_nano.a(lib_a-errno.o)
 .bss           0x0000000000000000        0x0 c:/st/stm32cubeide_1.4.0/stm32cubeide/plugins/com.st.stm32cube.ide.mcu.externaltools.gnu-tools-for-stm32.7-2018-q2-update.win32_1.4.0.202007081208/tools/bin/../lib/gcc/arm-none-eabi/7.3.1/../../../../arm-none-eabi/lib/thumb/v7-m\libc_nano.a(lib_a-errno.o)
 .text.__errno  0x0000000000000000        0xc c:/st/stm32cubeide_1.4.0/stm32cubeide/plugins/com.st.stm32cube.ide.mcu.externaltools.gnu-tools-for-stm32.7-2018-q2-update.win32_1.4.0.202007081208/tools/bin/../lib/gcc/arm-none-eabi/7.3.1/../../../../arm-none-eabi/lib/thumb/v7-m\libc_nano.a(lib_a-errno.o)
 .debug_frame   0x0000000000000000       0x20 c:/st/stm32cubeide_1.4.0/stm32cubeide/plugins/com.st.stm32cube.ide.mcu.externaltools.gnu-tools-for-stm32.7-2018-q2-update.win32_1.4.0.202007081208/tools/bin/../lib/gcc/arm-none-eabi/7.3.1/../../../../arm-none-eabi/lib/thumb/v7-m\libc_nano.a(lib_a-errno.o)
 .ARM.attributes
                0x0000000000000000       0x2d c:/st/stm32cubeide_1.4.0/stm32cubeide/plugins/com.st.stm32cube.ide.mcu.externaltools.gnu-tools-for-stm32.7-2018-q2-update.win32_1.4.0.202007081208/tools/bin/../lib/gcc/arm-none-eabi/7.3.1/../../../../arm-none-eabi/lib/thumb/v7-m\libc_nano.a(lib_a-errno.o)
 .text          0x0000000000000000        0x0 c:/st/stm32cubeide_1.4.0/stm32cubeide/plugins/com.st.stm32cube.ide.mcu.externaltools.gnu-tools-for-stm32.7-2018-q2-update.win32_1.4.0.202007081208/tools/bin/../lib/gcc/arm-none-eabi/7.3.1/../../../../arm-none-eabi/lib/thumb/v7-m\libc_nano.a(lib_a-exit.o)
 .data          0x0000000000000000        0x0 c:/st/stm32cubeide_1.4.0/stm32cubeide/plugins/com.st.stm32cube.ide.mcu.externaltools.gnu-tools-for-stm32.7-2018-q2-update.win32_1.4.0.202007081208/tools/bin/../lib/gcc/arm-none-eabi/7.3.1/../../../../arm-none-eabi/lib/thumb/v7-m\libc_nano.a(lib_a-exit.o)
 .bss           0x0000000000000000        0x0 c:/st/stm32cubeide_1.4.0/stm32cubeide/plugins/com.st.stm32cube.ide.mcu.externaltools.gnu-tools-for-stm32.7-2018-q2-update.win32_1.4.0.202007081208/tools/bin/../lib/gcc/arm-none-eabi/7.3.1/../../../../arm-none-eabi/lib/thumb/v7-m\libc_nano.a(lib_a-exit.o)
 .text.exit     0x0000000000000000       0x28 c:/st/stm32cubeide_1.4.0/stm32cubeide/plugins/com.st.stm32cube.ide.mcu.externaltools.gnu-tools-for-stm32.7-2018-q2-update.win32_1.4.0.202007081208/tools/bin/../lib/gcc/arm-none-eabi/7.3.1/../../../../arm-none-eabi/lib/thumb/v7-m\libc_nano.a(lib_a-exit.o)
 .debug_frame   0x0000000000000000       0x28 c:/st/stm32cubeide_1.4.0/stm32cubeide/plugins/com.st.stm32cube.ide.mcu.externaltools.gnu-tools-for-stm32.7-2018-q2-update.win32_1.4.0.202007081208/tools/bin/../lib/gcc/arm-none-eabi/7.3.1/../../../../arm-none-eabi/lib/thumb/v7-m\libc_nano.a(lib_a-exit.o)
 .ARM.attributes
                0x0000000000000000       0x2d c:/st/stm32cubeide_1.4.0/stm32cubeide/plugins/com.st.stm32cube.ide.mcu.externaltools.gnu-tools-for-stm32.7-2018-q2-update.win32_1.4.0.202007081208/tools/bin/../lib/gcc/arm-none-eabi/7.3.1/../../../../arm-none-eabi/lib/thumb/v7-m\libc_nano.a(lib_a-exit.o)
 .text          0x0000000000000000        0x0 c:/st/stm32cubeide_1.4.0/stm32cubeide/plugins/com.st.stm32cube.ide.mcu.externaltools.gnu-tools-for-stm32.7-2018-q2-update.win32_1.4.0.202007081208/tools/bin/../lib/gcc/arm-none-eabi/7.3.1/../../../../arm-none-eabi/lib/thumb/v7-m\libc_nano.a(lib_a-impure.o)
 .data          0x0000000000000000        0x0 c:/st/stm32cubeide_1.4.0/stm32cubeide/plugins/com.st.stm32cube.ide.mcu.externaltools.gnu-tools-for-stm32.7-2018-q2-update.win32_1.4.0.202007081208/tools/bin/../lib/gcc/arm-none-eabi/7.3.1/../../../../arm-none-eabi/lib/thumb/v7-m\libc_nano.a(lib_a-impure.o)
 .bss           0x0000000000000000        0x0 c:/st/stm32cubeide_1.4.0/stm32cubeide/plugins/com.st.stm32cube.ide.mcu.externaltools.gnu-tools-for-stm32.7-2018-q2-update.win32_1.4.0.202007081208/tools/bin/../lib/gcc/arm-none-eabi/7.3.1/../../../../arm-none-eabi/lib/thumb/v7-m\libc_nano.a(lib_a-impure.o)
 .data._impure_ptr
                0x0000000000000000        0x4 c:/st/stm32cubeide_1.4.0/stm32cubeide/plugins/com.st.stm32cube.ide.mcu.externaltools.gnu-tools-for-stm32.7-2018-q2-update.win32_1.4.0.202007081208/tools/bin/../lib/gcc/arm-none-eabi/7.3.1/../../../../arm-none-eabi/lib/thumb/v7-m\libc_nano.a(lib_a-impure.o)
 .data.impure_data
                0x0000000000000000       0x60 c:/st/stm32cubeide_1.4.0/stm32cubeide/plugins/com.st.stm32cube.ide.mcu.externaltools.gnu-tools-for-stm32.7-2018-q2-update.win32_1.4.0.202007081208/tools/bin/../lib/gcc/arm-none-eabi/7.3.1/../../../../arm-none-eabi/lib/thumb/v7-m\libc_nano.a(lib_a-impure.o)
 .rodata._global_impure_ptr
                0x0000000000000000        0x4 c:/st/stm32cubeide_1.4.0/stm32cubeide/plugins/com.st.stm32cube.ide.mcu.externaltools.gnu-tools-for-stm32.7-2018-q2-update.win32_1.4.0.202007081208/tools/bin/../lib/gcc/arm-none-eabi/7.3.1/../../../../arm-none-eabi/lib/thumb/v7-m\libc_nano.a(lib_a-impure.o)
 .ARM.attributes
                0x0000000000000000       0x2d c:/st/stm32cubeide_1.4.0/stm32cubeide/plugins/com.st.stm32cube.ide.mcu.externaltools.gnu-tools-for-stm32.7-2018-q2-update.win32_1.4.0.202007081208/tools/bin/../lib/gcc/arm-none-eabi/7.3.1/../../../../arm-none-eabi/lib/thumb/v7-m\libc_nano.a(lib_a-impure.o)
 .text          0x0000000000000000        0x0 c:/st/stm32cubeide_1.4.0/stm32cubeide/plugins/com.st.stm32cube.ide.mcu.externaltools.gnu-tools-for-stm32.7-2018-q2-update.win32_1.4.0.202007081208/tools/bin/../lib/gcc/arm-none-eabi/7.3.1/../../../../arm-none-eabi/lib/thumb/v7-m\libc_nano.a(lib_a-init.o)
 .data          0x0000000000000000        0x0 c:/st/stm32cubeide_1.4.0/stm32cubeide/plugins/com.st.stm32cube.ide.mcu.externaltools.gnu-tools-for-stm32.7-2018-q2-update.win32_1.4.0.202007081208/tools/bin/../lib/gcc/arm-none-eabi/7.3.1/../../../../arm-none-eabi/lib/thumb/v7-m\libc_nano.a(lib_a-init.o)
 .bss           0x0000000000000000        0x0 c:/st/stm32cubeide_1.4.0/stm32cubeide/plugins/com.st.stm32cube.ide.mcu.externaltools.gnu-tools-for-stm32.7-2018-q2-update.win32_1.4.0.202007081208/tools/bin/../lib/gcc/arm-none-eabi/7.3.1/../../../../arm-none-eabi/lib/thumb/v7-m\libc_nano.a(lib_a-init.o)
 .text          0x0000000000000000        0x0 c:/st/stm32cubeide_1.4.0/stm32cubeide/plugins/com.st.stm32cube.ide.mcu.externaltools.gnu-tools-for-stm32.7-2018-q2-update.win32_1.4.0.202007081208/tools/bin/../lib/gcc/arm-none-eabi/7.3.1/../../../../arm-none-eabi/lib/thumb/v7-m\libc_nano.a(lib_a-memset.o)
 .data          0x0000000000000000        0x0 c:/st/stm32cubeide_1.4.0/stm32cubeide/plugins/com.st.stm32cube.ide.mcu.externaltools.gnu-tools-for-stm32.7-2018-q2-update.win32_1.4.0.202007081208/tools/bin/../lib/gcc/arm-none-eabi/7.3.1/../../../../arm-none-eabi/lib/thumb/v7-m\libc_nano.a(lib_a-memset.o)
 .bss           0x0000000000000000        0x0 c:/st/stm32cubeide_1.4.0/stm32cubeide/plugins/com.st.stm32cube.ide.mcu.externaltools.gnu-tools-for-stm32.7-2018-q2-update.win32_1.4.0.202007081208/tools/bin/../lib/gcc/arm-none-eabi/7.3.1/../../../../arm-none-eabi/lib/thumb/v7-m\libc_nano.a(lib_a-memset.o)
 .text.memset   0x0000000000000000       0x10 c:/st/stm32cubeide_1.4.0/stm32cubeide/plugins/com.st.stm32cube.ide.mcu.externaltools.gnu-tools-for-stm32.7-2018-q2-update.win32_1.4.0.202007081208/tools/bin/../lib/gcc/arm-none-eabi/7.3.1/../../../../arm-none-eabi/lib/thumb/v7-m\libc_nano.a(lib_a-memset.o)
 .debug_frame   0x0000000000000000       0x20 c:/st/stm32cubeide_1.4.0/stm32cubeide/plugins/com.st.stm32cube.ide.mcu.externaltools.gnu-tools-for-stm32.7-2018-q2-update.win32_1.4.0.202007081208/tools/bin/../lib/gcc/arm-none-eabi/7.3.1/../../../../arm-none-eabi/lib/thumb/v7-m\libc_nano.a(lib_a-memset.o)
 .ARM.attributes
                0x0000000000000000       0x2d c:/st/stm32cubeide_1.4.0/stm32cubeide/plugins/com.st.stm32cube.ide.mcu.externaltools.gnu-tools-for-stm32.7-2018-q2-update.win32_1.4.0.202007081208/tools/bin/../lib/gcc/arm-none-eabi/7.3.1/../../../../arm-none-eabi/lib/thumb/v7-m\libc_nano.a(lib_a-memset.o)
 .text          0x0000000000000000        0x0 c:/st/stm32cubeide_1.4.0/stm32cubeide/plugins/com.st.stm32cube.ide.mcu.externaltools.gnu-tools-for-stm32.7-2018-q2-update.win32_1.4.0.202007081208/tools/bin/../lib/gcc/arm-none-eabi/7.3.1/thumb/v7-m/crtend.o
 .data          0x0000000000000000        0x0 c:/st/stm32cubeide_1.4.0/stm32cubeide/plugins/com.st.stm32cube.ide.mcu.externaltools.gnu-tools-for-stm32.7-2018-q2-update.win32_1.4.0.202007081208/tools/bin/../lib/gcc/arm-none-eabi/7.3.1/thumb/v7-m/crtend.o
 .bss           0x0000000000000000        0x0 c:/st/stm32cubeide_1.4.0/stm32cubeide/plugins/com.st.stm32cube.ide.mcu.externaltools.gnu-tools-for-stm32.7-2018-q2-update.win32_1.4.0.202007081208/tools/bin/../lib/gcc/arm-none-eabi/7.3.1/thumb/v7-m/crtend.o
 .eh_frame      0x0000000000000000        0x4 c:/st/stm32cubeide_1.4.0/stm32cubeide/plugins/com.st.stm32cube.ide.mcu.externaltools.gnu-tools-for-stm32.7-2018-q2-update.win32_1.4.0.202007081208/tools/bin/../lib/gcc/arm-none-eabi/7.3.1/thumb/v7-m/crtend.o
 .ARM.attributes
                0x0000000000000000       0x2d c:/st/stm32cubeide_1.4.0/stm32cubeide/plugins/com.st.stm32cube.ide.mcu.externaltools.gnu-tools-for-stm32.7-2018-q2-update.win32_1.4.0.202007081208/tools/bin/../lib/gcc/arm-none-eabi/7.3.1/thumb/v7-m/crtend.o
 .text          0x0000000000000000        0x0 c:/st/stm32cubeide_1.4.0/stm32cubeide/plugins/com.st.stm32cube.ide.mcu.externaltools.gnu-tools-for-stm32.7-2018-q2-update.win32_1.4.0.202007081208/tools/bin/../lib/gcc/arm-none-eabi/7.3.1/thumb/v7-m/crtn.o
 .data          0x0000000000000000        0x0 c:/st/stm32cubeide_1.4.0/stm32cubeide/plugins/com.st.stm32cube.ide.mcu.externaltools.gnu-tools-for-stm32.7-2018-q2-update.win32_1.4.0.202007081208/tools/bin/../lib/gcc/arm-none-eabi/7.3.1/thumb/v7-m/crtn.o
 .bss           0x0000000000000000        0x0 c:/st/stm32cubeide_1.4.0/stm32cubeide/plugins/com.st.stm32cube.ide.mcu.externaltools.gnu-tools-for-stm32.7-2018-q2-update.win32_1.4.0.202007081208/tools/bin/../lib/gcc/arm-none-eabi/7.3.1/thumb/v7-m/crtn.o

Memory Configuration

Name             Origin             Length             Attributes
RAM              0x0000000020000000 0x0000000000002800 xrw
ROM              0x0000000008000000 0x0000000000008000 xr
*default*        0x0000000000000000 0xffffffffffffffff

Linker script and memory map

LOAD c:/st/stm32cubeide_1.4.0/stm32cubeide/plugins/com.st.stm32cube.ide.mcu.externaltools.gnu-tools-for-stm32.7-2018-q2-update.win32_1.4.0.202007081208/tools/bin/../lib/gcc/arm-none-eabi/7.3.1/thumb/v7-m/crti.o
LOAD c:/st/stm32cubeide_1.4.0/stm32cubeide/plugins/com.st.stm32cube.ide.mcu.externaltools.gnu-tools-for-stm32.7-2018-q2-update.win32_1.4.0.202007081208/tools/bin/../lib/gcc/arm-none-eabi/7.3.1/thumb/v7-m/crtbegin.o
LOAD c:/st/stm32cubeide_1.4.0/stm32cubeide/plugins/com.st.stm32cube.ide.mcu.externaltools.gnu-tools-for-stm32.7-2018-q2-update.win32_1.4.0.202007081208/tools/bin/../lib/gcc/arm-none-eabi/7.3.1/../../../../arm-none-eabi/lib/thumb/v7-m/crt0.o
LOAD HAL/EEPROM/I2C_Slave_EEPROM.o
LOAD STM32F103C6_Drivers/GPIO_Driver/STM32F103C6_GPIO_driver.o
LOAD STM32F103C6_Drivers/I2C_Driver/STM32F103C6_I2C_driver.o
LOAD STM32F103C6_Drivers/RCC_Driver/STM32F103C6_RCC_driver.o
LOAD Src/main.o
LOAD Src/syscalls.o
LOAD Src/sysmem.o
LOAD Startup/startup_stm32f103c6tx.o
START GROUP
LOAD c:/st/stm32cubeide_1.4.0/stm32cubeide/plugins/com.st.stm32cube.ide.mcu.externaltools.gnu-tools-for-stm32.7-2018-q2-update.win32_1.4.0.202007081208/tools/bin/../lib/gcc/arm-none-eabi/7.3.1/../../../../arm-none-eabi/lib/thumb/v7-m\libc_nano.a
LOAD c:/st/stm32cubeide_1.4.0/stm32cubeide/plugins/com.st.stm32cube.ide.mcu.externaltools.gnu-tools-for-stm32.7-2018-q2-update.win32_1.4.0.202007081208/tools/bin/../lib/gcc/arm-none-eabi/7.3.1/../../../../arm-none-eabi/lib/thumb/v7-m\libm.a
END GROUP
START GROUP
LOAD c:/st/stm32cubeide_1.4.0/stm32cubeide/plugins/com.st.stm32cube.ide.mcu.externaltools.gnu-tools-for-stm32.7-2018-q2-update.win32_1.4.0.202007081208/tools/bin/../lib/gcc/arm-none-eabi/7.3.1/thumb/v7-m\libgcc.a
LOAD c:/st/stm32cubeide_1.4.0/stm32cubeide/plugins/com.st.stm32cube.ide.mcu.externaltools.gnu-tools-for-stm32.7-2018-q2-update.win32_1.4.0.202007081208/tools/bin/../lib/gcc/arm-none-eabi/7.3.1/../../../../arm-none-eabi/lib/thumb/v7-m\libg_nano.a
LOAD c:/st/stm32cubeide_1.4.0/stm32cubeide/plugins/com.st.stm32cube.ide.mcu.externaltools.gnu-tools-for-stm32.7-2018-q2-update.win32_1.4.0.202007081208/tools/bin/../lib/gcc/arm-none-eabi/7.3.1/../../../../arm-none-eabi/lib/thumb/v7-m\libc_nano.a
END GROUP
START GROUP
LOAD c:/st/stm32cubeide_1.4.0/stm32cubeide/plugins/com.st.stm32cube.ide.mcu.externaltools.gnu-tools-for-stm32.7-2018-q2-update.win32_1.4.0.202007081208/tools/bin/../lib/gcc/arm-none-eabi/7.3.1/thumb/v7-m\libgcc.a
LOAD c:/st/stm32cubeide_1.4.0/stm32cubeide/plugins/com.st.stm32cube.ide.mcu.externaltools.gnu-tools-for-stm32.7-2018-q2-update.win32_1.4.0.202007081208/tools/bin/../lib/gcc/arm-none-eabi/7.3.1/../../../../arm-none-eabi/lib/thumb/v7-m\libc_nano.a
LOAD c:/st/stm32cubeide_1.4.0/stm32cubeide/plugins/com.st.stm32cube.ide.mcu.externaltools.gnu-tools-for-stm32.7-2018-q2-update.win32_1.4.0.202007081208/tools/bin/../lib/gcc/arm-none-eabi/7.3.1/../../../../arm-none-eabi/lib/thumb/v7-m\libnosys.a
END GROUP
START GROUP
LOAD c:/st/stm32cubeide_1.4.0/stm32cubeide/plugins/com.st.stm32cube.ide.mcu.externaltools.gnu-tools-for-stm32.7-2018-q2-update.win32_1.4.0.202007081208/tools/bin/../lib/gcc/arm-none-eabi/7.3.1/thumb/v7-m\libgcc.a
LOAD c:/st/stm32cubeide_1.4.0/stm32cubeide/plugins/com.st.stm32cube.ide.mcu.externaltools.gnu-tools-for-stm32.7-2018-q2-update.win32_1.4.0.202007081208/tools/bin/../lib/gcc/arm-none-eabi/7.3.1/../../../../arm-none-eabi/lib/thumb/v7-m\libc_nano.a
LOAD c:/st/stm32cubeide_1.4.0/stm32cubeide/plugins/com.st.stm32cube.ide.mcu.externaltools.gnu-tools-for-stm32.7-2018-q2-update.win32_1.4.0.202007081208/tools/bin/../lib/gcc/arm-none-eabi/7.3.1/../../../../arm-none-eabi/lib/thumb/v7-m\libnosys.a
END GROUP
LOAD c:/st/stm32cubeide_1.4.0/stm32cubeide/plugins/com.st.stm32cube.ide.mcu.externaltools.gnu-tools-for-stm32.7-2018-q2-update.win32_1.4.0.202007081208/tools/bin/../lib/gcc/arm-none-eabi/7.3.1/thumb/v7-m/crtend.o
LOAD c:/st/stm32cubeide_1.4.0/stm32cubeide/plugins/com.st.stm32cube.ide.mcu.externaltools.gnu-tools-for-stm32.7-2018-q2-update.win32_1.4.0.202007081208/tools/bin/../lib/gcc/arm-none-eabi/7.3.1/thumb/v7-m/crtn.o
                0x0000000020002800                _estack = (ORIGIN (RAM) + LENGTH (RAM))
                0x0000000000000200                _Min_Heap_Size = 0x200
                0x0000000000000400                _Min_Stack_Size = 0x400

.isr_vector     0x0000000008000000      0x130
                0x0000000008000000                . = ALIGN (0x4)
 *(.isr_vector)
 .isr_vector    0x0000000008000000      0x130 Startup/startup_stm32f103c6tx.o
                0x0000000008000000                g_pfnVectors
                0x0000000008000130                . = ALIGN (0x4)

.text           0x0000000008000130      0xcb8
                0x0000000008000130                . = ALIGN (0x4)
 *(.text)
 .text          0x0000000008000130       0x40 c:/st/stm32cubeide_1.4.0/stm32cubeide/plugins/com.st.stm32cube.ide.mcu.externaltools.gnu-tools-for-stm32.7-2018-q2-update.win32_1.4.0.202007081208/tools/bin/../lib/gcc/arm-none-eabi/7.3.1/thumb/v7-m/crtbegin.o
 *(.text*)
 .text.EEPROM_Init
                0x0000000008000170       0x40 HAL/EEPROM/I2C_Slave_EEPROM.o
                0x0000000008000170                EEPROM_Init
 .text.EEPROM_Write_NBytes
                0x00000000080001b0       0xa0 HAL/EEPROM/I2C_Slave_EEPROM.o
                0x00000000080001b0                EEPROM_Write_NBytes
 .text.EEPROM_Read_NBytes
                0x0000000008000250       0x58 HAL/EEPROM/I2C_Slave_EEPROM.o
                0x0000000008000250                EEPROM_Read_NBytes
 .text.Get_CRLH_Position
                0x00000000080002a8       0xb6 STM32F103C6_Drivers/GPIO_Driver/STM32F103C6_GPIO_driver.o
                0x00000000080002a8                Get_CRLH_Position
 .text.MCAL_GPIO_Init
                0x000000000800035e       0xfe STM32F103C6_Drivers/GPIO_Driver/STM32F103C6_GPIO_driver.o
                0x000000000800035e                MCAL_GPIO_Init
 .text.MCAL_I2C_Init
                0x000000000800045c      0x220 STM32F103C6_Drivers/I2C_Driver/STM32F103C6_I2C_driver.o
                0x000000000800045c                MCAL_I2C_Init
 .text.MCAL_I2C_GPIO_Set_Pins
                0x000000000800067c       0x94 STM32F103C6_Drivers/I2C_Driver/STM32F103C6_I2C_driver.o
                0x000000000800067c                MCAL_I2C_GPIO_Set_Pins
 .text.MCAL_I2CMaster_Transmite
                0x0000000008000710       0xc8 STM32F103C6_Drivers/I2C_Driver/STM32F103C6_I2C_driver.o
                0x0000000008000710                MCAL_I2CMaster_Transmite
 .text.MCAL_I2CMaster_Receive
                0x00000000080007d8       0xf4 STM32F103C6_Drivers/I2C_Driver/STM32F103C6_I2C_driver.o
                0x00000000080007d8                MCAL_I2CMaster_Receive
 .text.I2C_GenerateStart
                0x00000000080008cc       0x4e STM32F103C6_Drivers/I2C_Driver/STM32F103C6_I2C_driver.o
 *fill*         0x000000000800091a        0x2 
 .text.I2C_GetFlagStatus
                0x000000000800091c       0xec STM32F103C6_Drivers/I2C_Driver/STM32F103C6_I2C_driver.o
 .text.I2C_SendAddress
                0x0000000008000a08       0x6c STM32F103C6_Drivers/I2C_Driver/STM32F103C6_I2C_driver.o
 .text.I2C_GenerateStop
                0x0000000008000a74       0x36 STM32F103C6_Drivers/I2C_Driver/STM32F103C6_I2C_driver.o
 .text.I2C_AcknowledgeConfig
                0x0000000008000aaa       0x36 STM32F103C6_Drivers/I2C_Driver/STM32F103C6_I2C_driver.o
 .text.I2C1_EV_IRQHandler
                0x0000000008000ae0      0x104 STM32F103C6_Drivers/I2C_Driver/STM32F103C6_I2C_driver.o
                0x0000000008000ae0                I2C1_EV_IRQHandler
 .text.I2C1_ER_IRQHandler
                0x0000000008000be4        0xc STM32F103C6_Drivers/I2C_Driver/STM32F103C6_I2C_driver.o
                0x0000000008000be4                I2C1_ER_IRQHandler
 .text.I2C2_EV_IRQHandler
                0x0000000008000bf0        0xc STM32F103C6_Drivers/I2C_Driver/STM32F103C6_I2C_driver.o
                0x0000000008000bf0                I2C2_EV_IRQHandler
 .text.I2C2_ER_IRQHandler
                0x0000000008000bfc        0xc STM32F103C6_Drivers/I2C_Driver/STM32F103C6_I2C_driver.o
                0x0000000008000bfc                I2C2_ER_IRQHandler
 .text.MCAL_RCC_Getsys_CLKFreq
                0x0000000008000c08       0x38 STM32F103C6_Drivers/RCC_Driver/STM32F103C6_RCC_driver.o
                0x0000000008000c08                MCAL_RCC_Getsys_CLKFreq
 .text.MCAL_RCC_GetHCLKFreq
                0x0000000008000c40       0x28 STM32F103C6_Drivers/RCC_Driver/STM32F103C6_RCC_driver.o
                0x0000000008000c40                MCAL_RCC_GetHCLKFreq
 .text.MCAL_RCC_GetPCLK1Freq
                0x0000000008000c68       0x28 STM32F103C6_Drivers/RCC_Driver/STM32F103C6_RCC_driver.o
                0x0000000008000c68                MCAL_RCC_GetPCLK1Freq
 .text.Clock_Init
                0x0000000008000c90       0x28 Src/main.o
                0x0000000008000c90                Clock_Init
 .text.main     0x0000000008000cb8       0x7c Src/main.o
                0x0000000008000cb8                main
 .text.Reset_Handler
                0x0000000008000d34       0x50 Startup/startup_stm32f103c6tx.o
                0x0000000008000d34                Reset_Handler
 .text.Default_Handler
                0x0000000008000d84        0x2 Startup/startup_stm32f103c6tx.o
                0x0000000008000d84                EXTI2_IRQHandler
                0x0000000008000d84                TIM8_TRG_COM_IRQHandler
                0x0000000008000d84                TIM8_CC_IRQHandler
                0x0000000008000d84                DebugMon_Handler
                0x0000000008000d84                TIM1_CC_IRQHandler
                0x0000000008000d84                HardFault_Handler
                0x0000000008000d84                TIM6_IRQHandler
                0x0000000008000d84                SysTick_Handler
                0x0000000008000d84                PVD_IRQHandler
                0x0000000008000d84                SDIO_IRQHandler
                0x0000000008000d84                PendSV_Handler
                0x0000000008000d84                NMI_Handler
                0x0000000008000d84                EXTI3_IRQHandler
                0x0000000008000d84                USB_HP_CAN_TX_IRQHandler
                0x0000000008000d84                EXTI0_IRQHandler
                0x0000000008000d84                UsageFault_Handler
                0x0000000008000d84                ADC1_2_IRQHandler
                0x0000000008000d84                SPI1_IRQHandler
                0x0000000008000d84                CAN_SCE_IRQHandler
                0x0000000008000d84                TAMPER_IRQHandler
                0x0000000008000d84                TIM8_UP_IRQHandler
                0x0000000008000d84                DMA2_Channel2_IRQHandler
                0x0000000008000d84                DMA1_Channel4_IRQHandler
                0x0000000008000d84                USART3_IRQHandler
                0x0000000008000d84                RTC_IRQHandler
                0x0000000008000d84                DMA1_Channel7_IRQHandler
                0x0000000008000d84                UART5_IRQHandler
                0x0000000008000d84                ADC3_IRQHandler
                0x0000000008000d84                TIM4_IRQHandler
                0x0000000008000d84                CAN_RX1_IRQHandler
                0x0000000008000d84                DMA2_Channel1_IRQHandler
                0x0000000008000d84                DMA1_Channel6_IRQHandler
                0x0000000008000d84                UART4_IRQHandler
                0x0000000008000d84                TIM3_IRQHandler
                0x0000000008000d84                RCC_IRQHandler
                0x0000000008000d84                TIM1_TRG_COM_IRQHandler
                0x0000000008000d84                DMA1_Channel1_IRQHandler
                0x0000000008000d84                Default_Handler
                0x0000000008000d84                EXTI15_10_IRQHandler
                0x0000000008000d84                TIM7_IRQHandler
                0x0000000008000d84                TIM5_IRQHandler
                0x0000000008000d84                EXTI9_5_IRQHandler
                0x0000000008000d84                SPI2_IRQHandler
                0x0000000008000d84                USB_LP_CAN_RX0_IRQHandler
                0x0000000008000d84                MemManage_Handler
                0x0000000008000d84                SVC_Handler
                0x0000000008000d84                DMA1_Channel5_IRQHandler
                0x0000000008000d84                EXTI4_IRQHandler
                0x0000000008000d84                DMA1_Channel3_IRQHandler
                0x0000000008000d84                FSMC_IRQHandler
                0x0000000008000d84                TIM1_UP_IRQHandler
                0x0000000008000d84                WWDG_IRQHandler
                0x0000000008000d84                TIM2_IRQHandler
                0x0000000008000d84                TIM1_BRK_IRQHandler
                0x0000000008000d84                EXTI1_IRQHandler
                0x0000000008000d84                RTCAlarm_IRQHandler
                0x0000000008000d84                DMA2_Channel4_5_IRQHandler
                0x0000000008000d84                USART2_IRQHandler
                0x0000000008000d84                DMA1_Channel2_IRQHandler
                0x0000000008000d84                TIM8_BRK_IRQHandler
                0x0000000008000d84                FLASH_IRQHandler
                0x0000000008000d84                BusFault_Handler
                0x0000000008000d84                USART1_IRQHandler
                0x0000000008000d84                SPI3_IRQHandler
                0x0000000008000d84                DMA2_Channel3_IRQHandler
 *fill*         0x0000000008000d86        0x2 
 .text.__libc_init_array
                0x0000000008000d88       0x48 c:/st/stm32cubeide_1.4.0/stm32cubeide/plugins/com.st.stm32cube.ide.mcu.externaltools.gnu-tools-for-stm32.7-2018-q2-update.win32_1.4.0.202007081208/tools/bin/../lib/gcc/arm-none-eabi/7.3.1/../../../../arm-none-eabi/lib/thumb/v7-m\libc_nano.a(lib_a-init.o)
                0x0000000008000d88                __libc_init_array
 *(.glue_7)
 .glue_7        0x0000000008000dd0        0x0 linker stubs
 *(.glue_7t)
 .glue_7t       0x0000000008000dd0        0x0 linker stubs
 *(.eh_frame)
 .eh_frame      0x0000000008000dd0        0x0 c:/st/stm32cubeide_1.4.0/stm32cubeide/plugins/com.st.stm32cube.ide.mcu.externaltools.gnu-tools-for-stm32.7-2018-q2-update.win32_1.4.0.202007081208/tools/bin/../lib/gcc/arm-none-eabi/7.3.1/thumb/v7-m/crtbegin.o
 *(.init)
 .init          0x0000000008000dd0        0x4 c:/st/stm32cubeide_1.4.0/stm32cubeide/plugins/com.st.stm32cube.ide.mcu.externaltools.gnu-tools-for-stm32.7-2018-q2-update.win32_1.4.0.202007081208/tools/bin/../lib/gcc/arm-none-eabi/7.3.1/thumb/v7-m/crti.o
                0x0000000008000dd0                _init
 .init          0x0000000008000dd4        0x8 c:/st/stm32cubeide_1.4.0/stm32cubeide/plugins/com.st.stm32cube.ide.mcu.externaltools.gnu-tools-for-stm32.7-2018-q2-update.win32_1.4.0.202007081208/tools/bin/../lib/gcc/arm-none-eabi/7.3.1/thumb/v7-m/crtn.o
 *(.fini)
 .fini          0x0000000008000ddc        0x4 c:/st/stm32cubeide_1.4.0/stm32cubeide/plugins/com.st.stm32cube.ide.mcu.externaltools.gnu-tools-for-stm32.7-2018-q2-update.win32_1.4.0.202007081208/tools/bin/../lib/gcc/arm-none-eabi/7.3.1/thumb/v7-m/crti.o
                0x0000000008000ddc                _fini
 .fini          0x0000000008000de0        0x8 c:/st/stm32cubeide_1.4.0/stm32cubeide/plugins/com.st.stm32cube.ide.mcu.externaltools.gnu-tools-for-stm32.7-2018-q2-update.win32_1.4.0.202007081208/tools/bin/../lib/gcc/arm-none-eabi/7.3.1/thumb/v7-m/crtn.o
                0x0000000008000de8                . = ALIGN (0x4)
                0x0000000008000de8                _etext = .

.vfp11_veneer   0x0000000008000de8        0x0
 .vfp11_veneer  0x0000000008000de8        0x0 linker stubs

.v4_bx          0x0000000008000de8        0x0
 .v4_bx         0x0000000008000de8        0x0 linker stubs

.iplt           0x0000000008000de8        0x0
 .iplt          0x0000000008000de8        0x0 c:/st/stm32cubeide_1.4.0/stm32cubeide/plugins/com.st.stm32cube.ide.mcu.externaltools.gnu-tools-for-stm32.7-2018-q2-update.win32_1.4.0.202007081208/tools/bin/../lib/gcc/arm-none-eabi/7.3.1/thumb/v7-m/crtbegin.o

.rodata         0x0000000008000de8        0x8
                0x0000000008000de8                . = ALIGN (0x4)
 *(.rodata)
 .rodata        0x0000000008000de8        0x7 Src/main.o
 *(.rodata*)
                0x0000000008000df0                . = ALIGN (0x4)
 *fill*         0x0000000008000def        0x1 

.rel.dyn        0x0000000008000df0        0x0
 .rel.iplt      0x0000000008000df0        0x0 c:/st/stm32cubeide_1.4.0/stm32cubeide/plugins/com.st.stm32cube.ide.mcu.externaltools.gnu-tools-for-stm32.7-2018-q2-update.win32_1.4.0.202007081208/tools/bin/../lib/gcc/arm-none-eabi/7.3.1/thumb/v7-m/crtbegin.o

.ARM.extab      0x0000000008000df0        0x0
                0x0000000008000df0                . = ALIGN (0x4)
 *(.ARM.extab* .gnu.linkonce.armextab.*)
                0x0000000008000df0                . = ALIGN (0x4)

.ARM            0x0000000008000df0        0x0
                0x0000000008000df0                . = ALIGN (0x4)
                0x0000000008000df0                __exidx_start = .
 *(.ARM.exidx*)
                0x0000000008000df0                __exidx_end = .
                0x0000000008000df0                . = ALIGN (0x4)

.preinit_array  0x0000000008000df0        0x0
                0x0000000008000df0                . = ALIGN (0x4)
                0x0000000008000df0                PROVIDE (__preinit_array_start = .)
 *(.preinit_array*)
                0x0000000008000df0                PROVIDE (__preinit_array_end = .)
                0x0000000008000df0                . = ALIGN (0x4)

.init_array     0x0000000008000df0        0x4
                0x0000000008000df0                . = ALIGN (0x4)
                0x0000000008000df0                PROVIDE (__init_array_start = .)
 *(SORT_BY_NAME(.init_array.*))
 *(.init_array*)
 .init_array    0x0000000008000df0        0x4 c:/st/stm32cubeide_1.4.0/stm32cubeide/plugins/com.st.stm32cube.ide.mcu.externaltools.gnu-tools-for-stm32.7-2018-q2-update.win32_1.4.0.202007081208/tools/bin/../lib/gcc/arm-none-eabi/7.3.1/thumb/v7-m/crtbegin.o
                0x0000000008000df4                PROVIDE (__init_array_end = .)
                0x0000000008000df4                . = ALIGN (0x4)

.fini_array     0x0000000008000df4        0x4
                0x0000000008000df4                . = ALIGN (0x4)
                [!provide]                        PROVIDE (__fini_array_start = .)
 *(SORT_BY_NAME(.fini_array.*))
 *(.fini_array*)
 .fini_array    0x0000000008000df4        0x4 c:/st/stm32cubeide_1.4.0/stm32cubeide/plugins/com.st.stm32cube.ide.mcu.externaltools.gnu-tools-for-stm32.7-2018-q2-update.win32_1.4.0.202007081208/tools/bin/../lib/gcc/arm-none-eabi/7.3.1/thumb/v7-m/crtbegin.o
                [!provide]                        PROVIDE (__fini_array_end = .)
                0x0000000008000df8                . = ALIGN (0x4)
                0x0000000008000df8                _sidata = LOADADDR (.data)

.data           0x0000000020000000       0x18 load address 0x0000000008000df8
                0x0000000020000000                . = ALIGN (0x4)
                0x0000000020000000                _sdata = .
 *(.data)
 *(.data*)
 .data.AHBPresc_Table
                0x0000000020000000       0x10 STM32F103C6_Drivers/RCC_Driver/STM32F103C6_RCC_driver.o
                0x0000000020000000                AHBPresc_Table
 .data.APBPresc_Table
                0x0000000020000010        0x8 STM32F103C6_Drivers/RCC_Driver/STM32F103C6_RCC_driver.o
                0x0000000020000010                APBPresc_Table
                0x0000000020000018                . = ALIGN (0x4)
                0x0000000020000018                _edata = .

.igot.plt       0x0000000020000018        0x0 load address 0x0000000008000e10
 .igot.plt      0x0000000020000018        0x0 c:/st/stm32cubeide_1.4.0/stm32cubeide/plugins/com.st.stm32cube.ide.mcu.externaltools.gnu-tools-for-stm32.7-2018-q2-update.win32_1.4.0.202007081208/tools/bin/../lib/gcc/arm-none-eabi/7.3.1/thumb/v7-m/crtbegin.o
                0x0000000020000018                . = ALIGN (0x4)

.bss            0x0000000020000018       0x54 load address 0x0000000008000e10
                0x0000000020000018                _sbss = .
                0x0000000020000018                __bss_start__ = _sbss
 *(.bss)
 .bss           0x0000000020000018       0x1c c:/st/stm32cubeide_1.4.0/stm32cubeide/plugins/com.st.stm32cube.ide.mcu.externaltools.gnu-tools-for-stm32.7-2018-q2-update.win32_1.4.0.202007081208/tools/bin/../lib/gcc/arm-none-eabi/7.3.1/thumb/v7-m/crtbegin.o
 *(.bss*)
 .bss.Global_I2C_Config
                0x0000000020000034       0x38 STM32F103C6_Drivers/I2C_Driver/STM32F103C6_I2C_driver.o
                0x0000000020000034                Global_I2C_Config
 *(COMMON)
                0x000000002000006c                . = ALIGN (0x4)
                0x000000002000006c                _ebss = .
                0x000000002000006c                __bss_end__ = _ebss

._user_heap_stack
                0x000000002000006c      0x604 load address 0x0000000008000e10
                0x0000000020000070                . = ALIGN (0x8)
 *fill*         0x000000002000006c        0x4 
                [!provide]                        PROVIDE (end = .)
                0x0000000020000070                PROVIDE (_end = .)
                0x0000000020000270                . = (. + _Min_Heap_Size)
 *fill*         0x0000000020000070      0x200 
                0x0000000020000670                . = (. + _Min_Stack_Size)
 *fill*         0x0000000020000270      0x400 
                0x0000000020000670                . = ALIGN (0x8)

/DISCARD/
 libc.a(*)
 libm.a(*)
 libgcc.a(*)

.ARM.attributes
                0x0000000000000000       0x29
 *(.ARM.attributes)
 .ARM.attributes
                0x0000000000000000       0x1d c:/st/stm32cubeide_1.4.0/stm32cubeide/plugins/com.st.stm32cube.ide.mcu.externaltools.gnu-tools-for-stm32.7-2018-q2-update.win32_1.4.0.202007081208/tools/bin/../lib/gcc/arm-none-eabi/7.3.1/thumb/v7-m/crti.o
 .ARM.attributes
                0x000000000000001d       0x2d c:/st/stm32cubeide_1.4.0/stm32cubeide/plugins/com.st.stm32cube.ide.mcu.externaltools.gnu-tools-for-stm32.7-2018-q2-update.win32_1.4.0.202007081208/tools/bin/../lib/gcc/arm-none-eabi/7.3.1/thumb/v7-m/crtbegin.o
 .ARM.attributes
                0x000000000000004a       0x33 HAL/EEPROM/I2C_Slave_EEPROM.o
 .ARM.attributes
                0x000000000000007d       0x33 STM32F103C6_Drivers/GPIO_Driver/STM32F103C6_GPIO_driver.o
 .ARM.attributes
                0x00000000000000b0       0x33 STM32F103C6_Drivers/I2C_Driver/STM32F103C6_I2C_driver.o
 .ARM.attributes
                0x00000000000000e3       0x33 STM32F103C6_Drivers/RCC_Driver/STM32F103C6_RCC_driver.o
 .ARM.attributes
                0x0000000000000116       0x33 Src/main.o
 .ARM.attributes
                0x0000000000000149       0x21 Startup/startup_stm32f103c6tx.o
 .ARM.attributes
                0x000000000000016a       0x2d c:/st/stm32cubeide_1.4.0/stm32cubeide/plugins/com.st.stm32cube.ide.mcu.externaltools.gnu-tools-for-stm32.7-2018-q2-update.win32_1.4.0.202007081208/tools/bin/../lib/gcc/arm-none-eabi/7.3.1/../../../../arm-none-eabi/lib/thumb/v7-m\libc_nano.a(lib_a-init.o)
 .ARM.attributes
                0x0000000000000197       0x1d c:/st/stm32cubeide_1.4.0/stm32cubeide/plugins/com.st.stm32cube.ide.mcu.externaltools.gnu-tools-for-stm32.7-2018-q2-update.win32_1.4.0.202007081208/tools/bin/../lib/gcc/arm-none-eabi/7.3.1/thumb/v7-m/crtn.o
OUTPUT(Unit8_Lesson7_Lab.elf elf32-littlearm)

.debug_info     0x0000000000000000     0x4287
 .debug_info    0x0000000000000000      0xc8f HAL/EEPROM/I2C_Slave_EEPROM.o
 .debug_info    0x0000000000000c8f      0xd6f STM32F103C6_Drivers/GPIO_Driver/STM32F103C6_GPIO_driver.o
 .debug_info    0x00000000000019fe     0x1286 STM32F103C6_Drivers/I2C_Driver/STM32F103C6_I2C_driver.o
 .debug_info    0x0000000000002c84      0xb16 STM32F103C6_Drivers/RCC_Driver/STM32F103C6_RCC_driver.o
 .debug_info    0x000000000000379a      0xacb Src/main.o
 .debug_info    0x0000000000004265       0x22 Startup/startup_stm32f103c6tx.o

.debug_abbrev   0x0000000000000000      0x9e6
 .debug_abbrev  0x0000000000000000      0x1cf HAL/EEPROM/I2C_Slave_EEPROM.o
 .debug_abbrev  0x00000000000001cf      0x218 STM32F103C6_Drivers/GPIO_Driver/STM32F103C6_GPIO_driver.o
 .debug_abbrev  0x00000000000003e7      0x2b9 STM32F103C6_Drivers/I2C_Driver/STM32F103C6_I2C_driver.o
 .debug_abbrev  0x00000000000006a0      0x19b STM32F103C6_Drivers/RCC_Driver/STM32F103C6_RCC_driver.o
 .debug_abbrev  0x000000000000083b      0x199 Src/main.o
 .debug_abbrev  0x00000000000009d4       0x12 Startup/startup_stm32f103c6tx.o

.debug_loc      0x0000000000000000      0xa8a
 .debug_loc     0x0000000000000000       0xf2 HAL/EEPROM/I2C_Slave_EEPROM.o
 .debug_loc     0x00000000000000f2      0x330 STM32F103C6_Drivers/GPIO_Driver/STM32F103C6_GPIO_driver.o
 .debug_loc     0x0000000000000422      0x524 STM32F103C6_Drivers/I2C_Driver/STM32F103C6_I2C_driver.o
 .debug_loc     0x0000000000000946       0xc8 STM32F103C6_Drivers/RCC_Driver/STM32F103C6_RCC_driver.o
 .debug_loc     0x0000000000000a0e       0x7c Src/main.o

.debug_aranges  0x0000000000000000      0x1b0
 .debug_aranges
                0x0000000000000000       0x30 HAL/EEPROM/I2C_Slave_EEPROM.o
 .debug_aranges
                0x0000000000000030       0x60 STM32F103C6_Drivers/GPIO_Driver/STM32F103C6_GPIO_driver.o
 .debug_aranges
                0x0000000000000090       0x98 STM32F103C6_Drivers/I2C_Driver/STM32F103C6_I2C_driver.o
 .debug_aranges
                0x0000000000000128       0x38 STM32F103C6_Drivers/RCC_Driver/STM32F103C6_RCC_driver.o
 .debug_aranges
                0x0000000000000160       0x28 Src/main.o
 .debug_aranges
                0x0000000000000188       0x28 Startup/startup_stm32f103c6tx.o

.debug_ranges   0x0000000000000000      0x158
 .debug_ranges  0x0000000000000000       0x20 HAL/EEPROM/I2C_Slave_EEPROM.o
 .debug_ranges  0x0000000000000020       0x50 STM32F103C6_Drivers/GPIO_Driver/STM32F103C6_GPIO_driver.o
 .debug_ranges  0x0000000000000070       0x88 STM32F103C6_Drivers/I2C_Driver/STM32F103C6_I2C_driver.o
 .debug_ranges  0x00000000000000f8       0x28 STM32F103C6_Drivers/RCC_Driver/STM32F103C6_RCC_driver.o
 .debug_ranges  0x0000000000000120       0x18 Src/main.o
 .debug_ranges  0x0000000000000138       0x20 Startup/startup_stm32f103c6tx.o

.debug_macro    0x0000000000000000     0x253e
 .debug_macro   0x0000000000000000      0x14f HAL/EEPROM/I2C_Slave_EEPROM.o
 .debug_macro   0x000000000000014f      0xa60 HAL/EEPROM/I2C_Slave_EEPROM.o
 .debug_macro   0x0000000000000baf       0x18 HAL/EEPROM/I2C_Slave_EEPROM.o
 .debug_macro   0x0000000000000bc7       0x22 HAL/EEPROM/I2C_Slave_EEPROM.o
 .debug_macro   0x0000000000000be9       0x40 HAL/EEPROM/I2C_Slave_EEPROM.o
 .debug_macro   0x0000000000000c29       0x94 HAL/EEPROM/I2C_Slave_EEPROM.o
 .debug_macro   0x0000000000000cbd       0x3c HAL/EEPROM/I2C_Slave_EEPROM.o
 .debug_macro   0x0000000000000cf9       0x34 HAL/EEPROM/I2C_Slave_EEPROM.o
 .debug_macro   0x0000000000000d2d       0x16 HAL/EEPROM/I2C_Slave_EEPROM.o
 .debug_macro   0x0000000000000d43      0x10e HAL/EEPROM/I2C_Slave_EEPROM.o
 .debug_macro   0x0000000000000e51       0x8d HAL/EEPROM/I2C_Slave_EEPROM.o
 .debug_macro   0x0000000000000ede       0x57 HAL/EEPROM/I2C_Slave_EEPROM.o
 .debug_macro   0x0000000000000f35       0x52 HAL/EEPROM/I2C_Slave_EEPROM.o
 .debug_macro   0x0000000000000f87       0x1f HAL/EEPROM/I2C_Slave_EEPROM.o
 .debug_macro   0x0000000000000fa6       0x43 HAL/EEPROM/I2C_Slave_EEPROM.o
 .debug_macro   0x0000000000000fe9       0x20 HAL/EEPROM/I2C_Slave_EEPROM.o
 .debug_macro   0x0000000000001009      0x1a3 HAL/EEPROM/I2C_Slave_EEPROM.o
 .debug_macro   0x00000000000011ac      0x330 HAL/EEPROM/I2C_Slave_EEPROM.o
 .debug_macro   0x00000000000014dc       0x16 HAL/EEPROM/I2C_Slave_EEPROM.o
 .debug_macro   0x00000000000014f2       0x29 HAL/EEPROM/I2C_Slave_EEPROM.o
 .debug_macro   0x000000000000151b       0xef HAL/EEPROM/I2C_Slave_EEPROM.o
 .debug_macro   0x000000000000160a       0x6a HAL/EEPROM/I2C_Slave_EEPROM.o
 .debug_macro   0x0000000000001674      0x1df HAL/EEPROM/I2C_Slave_EEPROM.o
 .debug_macro   0x0000000000001853      0x32a HAL/EEPROM/I2C_Slave_EEPROM.o
 .debug_macro   0x0000000000001b7d       0x64 HAL/EEPROM/I2C_Slave_EEPROM.o
 .debug_macro   0x0000000000001be1      0x13f STM32F103C6_Drivers/GPIO_Driver/STM32F103C6_GPIO_driver.o
 .debug_macro   0x0000000000001d20       0xd0 STM32F103C6_Drivers/GPIO_Driver/STM32F103C6_GPIO_driver.o
 .debug_macro   0x0000000000001df0      0x187 STM32F103C6_Drivers/I2C_Driver/STM32F103C6_I2C_driver.o
 .debug_macro   0x0000000000001f77      0x174 STM32F103C6_Drivers/I2C_Driver/STM32F103C6_I2C_driver.o
 .debug_macro   0x00000000000020eb       0x10 STM32F103C6_Drivers/I2C_Driver/STM32F103C6_I2C_driver.o
 .debug_macro   0x00000000000020fb       0x35 STM32F103C6_Drivers/I2C_Driver/STM32F103C6_I2C_driver.o
 .debug_macro   0x0000000000002130       0x20 STM32F103C6_Drivers/I2C_Driver/STM32F103C6_I2C_driver.o
 .debug_macro   0x0000000000002150       0x16 STM32F103C6_Drivers/I2C_Driver/STM32F103C6_I2C_driver.o
 .debug_macro   0x0000000000002166       0xd6 STM32F103C6_Drivers/I2C_Driver/STM32F103C6_I2C_driver.o
 .debug_macro   0x000000000000223c      0x13f STM32F103C6_Drivers/RCC_Driver/STM32F103C6_RCC_driver.o
 .debug_macro   0x000000000000237b       0x10 STM32F103C6_Drivers/RCC_Driver/STM32F103C6_RCC_driver.o
 .debug_macro   0x000000000000238b      0x149 Src/main.o
 .debug_macro   0x00000000000024d4       0x6a Src/main.o

.debug_line     0x0000000000000000     0x222e
 .debug_line    0x0000000000000000      0x61a HAL/EEPROM/I2C_Slave_EEPROM.o
 .debug_line    0x000000000000061a      0x696 STM32F103C6_Drivers/GPIO_Driver/STM32F103C6_GPIO_driver.o
 .debug_line    0x0000000000000cb0      0x911 STM32F103C6_Drivers/I2C_Driver/STM32F103C6_I2C_driver.o
 .debug_line    0x00000000000015c1      0x5b9 STM32F103C6_Drivers/RCC_Driver/STM32F103C6_RCC_driver.o
 .debug_line    0x0000000000001b7a      0x630 Src/main.o
 .debug_line    0x00000000000021aa       0x84 Startup/startup_stm32f103c6tx.o

.debug_str      0x0000000000000000     0x8c0f
 .debug_str     0x0000000000000000     0x81c2 HAL/EEPROM/I2C_Slave_EEPROM.o
                                       0x8437 (size before relaxing)
 .debug_str     0x00000000000081c2      0x5ba STM32F103C6_Drivers/GPIO_Driver/STM32F103C6_GPIO_driver.o
                                       0x8589 (size before relaxing)
 .debug_str     0x000000000000877c      0x392 STM32F103C6_Drivers/I2C_Driver/STM32F103C6_I2C_driver.o
                                       0x8bdb (size before relaxing)
 .debug_str     0x0000000000008b0e       0xb2 STM32F103C6_Drivers/RCC_Driver/STM32F103C6_RCC_driver.o
                                       0x8106 (size before relaxing)
 .debug_str     0x0000000000008bc0       0x1e Src/main.o
                                       0x827f (size before relaxing)
 .debug_str     0x0000000000008bde       0x31 Startup/startup_stm32f103c6tx.o
                                         0x75 (size before relaxing)

.comment        0x0000000000000000       0x7b
 .comment       0x0000000000000000       0x7b HAL/EEPROM/I2C_Slave_EEPROM.o
                                         0x7c (size before relaxing)
 .comment       0x000000000000007b       0x7c STM32F103C6_Drivers/GPIO_Driver/STM32F103C6_GPIO_driver.o
 .comment       0x000000000000007b       0x7c STM32F103C6_Drivers/I2C_Driver/STM32F103C6_I2C_driver.o
 .comment       0x000000000000007b       0x7c STM32F103C6_Drivers/RCC_Driver/STM32F103C6_RCC_driver.o
 .comment       0x000000000000007b       0x7c Src/main.o

.debug_frame    0x0000000000000000      0x558
 .debug_frame   0x0000000000000000       0x80 HAL/EEPROM/I2C_Slave_EEPROM.o
 .debug_frame   0x0000000000000080      0x178 STM32F103C6_Drivers/GPIO_Driver/STM32F103C6_GPIO_driver.o
 .debug_frame   0x00000000000001f8      0x260 STM32F103C6_Drivers/I2C_Driver/STM32F103C6_I2C_driver.o
 .debug_frame   0x0000000000000458       0x84 STM32F103C6_Drivers/RCC_Driver/STM32F103C6_RCC_driver.o
 .debug_frame   0x00000000000004dc       0x50 Src/main.o
 .debug_frame   0x000000000000052c       0x2c c:/st/stm32cubeide_1.4.0/stm32cubeide/plugins/com.st.stm32cube.ide.mcu.externaltools.gnu-tools-for-stm32.7-2018-q2-update.win32_1.4.0.202007081208/tools/bin/../lib/gcc/arm-none-eabi/7.3.1/../../../../arm-none-eabi/lib/thumb/v7-m\libc_nano.a(lib_a-init.o)
