STM32F103C6_USART_driver.c:39:6:MCAL_USART_Init	24	static
STM32F103C6_USART_driver.c:114:6:MCAL_USART_DeInit	16	static
STM32F103C6_USART_driver.c:143:6:MCAL_USART_GPIO_Set_Pins	24	static
STM32F103C6_USART_driver.c:271:6:MCAL_USART_SendData	24	static
STM32F103C6_USART_driver.c:303:6:MCAL_USART_ReceiveData	24	static
STM32F103C6_USART_driver.c:347:6:MCAL_UART_WAIT_TC	16	static
STM32F103C6_USART_driver.c:355:6:USART1_IRQHandler	8	static
STM32F103C6_USART_driver.c:360:6:USART2_IRQHandler	8	static
STM32F103C6_USART_driver.c:365:6:USART3_IRQHandler	8	static
