Archive member included to satisfy reference by file (symbol)

c:/st/stm32cubeide_1.4.0/stm32cubeide/plugins/com.st.stm32cube.ide.mcu.externaltools.gnu-tools-for-stm32.7-2018-q2-update.win32_1.4.0.202007081208/tools/bin/../lib/gcc/arm-none-eabi/7.3.1/../../../../arm-none-eabi/lib/thumb/v7-m\libc_nano.a(lib_a-errno.o)
                              Src/syscalls.o (__errno)
c:/st/stm32cubeide_1.4.0/stm32cubeide/plugins/com.st.stm32cube.ide.mcu.externaltools.gnu-tools-for-stm32.7-2018-q2-update.win32_1.4.0.202007081208/tools/bin/../lib/gcc/arm-none-eabi/7.3.1/../../../../arm-none-eabi/lib/thumb/v7-m\libc_nano.a(lib_a-exit.o)
                              c:/st/stm32cubeide_1.4.0/stm32cubeide/plugins/com.st.stm32cube.ide.mcu.externaltools.gnu-tools-for-stm32.7-2018-q2-update.win32_1.4.0.202007081208/tools/bin/../lib/gcc/arm-none-eabi/7.3.1/../../../../arm-none-eabi/lib/thumb/v7-m/crt0.o (exit)
c:/st/stm32cubeide_1.4.0/stm32cubeide/plugins/com.st.stm32cube.ide.mcu.externaltools.gnu-tools-for-stm32.7-2018-q2-update.win32_1.4.0.202007081208/tools/bin/../lib/gcc/arm-none-eabi/7.3.1/../../../../arm-none-eabi/lib/thumb/v7-m\libc_nano.a(lib_a-impure.o)
                              c:/st/stm32cubeide_1.4.0/stm32cubeide/plugins/com.st.stm32cube.ide.mcu.externaltools.gnu-tools-for-stm32.7-2018-q2-update.win32_1.4.0.202007081208/tools/bin/../lib/gcc/arm-none-eabi/7.3.1/../../../../arm-none-eabi/lib/thumb/v7-m\libc_nano.a(lib_a-exit.o) (_global_impure_ptr)
c:/st/stm32cubeide_1.4.0/stm32cubeide/plugins/com.st.stm32cube.ide.mcu.externaltools.gnu-tools-for-stm32.7-2018-q2-update.win32_1.4.0.202007081208/tools/bin/../lib/gcc/arm-none-eabi/7.3.1/../../../../arm-none-eabi/lib/thumb/v7-m\libc_nano.a(lib_a-init.o)
                              c:/st/stm32cubeide_1.4.0/stm32cubeide/plugins/com.st.stm32cube.ide.mcu.externaltools.gnu-tools-for-stm32.7-2018-q2-update.win32_1.4.0.202007081208/tools/bin/../lib/gcc/arm-none-eabi/7.3.1/../../../../arm-none-eabi/lib/thumb/v7-m/crt0.o (__libc_init_array)
c:/st/stm32cubeide_1.4.0/stm32cubeide/plugins/com.st.stm32cube.ide.mcu.externaltools.gnu-tools-for-stm32.7-2018-q2-update.win32_1.4.0.202007081208/tools/bin/../lib/gcc/arm-none-eabi/7.3.1/../../../../arm-none-eabi/lib/thumb/v7-m\libc_nano.a(lib_a-memset.o)
                              c:/st/stm32cubeide_1.4.0/stm32cubeide/plugins/com.st.stm32cube.ide.mcu.externaltools.gnu-tools-for-stm32.7-2018-q2-update.win32_1.4.0.202007081208/tools/bin/../lib/gcc/arm-none-eabi/7.3.1/../../../../arm-none-eabi/lib/thumb/v7-m/crt0.o (memset)
c:/st/stm32cubeide_1.4.0/stm32cubeide/plugins/com.st.stm32cube.ide.mcu.externaltools.gnu-tools-for-stm32.7-2018-q2-update.win32_1.4.0.202007081208/tools/bin/../lib/gcc/arm-none-eabi/7.3.1/../../../../arm-none-eabi/lib/thumb/v7-m\libc_nano.a(lib_a-sprintf.o)
                              HAL/LCD_Driver/LCD.o (sprintf)
c:/st/stm32cubeide_1.4.0/stm32cubeide/plugins/com.st.stm32cube.ide.mcu.externaltools.gnu-tools-for-stm32.7-2018-q2-update.win32_1.4.0.202007081208/tools/bin/../lib/gcc/arm-none-eabi/7.3.1/../../../../arm-none-eabi/lib/thumb/v7-m\libc_nano.a(lib_a-nano-svfprintf.o)
                              c:/st/stm32cubeide_1.4.0/stm32cubeide/plugins/com.st.stm32cube.ide.mcu.externaltools.gnu-tools-for-stm32.7-2018-q2-update.win32_1.4.0.202007081208/tools/bin/../lib/gcc/arm-none-eabi/7.3.1/../../../../arm-none-eabi/lib/thumb/v7-m\libc_nano.a(lib_a-sprintf.o) (_svfprintf_r)
c:/st/stm32cubeide_1.4.0/stm32cubeide/plugins/com.st.stm32cube.ide.mcu.externaltools.gnu-tools-for-stm32.7-2018-q2-update.win32_1.4.0.202007081208/tools/bin/../lib/gcc/arm-none-eabi/7.3.1/../../../../arm-none-eabi/lib/thumb/v7-m\libc_nano.a(lib_a-nano-vfprintf_i.o)
                              c:/st/stm32cubeide_1.4.0/stm32cubeide/plugins/com.st.stm32cube.ide.mcu.externaltools.gnu-tools-for-stm32.7-2018-q2-update.win32_1.4.0.202007081208/tools/bin/../lib/gcc/arm-none-eabi/7.3.1/../../../../arm-none-eabi/lib/thumb/v7-m\libc_nano.a(lib_a-nano-svfprintf.o) (_printf_i)
c:/st/stm32cubeide_1.4.0/stm32cubeide/plugins/com.st.stm32cube.ide.mcu.externaltools.gnu-tools-for-stm32.7-2018-q2-update.win32_1.4.0.202007081208/tools/bin/../lib/gcc/arm-none-eabi/7.3.1/../../../../arm-none-eabi/lib/thumb/v7-m\libc_nano.a(lib_a-memchr-stub.o)
                              c:/st/stm32cubeide_1.4.0/stm32cubeide/plugins/com.st.stm32cube.ide.mcu.externaltools.gnu-tools-for-stm32.7-2018-q2-update.win32_1.4.0.202007081208/tools/bin/../lib/gcc/arm-none-eabi/7.3.1/../../../../arm-none-eabi/lib/thumb/v7-m\libc_nano.a(lib_a-nano-svfprintf.o) (memchr)
c:/st/stm32cubeide_1.4.0/stm32cubeide/plugins/com.st.stm32cube.ide.mcu.externaltools.gnu-tools-for-stm32.7-2018-q2-update.win32_1.4.0.202007081208/tools/bin/../lib/gcc/arm-none-eabi/7.3.1/../../../../arm-none-eabi/lib/thumb/v7-m\libc_nano.a(lib_a-memcpy-stub.o)
[...]
Memory Configuration

Name             Origin             Length             Attributes
RAM              0x0000000020000000 0x0000000000002800 xrw
ROM              0x0000000008000000 0x0000000000008000 xr
*default*        0x0000000000000000 0xffffffffffffffff

Linker script and memory map

LOAD c:/st/stm32cubeide_1.4.0/stm32cubeide/plugins/com.st.stm32cube.ide.mcu.externaltools.gnu-tools-for-stm32.7-2018-q2-update.win32_1.4.0.202007081208/tools/bin/../lib/gcc/arm-none-eabi/7.3.1/thumb/v7-m/crti.o
LOAD c:/st/stm32cubeide_1.4.0/stm32cubeide/plugins/com.st.stm32cube.ide.mcu.externaltools.gnu-tools-for-stm32.7-2018-q2-update.win32_1.4.0.202007081208/tools/bin/../lib/gcc/arm-none-eabi/7.3.1/thumb/v7-m/crtbegin.o
LOAD c:/st/stm32cubeide_1.4.0/stm32cubeide/plugins/com.st.stm32cube.ide.mcu.externaltools.gnu-tools-for-stm32.7-2018-q2-update.win32_1.4.0.202007081208/tools/bin/../lib/gcc/arm-none-eabi/7.3.1/../../../../arm-none-eabi/lib/thumb/v7-m/crt0.o
LOAD HAL/LCD_Driver/LCD.o
LOAD STM32F103C6_Drivers/EXTI_Driver/STM32F103C6_EXTI_driver.o
LOAD STM32F103C6_Drivers/GPIO_Driver/STM32F103C6_GPIO_driver.o
LOAD Src/main.o
LOAD Src/syscalls.o
LOAD Src/sysmem.o
LOAD Startup/startup_stm32f103c6tx.o
START GROUP
LOAD c:/st/stm32cubeide_1.4.0/stm32cubeide/plugins/com.st.stm32cube.ide.mcu.externaltools.gnu-tools-for-stm32.7-2018-q2-update.win32_1.4.0.202007081208/tools/bin/../lib/gcc/arm-none-eabi/7.3.1/../../../../arm-none-eabi/lib/thumb/v7-m\libc_nano.a
LOAD c:/st/stm32cubeide_1.4.0/stm32cubeide/plugins/com.st.stm32cube.ide.mcu.externaltools.gnu-tools-for-stm32.7-2018-q2-update.win32_1.4.0.202007081208/tools/bin/../lib/gcc/arm-none-eabi/7.3.1/../../../../arm-none-eabi/lib/thumb/v7-m\libm.a
END GROUP
START GROUP
LOAD c:/st/stm32cubeide_1.4.0/stm32cubeide/plugins/com.st.stm32cube.ide.mcu.externaltools.gnu-tools-for-stm32.7-2018-q2-update.win32_1.4.0.202007081208/tools/bin/../lib/gcc/arm-none-eabi/7.3.1/thumb/v7-m\libgcc.a
LOAD c:/st/stm32cubeide_1.4.0/stm32cubeide/plugins/com.st.stm32cube.ide.mcu.externaltools.gnu-tools-for-stm32.7-2018-q2-update.win32_1.4.0.202007081208/tools/bin/../lib/gcc/arm-none-eabi/7.3.1/../../../../arm-none-eabi/lib/thumb/v7-m\libg_nano.a
LOAD c:/st/stm32cubeide_1.4.0/stm32cubeide/plugins/com.st.stm32cube.ide.mcu.externaltools.gnu-tools-for-stm32.7-2018-q2-update.win32_1.4.0.202007081208/tools/bin/../lib/gcc/arm-none-eabi/7.3.1/../../../../arm-none-eabi/lib/thumb/v7-m\libc_nano.a
END GROUP
START GROUP
LOAD c:/st/stm32cubeide_1.4.0/stm32cubeide/plugins/com.st.stm32cube.ide.mcu.externaltools.gnu-tools-for-stm32.7-2018-q2-update.win32_1.4.0.202007081208/tools/bin/../lib/gcc/arm-none-eabi/7.3.1/thumb/v7-m\libgcc.a
LOAD c:/st/stm32cubeide_1.4.0/stm32cubeide/plugins/com.st.stm32cube.ide.mcu.externaltools.gnu-tools-for-stm32.7-2018-q2-update.win32_1.4.0.202007081208/tools/bin/../lib/gcc/arm-none-eabi/7.3.1/../../../../arm-none-eabi/lib/thumb/v7-m\libc_nano.a
LOAD c:/st/stm32cubeide_1.4.0/stm32cubeide/plugins/com.st.stm32cube.ide.mcu.externaltools.gnu-tools-for-stm32.7-2018-q2-update.win32_1.4.0.202007081208/tools/bin/../lib/gcc/arm-none-eabi/7.3.1/../../../../arm-none-eabi/lib/thumb/v7-m\libnosys.a
END GROUP
START GROUP
LOAD c:/st/stm32cubeide_1.4.0/stm32cubeide/plugins/com.st.stm32cube.ide.mcu.externaltools.gnu-tools-for-stm32.7-2018-q2-update.win32_1.4.0.202007081208/tools/bin/../lib/gcc/arm-none-eabi/7.3.1/thumb/v7-m\libgcc.a
LOAD c:/st/stm32cubeide_1.4.0/stm32cubeide/plugins/com.st.stm32cube.ide.mcu.externaltools.gnu-tools-for-stm32.7-2018-q2-update.win32_1.4.0.202007081208/tools/bin/../lib/gcc/arm-none-eabi/7.3.1/../../../../arm-none-eabi/lib/thumb/v7-m\libc_nano.a
LOAD c:/st/stm32cubeide_1.4.0/stm32cubeide/plugins/com.st.stm32cube.ide.mcu.externaltools.gnu-tools-for-stm32.7-2018-q2-update.win32_1.4.0.202007081208/tools/bin/../lib/gcc/arm-none-eabi/7.3.1/../../../../arm-none-eabi/lib/thumb/v7-m\libnosys.a
END GROUP
LOAD c:/st/stm32cubeide_1.4.0/stm32cubeide/plugins/com.st.stm32cube.ide.mcu.externaltools.gnu-tools-for-stm32.7-2018-q2-update.win32_1.4.0.202007081208/tools/bin/../lib/gcc/arm-none-eabi/7.3.1/thumb/v7-m/crtend.o
LOAD c:/st/stm32cubeide_1.4.0/stm32cubeide/plugins/com.st.stm32cube.ide.mcu.externaltools.gnu-tools-for-stm32.7-2018-q2-update.win32_1.4.0.202007081208/tools/bin/../lib/gcc/arm-none-eabi/7.3.1/thumb/v7-m/crtn.o
                0x0000000020002800                _estack = (ORIGIN (RAM) + LENGTH (RAM))
                0x0000000000000200                _Min_Heap_Size = 0x200
                0x0000000000000400                _Min_Stack_Size = 0x400

.isr_vector     0x0000000008000000      0x130
                0x0000000008000000                . = ALIGN (0x4)
 *(.isr_vector)
 .isr_vector    0x0000000008000000      0x130 Startup/startup_stm32f103c6tx.o
                0x0000000008000000                g_pfnVectors
                0x0000000008000130                . = ALIGN (0x4)

.text           0x0000000008000130      0xc70
                0x0000000008000130                . = ALIGN (0x4)
 *(.text)
 .text          0x0000000008000130       0x40 c:/st/stm32cubeide_1.4.0/stm32cubeide/plugins/com.st.stm32cube.ide.mcu.externaltools.gnu-tools-for-stm32.7-2018-q2-update.win32_1.4.0.202007081208/tools/bin/../lib/gcc/arm-none-eabi/7.3.1/thumb/v7-m/crtbegin.o
 *(.text*)
 .text.delay_ms
                0x0000000008000170       0x3a HAL/LCD_Driver/LCD.o
 *fill*         0x00000000080001aa        0x2 
 .text.LCD_Init
                0x00000000080001ac      0x110 HAL/LCD_Driver/LCD.o
                0x00000000080001ac                LCD_Init
 .text.LCD_Write_Command
                0x00000000080002bc       0x44 HAL/LCD_Driver/LCD.o
                0x00000000080002bc                LCD_Write_Command
 .text.LCD_Write_Char
                0x0000000008000300       0x44 HAL/LCD_Driver/LCD.o
                0x0000000008000300                LCD_Write_Char
 .text.LCD_Write_String
                0x0000000008000344       0x58 HAL/LCD_Driver/LCD.o
                0x0000000008000344                LCD_Write_String
 .text.LCD_Kick
                0x000000000800039c       0x2c HAL/LCD_Driver/LCD.o
                0x000000000800039c                LCD_Kick
 .text.LCD_Clear_Screen
                0x00000000080003c8        0xe HAL/LCD_Driver/LCD.o
                0x00000000080003c8                LCD_Clear_Screen
 .text.LCD_GOTO_XY
                0x00000000080003d6       0x48 HAL/LCD_Driver/LCD.o
                0x00000000080003d6                LCD_GOTO_XY
 *fill*         0x000000000800041e        0x2 
 .text.NVIC_Enable
                0x0000000008000420       0xcc STM32F103C6_Drivers/EXTI_Driver/STM32F103C6_EXTI_driver.o
 .text.NVIC_Disable
                0x00000000080004ec       0xcc STM32F103C6_Drivers/EXTI_Driver/STM32F103C6_EXTI_driver.o
 .text.Update_EXTI
                0x00000000080005b8      0x1e4 STM32F103C6_Drivers/EXTI_Driver/STM32F103C6_EXTI_driver.o
 .text.MCAL_EXTI_GPIO_Init
                0x000000000800079c       0x16 STM32F103C6_Drivers/EXTI_Driver/STM32F103C6_EXTI_driver.o
                0x000000000800079c                MCAL_EXTI_GPIO_Init
 *fill*         0x00000000080007b2        0x2 
 .text.EXTI0_IRQHandler
                0x00000000080007b4       0x24 STM32F103C6_Drivers/EXTI_Driver/STM32F103C6_EXTI_driver.o
                0x00000000080007b4                EXTI0_IRQHandler
 .text.EXTI1_IRQHandler
                0x00000000080007d8       0x24 STM32F103C6_Drivers/EXTI_Driver/STM32F103C6_EXTI_driver.o
                0x00000000080007d8                EXTI1_IRQHandler
 .text.EXTI2_IRQHandler
                0x00000000080007fc       0x24 STM32F103C6_Drivers/EXTI_Driver/STM32F103C6_EXTI_driver.o
                0x00000000080007fc                EXTI2_IRQHandler
 .text.EXTI3_IRQHandler
                0x0000000008000820       0x24 STM32F103C6_Drivers/EXTI_Driver/STM32F103C6_EXTI_driver.o
                0x0000000008000820                EXTI3_IRQHandler
 .text.EXTI4_IRQHandler
                0x0000000008000844       0x24 STM32F103C6_Drivers/EXTI_Driver/STM32F103C6_EXTI_driver.o
                0x0000000008000844                EXTI4_IRQHandler
 .text.EXTI9_5_IRQHandler
                0x0000000008000868       0xa8 STM32F103C6_Drivers/EXTI_Driver/STM32F103C6_EXTI_driver.o
                0x0000000008000868                EXTI9_5_IRQHandler
 .text.EXTI15_10_IRQHandler
                0x0000000008000910       0xc4 STM32F103C6_Drivers/EXTI_Driver/STM32F103C6_EXTI_driver.o
                0x0000000008000910                EXTI15_10_IRQHandler
 .text.Get_CRLH_Position
                0x00000000080009d4       0xe6 STM32F103C6_Drivers/GPIO_Driver/STM32F103C6_GPIO_driver.o
                0x00000000080009d4                Get_CRLH_Position
 .text.MCAL_GPIO_Init
                0x0000000008000aba       0xfe STM32F103C6_Drivers/GPIO_Driver/STM32F103C6_GPIO_driver.o
                0x0000000008000aba                MCAL_GPIO_Init
 .text.MCAL_GPIO_WritePort
                0x0000000008000bb8       0x1c STM32F103C6_Drivers/GPIO_Driver/STM32F103C6_GPIO_driver.o
                0x0000000008000bb8                MCAL_GPIO_WritePort
 .text.MCAL_GPIO_WritePin
                0x0000000008000bd4       0x2e STM32F103C6_Drivers/GPIO_Driver/STM32F103C6_GPIO_driver.o
                0x0000000008000bd4                MCAL_GPIO_WritePin
 *fill*         0x0000000008000c02        0x2 
 .text.Clock_Init
                0x0000000008000c04       0x34 Src/main.o
                0x0000000008000c04                Clock_Init
 .text.delay_ms
                0x0000000008000c38       0x3a Src/main.o
 *fill*         0x0000000008000c72        0x2 
 .text.EXTI9_CallBack
                0x0000000008000c74       0x24 Src/main.o
                0x0000000008000c74                EXTI9_CallBack
 .text.main     0x0000000008000c98       0x54 Src/main.o
                0x0000000008000c98                main
 .text.Reset_Handler
                0x0000000008000cec       0x50 Startup/startup_stm32f103c6tx.o
                0x0000000008000cec                Reset_Handler
 .text.Default_Handler
                0x0000000008000d3c        0x2 Startup/startup_stm32f103c6tx.o
                0x0000000008000d3c                TIM8_TRG_COM_IRQHandler
                0x0000000008000d3c                TIM8_CC_IRQHandler
                0x0000000008000d3c                DebugMon_Handler
                0x0000000008000d3c                TIM1_CC_IRQHandler
                0x0000000008000d3c                HardFault_Handler
                0x0000000008000d3c                TIM6_IRQHandler
                0x0000000008000d3c                SysTick_Handler
                0x0000000008000d3c                PVD_IRQHandler
                0x0000000008000d3c                SDIO_IRQHandler
                0x0000000008000d3c                PendSV_Handler
                0x0000000008000d3c                NMI_Handler
                0x0000000008000d3c                USB_HP_CAN_TX_IRQHandler
                0x0000000008000d3c                I2C2_EV_IRQHandler
                0x0000000008000d3c                UsageFault_Handler
                0x0000000008000d3c                ADC1_2_IRQHandler
                0x0000000008000d3c                SPI1_IRQHandler
                0x0000000008000d3c                CAN_SCE_IRQHandler
                0x0000000008000d3c                TAMPER_IRQHandler
                0x0000000008000d3c                TIM8_UP_IRQHandler
                0x0000000008000d3c                DMA2_Channel2_IRQHandler
                0x0000000008000d3c                DMA1_Channel4_IRQHandler
                0x0000000008000d3c                USART3_IRQHandler
                0x0000000008000d3c                RTC_IRQHandler
                0x0000000008000d3c                DMA1_Channel7_IRQHandler
                0x0000000008000d3c                UART5_IRQHandler
                0x0000000008000d3c                ADC3_IRQHandler
                0x0000000008000d3c                TIM4_IRQHandler
                0x0000000008000d3c                CAN_RX1_IRQHandler
                0x0000000008000d3c                DMA2_Channel1_IRQHandler
                0x0000000008000d3c                I2C1_EV_IRQHandler
                0x0000000008000d3c                DMA1_Channel6_IRQHandler
                0x0000000008000d3c                UART4_IRQHandler
                0x0000000008000d3c                TIM3_IRQHandler
                0x0000000008000d3c                RCC_IRQHandler
                0x0000000008000d3c                TIM1_TRG_COM_IRQHandler
                0x0000000008000d3c                DMA1_Channel1_IRQHandler
                0x0000000008000d3c                Default_Handler
                0x0000000008000d3c                TIM7_IRQHandler
                0x0000000008000d3c                TIM5_IRQHandler
                0x0000000008000d3c                SPI2_IRQHandler
                0x0000000008000d3c                USB_LP_CAN_RX0_IRQHandler
                0x0000000008000d3c                MemManage_Handler
                0x0000000008000d3c                SVC_Handler
                0x0000000008000d3c                DMA1_Channel5_IRQHandler
                0x0000000008000d3c                DMA1_Channel3_IRQHandler
                0x0000000008000d3c                FSMC_IRQHandler
                0x0000000008000d3c                TIM1_UP_IRQHandler
                0x0000000008000d3c                WWDG_IRQHandler
                0x0000000008000d3c                TIM2_IRQHandler
                0x0000000008000d3c                TIM1_BRK_IRQHandler
                0x0000000008000d3c                RTCAlarm_IRQHandler
                0x0000000008000d3c                DMA2_Channel4_5_IRQHandler
                0x0000000008000d3c                USART2_IRQHandler
                0x0000000008000d3c                I2C2_ER_IRQHandler
                0x0000000008000d3c                DMA1_Channel2_IRQHandler
                0x0000000008000d3c                TIM8_BRK_IRQHandler
                0x0000000008000d3c                FLASH_IRQHandler
                0x0000000008000d3c                BusFault_Handler
                0x0000000008000d3c                USART1_IRQHandler
                0x0000000008000d3c                SPI3_IRQHandler
                0x0000000008000d3c                I2C1_ER_IRQHandler
                0x0000000008000d3c                DMA2_Channel3_IRQHandler
 *fill*         0x0000000008000d3e        0x2 
 .text.__libc_init_array
                0x0000000008000d40       0x48 c:/st/stm32cubeide_1.4.0/stm32cubeide/plugins/com.st.stm32cube.ide.mcu.externaltools.gnu-tools-for-stm32.7-2018-q2-update.win32_1.4.0.202007081208/tools/bin/../lib/gcc/arm-none-eabi/7.3.1/../../../../arm-none-eabi/lib/thumb/v7-m\libc_nano.a(lib_a-init.o)
                0x0000000008000d40                __libc_init_array
 *(.glue_7)
 .glue_7        0x0000000008000d88        0x0 linker stubs
 *(.glue_7t)
 .glue_7t       0x0000000008000d88        0x0 linker stubs
 *(.eh_frame)
 .eh_frame      0x0000000008000d88        0x0 c:/st/stm32cubeide_1.4.0/stm32cubeide/plugins/com.st.stm32cube.ide.mcu.externaltools.gnu-tools-for-stm32.7-2018-q2-update.win32_1.4.0.202007081208/tools/bin/../lib/gcc/arm-none-eabi/7.3.1/thumb/v7-m/crtbegin.o
 *(.init)
 .init          0x0000000008000d88        0x4 c:/st/stm32cubeide_1.4.0/stm32cubeide/plugins/com.st.stm32cube.ide.mcu.externaltools.gnu-tools-for-stm32.7-2018-q2-update.win32_1.4.0.202007081208/tools/bin/../lib/gcc/arm-none-eabi/7.3.1/thumb/v7-m/crti.o
                0x0000000008000d88                _init
 .init          0x0000000008000d8c        0x8 c:/st/stm32cubeide_1.4.0/stm32cubeide/plugins/com.st.stm32cube.ide.mcu.externaltools.gnu-tools-for-stm32.7-2018-q2-update.win32_1.4.0.202007081208/tools/bin/../lib/gcc/arm-none-eabi/7.3.1/thumb/v7-m/crtn.o
 *(.fini)
 .fini          0x0000000008000d94        0x4 c:/st/stm32cubeide_1.4.0/stm32cubeide/plugins/com.st.stm32cube.ide.mcu.externaltools.gnu-tools-for-stm32.7-2018-q2-update.win32_1.4.0.202007081208/tools/bin/../lib/gcc/arm-none-eabi/7.3.1/thumb/v7-m/crti.o
                0x0000000008000d94                _fini
 .fini          0x0000000008000d98        0x8 c:/st/stm32cubeide_1.4.0/stm32cubeide/plugins/com.st.stm32cube.ide.mcu.externaltools.gnu-tools-for-stm32.7-2018-q2-update.win32_1.4.0.202007081208/tools/bin/../lib/gcc/arm-none-eabi/7.3.1/thumb/v7-m/crtn.o
                0x0000000008000da0                . = ALIGN (0x4)
                0x0000000008000da0                _etext = .

.vfp11_veneer   0x0000000008000da0        0x0
 .vfp11_veneer  0x0000000008000da0        0x0 linker stubs

.v4_bx          0x0000000008000da0        0x0
 .v4_bx         0x0000000008000da0        0x0 linker stubs

.iplt           0x0000000008000da0        0x0
 .iplt          0x0000000008000da0        0x0 c:/st/stm32cubeide_1.4.0/stm32cubeide/plugins/com.st.stm32cube.ide.mcu.externaltools.gnu-tools-for-stm32.7-2018-q2-update.win32_1.4.0.202007081208/tools/bin/../lib/gcc/arm-none-eabi/7.3.1/thumb/v7-m/crtbegin.o

.rodata         0x0000000008000da0       0x24
                0x0000000008000da0                . = ALIGN (0x4)
 *(.rodata)
 .rodata        0x0000000008000da0       0x24 Src/main.o
 *(.rodata*)
                0x0000000008000dc4                . = ALIGN (0x4)

.rel.dyn        0x0000000008000dc4        0x0
 .rel.iplt      0x0000000008000dc4        0x0 c:/st/stm32cubeide_1.4.0/stm32cubeide/plugins/com.st.stm32cube.ide.mcu.externaltools.gnu-tools-for-stm32.7-2018-q2-update.win32_1.4.0.202007081208/tools/bin/../lib/gcc/arm-none-eabi/7.3.1/thumb/v7-m/crtbegin.o

.ARM.extab      0x0000000008000dc4        0x0
                0x0000000008000dc4                . = ALIGN (0x4)
 *(.ARM.extab* .gnu.linkonce.armextab.*)
                0x0000000008000dc4                . = ALIGN (0x4)

.ARM            0x0000000008000dc4        0x0
                0x0000000008000dc4                . = ALIGN (0x4)
                0x0000000008000dc4                __exidx_start = .
 *(.ARM.exidx*)
                0x0000000008000dc4                __exidx_end = .
                0x0000000008000dc4                . = ALIGN (0x4)

.preinit_array  0x0000000008000dc4        0x0
                0x0000000008000dc4                . = ALIGN (0x4)
                0x0000000008000dc4                PROVIDE (__preinit_array_start = .)
 *(.preinit_array*)
                0x0000000008000dc4                PROVIDE (__preinit_array_end = .)
                0x0000000008000dc4                . = ALIGN (0x4)

.init_array     0x0000000008000dc4        0x4
                0x0000000008000dc4                . = ALIGN (0x4)
                0x0000000008000dc4                PROVIDE (__init_array_start = .)
 *(SORT_BY_NAME(.init_array.*))
 *(.init_array*)
 .init_array    0x0000000008000dc4        0x4 c:/st/stm32cubeide_1.4.0/stm32cubeide/plugins/com.st.stm32cube.ide.mcu.externaltools.gnu-tools-for-stm32.7-2018-q2-update.win32_1.4.0.202007081208/tools/bin/../lib/gcc/arm-none-eabi/7.3.1/thumb/v7-m/crtbegin.o
                0x0000000008000dc8                PROVIDE (__init_array_end = .)
                0x0000000008000dc8                . = ALIGN (0x4)

.fini_array     0x0000000008000dc8        0x4
                0x0000000008000dc8                . = ALIGN (0x4)
                [!provide]                        PROVIDE (__fini_array_start = .)
 *(SORT_BY_NAME(.fini_array.*))
 *(.fini_array*)
 .fini_array    0x0000000008000dc8        0x4 c:/st/stm32cubeide_1.4.0/stm32cubeide/plugins/com.st.stm32cube.ide.mcu.externaltools.gnu-tools-for-stm32.7-2018-q2-update.win32_1.4.0.202007081208/tools/bin/../lib/gcc/arm-none-eabi/7.3.1/thumb/v7-m/crtbegin.o
                [!provide]                        PROVIDE (__fini_array_end = .)
                0x0000000008000dcc                . = ALIGN (0x4)
                0x0000000008000dcc                _sidata = LOADADDR (.data)

.data           0x0000000020000000        0x0 load address 0x0000000008000dcc
                0x0000000020000000                . = ALIGN (0x4)
                0x0000000020000000                _sdata = .
 *(.data)
 *(.data*)
                0x0000000020000000                . = ALIGN (0x4)
                0x0000000020000000                _edata = .

.igot.plt       0x0000000020000000        0x0 load address 0x0000000008000dcc
 .igot.plt      0x0000000020000000        0x0 c:/st/stm32cubeide_1.4.0/stm32cubeide/plugins/com.st.stm32cube.ide.mcu.externaltools.gnu-tools-for-stm32.7-2018-q2-update.win32_1.4.0.202007081208/tools/bin/../lib/gcc/arm-none-eabi/7.3.1/thumb/v7-m/crtbegin.o
                0x0000000020000000                . = ALIGN (0x4)

.bss            0x0000000020000000       0x60 load address 0x0000000008000dcc
                0x0000000020000000                _sbss = .
                0x0000000020000000                __bss_start__ = _sbss
 *(.bss)
 .bss           0x0000000020000000       0x1c c:/st/stm32cubeide_1.4.0/stm32cubeide/plugins/com.st.stm32cube.ide.mcu.externaltools.gnu-tools-for-stm32.7-2018-q2-update.win32_1.4.0.202007081208/tools/bin/../lib/gcc/arm-none-eabi/7.3.1/thumb/v7-m/crtbegin.o
 *(.bss*)
 .bss.PinCfg    0x000000002000001c        0x4 HAL/LCD_Driver/LCD.o
 *(COMMON)
 COMMON         0x0000000020000020       0x3c STM32F103C6_Drivers/EXTI_Driver/STM32F103C6_EXTI_driver.o
                0x0000000020000020                GP_IRQ_CallBack
 COMMON         0x000000002000005c        0x1 Src/main.o
                0x000000002000005c                IRQ_flag
                0x0000000020000060                . = ALIGN (0x4)
 *fill*         0x000000002000005d        0x3 
                0x0000000020000060                _ebss = .
                0x0000000020000060                __bss_end__ = _ebss

._user_heap_stack
                0x0000000020000060      0x600 load address 0x0000000008000dcc
                0x0000000020000060                . = ALIGN (0x8)
                [!provide]                        PROVIDE (end = .)
                0x0000000020000060                PROVIDE (_end = .)
                0x0000000020000260                . = (. + _Min_Heap_Size)
 *fill*         0x0000000020000060      0x200 
                0x0000000020000660                . = (. + _Min_Stack_Size)
 *fill*         0x0000000020000260      0x400 
                0x0000000020000660                . = ALIGN (0x8)

/DISCARD/
 libc.a(*)
 libm.a(*)
 libgcc.a(*)

.ARM.attributes
                0x0000000000000000       0x29
 *(.ARM.attributes)
 .ARM.attributes
                0x0000000000000000       0x1d c:/st/stm32cubeide_1.4.0/stm32cubeide/plugins/com.st.stm32cube.ide.mcu.externaltools.gnu-tools-for-stm32.7-2018-q2-update.win32_1.4.0.202007081208/tools/bin/../lib/gcc/arm-none-eabi/7.3.1/thumb/v7-m/crti.o
 .ARM.attributes
                0x000000000000001d       0x2d c:/st/stm32cubeide_1.4.0/stm32cubeide/plugins/com.st.stm32cube.ide.mcu.externaltools.gnu-tools-for-stm32.7-2018-q2-update.win32_1.4.0.202007081208/tools/bin/../lib/gcc/arm-none-eabi/7.3.1/thumb/v7-m/crtbegin.o
 .ARM.attributes
                0x000000000000004a       0x33 HAL/LCD_Driver/LCD.o
 .ARM.attributes
                0x000000000000007d       0x33 STM32F103C6_Drivers/EXTI_Driver/STM32F103C6_EXTI_driver.o
 .ARM.attributes
                0x00000000000000b0       0x33 STM32F103C6_Drivers/GPIO_Driver/STM32F103C6_GPIO_driver.o
 .ARM.attributes
                0x00000000000000e3       0x33 Src/main.o
 .ARM.attributes
                0x0000000000000116       0x21 Startup/startup_stm32f103c6tx.o
 .ARM.attributes
                0x0000000000000137       0x2d c:/st/stm32cubeide_1.4.0/stm32cubeide/plugins/com.st.stm32cube.ide.mcu.externaltools.gnu-tools-for-stm32.7-2018-q2-update.win32_1.4.0.202007081208/tools/bin/../lib/gcc/arm-none-eabi/7.3.1/../../../../arm-none-eabi/lib/thumb/v7-m\libc_nano.a(lib_a-init.o)
 .ARM.attributes
                0x0000000000000164       0x1d c:/st/stm32cubeide_1.4.0/stm32cubeide/plugins/com.st.stm32cube.ide.mcu.externaltools.gnu-tools-for-stm32.7-2018-q2-update.win32_1.4.0.202007081208/tools/bin/../lib/gcc/arm-none-eabi/7.3.1/thumb/v7-m/crtn.o
OUTPUT(Unit7_Lesson4_Lab.elf elf32-littlearm)

.debug_info     0x0000000000000000     0x3448
 .debug_info    0x0000000000000000      0xcbe HAL/LCD_Driver/LCD.o
 .debug_info    0x0000000000000cbe      0xdb7 STM32F103C6_Drivers/EXTI_Driver/STM32F103C6_EXTI_driver.o
 .debug_info    0x0000000000001a75      0xd72 STM32F103C6_Drivers/GPIO_Driver/STM32F103C6_GPIO_driver.o
 .debug_info    0x00000000000027e7      0xc3f Src/main.o
 .debug_info    0x0000000000003426       0x22 Startup/startup_stm32f103c6tx.o

.debug_abbrev   0x0000000000000000      0x862
 .debug_abbrev  0x0000000000000000      0x1f9 HAL/LCD_Driver/LCD.o
 .debug_abbrev  0x00000000000001f9      0x22d STM32F103C6_Drivers/EXTI_Driver/STM32F103C6_EXTI_driver.o
 .debug_abbrev  0x0000000000000426      0x232 STM32F103C6_Drivers/GPIO_Driver/STM32F103C6_GPIO_driver.o
 .debug_abbrev  0x0000000000000658      0x1f8 Src/main.o
 .debug_abbrev  0x0000000000000850       0x12 Startup/startup_stm32f103c6tx.o

.debug_loc      0x0000000000000000      0xa39
 .debug_loc     0x0000000000000000      0x2e5 HAL/LCD_Driver/LCD.o
 .debug_loc     0x00000000000002e5      0x320 STM32F103C6_Drivers/EXTI_Driver/STM32F103C6_EXTI_driver.o
 .debug_loc     0x0000000000000605      0x330 STM32F103C6_Drivers/GPIO_Driver/STM32F103C6_GPIO_driver.o
 .debug_loc     0x0000000000000935      0x104 Src/main.o

.debug_aranges  0x0000000000000000      0x1a8
 .debug_aranges
                0x0000000000000000       0x68 HAL/LCD_Driver/LCD.o
 .debug_aranges
                0x0000000000000068       0x80 STM32F103C6_Drivers/EXTI_Driver/STM32F103C6_EXTI_driver.o
 .debug_aranges
                0x00000000000000e8       0x60 STM32F103C6_Drivers/GPIO_Driver/STM32F103C6_GPIO_driver.o
 .debug_aranges
                0x0000000000000148       0x38 Src/main.o
 .debug_aranges
                0x0000000000000180       0x28 Startup/startup_stm32f103c6tx.o

.debug_ranges   0x0000000000000000      0x160
 .debug_ranges  0x0000000000000000       0x58 HAL/LCD_Driver/LCD.o
 .debug_ranges  0x0000000000000058       0x70 STM32F103C6_Drivers/EXTI_Driver/STM32F103C6_EXTI_driver.o
 .debug_ranges  0x00000000000000c8       0x50 STM32F103C6_Drivers/GPIO_Driver/STM32F103C6_GPIO_driver.o
 .debug_ranges  0x0000000000000118       0x28 Src/main.o
 .debug_ranges  0x0000000000000140       0x20 Startup/startup_stm32f103c6tx.o

.debug_macro    0x0000000000000000     0x2b6f
 .debug_macro   0x0000000000000000      0x213 HAL/LCD_Driver/LCD.o
 .debug_macro   0x0000000000000213      0xa60 HAL/LCD_Driver/LCD.o
 .debug_macro   0x0000000000000c73       0x22 HAL/LCD_Driver/LCD.o
 .debug_macro   0x0000000000000c95       0x40 HAL/LCD_Driver/LCD.o
 .debug_macro   0x0000000000000cd5       0x18 HAL/LCD_Driver/LCD.o
 .debug_macro   0x0000000000000ced       0x94 HAL/LCD_Driver/LCD.o
 .debug_macro   0x0000000000000d81       0x3c HAL/LCD_Driver/LCD.o
 .debug_macro   0x0000000000000dbd       0x34 HAL/LCD_Driver/LCD.o
 .debug_macro   0x0000000000000df1       0x16 HAL/LCD_Driver/LCD.o
 .debug_macro   0x0000000000000e07       0x57 HAL/LCD_Driver/LCD.o
 .debug_macro   0x0000000000000e5e       0x97 HAL/LCD_Driver/LCD.o
 .debug_macro   0x0000000000000ef5      0x330 HAL/LCD_Driver/LCD.o
 .debug_macro   0x0000000000001225       0xfd HAL/LCD_Driver/LCD.o
 .debug_macro   0x0000000000001322       0x10 HAL/LCD_Driver/LCD.o
 .debug_macro   0x0000000000001332       0x52 HAL/LCD_Driver/LCD.o
 .debug_macro   0x0000000000001384       0x1f HAL/LCD_Driver/LCD.o
 .debug_macro   0x00000000000013a3       0x43 HAL/LCD_Driver/LCD.o
 .debug_macro   0x00000000000013e6       0x20 HAL/LCD_Driver/LCD.o
 .debug_macro   0x0000000000001406      0x1a3 HAL/LCD_Driver/LCD.o
 .debug_macro   0x00000000000015a9       0x10 HAL/LCD_Driver/LCD.o
 .debug_macro   0x00000000000015b9       0x6a HAL/LCD_Driver/LCD.o
 .debug_macro   0x0000000000001623       0x1c HAL/LCD_Driver/LCD.o
 .debug_macro   0x000000000000163f       0x52 HAL/LCD_Driver/LCD.o
 .debug_macro   0x0000000000001691       0x40 HAL/LCD_Driver/LCD.o
 .debug_macro   0x00000000000016d1       0x10 HAL/LCD_Driver/LCD.o
 .debug_macro   0x00000000000016e1       0x40 HAL/LCD_Driver/LCD.o
 .debug_macro   0x0000000000001721       0xd7 HAL/LCD_Driver/LCD.o
 .debug_macro   0x00000000000017f8       0x1c HAL/LCD_Driver/LCD.o
 .debug_macro   0x0000000000001814       0x3d HAL/LCD_Driver/LCD.o
 .debug_macro   0x0000000000001851       0x16 HAL/LCD_Driver/LCD.o
 .debug_macro   0x0000000000001867      0x145 HAL/LCD_Driver/LCD.o
 .debug_macro   0x00000000000019ac       0xef HAL/LCD_Driver/LCD.o
 .debug_macro   0x0000000000001a9b      0x1df HAL/LCD_Driver/LCD.o
 .debug_macro   0x0000000000001c7a       0x16 HAL/LCD_Driver/LCD.o
 .debug_macro   0x0000000000001c90       0x35 HAL/LCD_Driver/LCD.o
 .debug_macro   0x0000000000001cc5       0x16 HAL/LCD_Driver/LCD.o
 .debug_macro   0x0000000000001cdb       0x29 HAL/LCD_Driver/LCD.o
 .debug_macro   0x0000000000001d04      0x1b0 HAL/LCD_Driver/LCD.o
 .debug_macro   0x0000000000001eb4       0xd6 HAL/LCD_Driver/LCD.o
 .debug_macro   0x0000000000001f8a       0xac HAL/LCD_Driver/LCD.o
 .debug_macro   0x0000000000002036      0x148 STM32F103C6_Drivers/EXTI_Driver/STM32F103C6_EXTI_driver.o
 .debug_macro   0x000000000000217e      0x10e STM32F103C6_Drivers/EXTI_Driver/STM32F103C6_EXTI_driver.o
 .debug_macro   0x000000000000228c       0x8d STM32F103C6_Drivers/EXTI_Driver/STM32F103C6_EXTI_driver.o
 .debug_macro   0x0000000000002319      0x222 STM32F103C6_Drivers/EXTI_Driver/STM32F103C6_EXTI_driver.o
 .debug_macro   0x000000000000253b      0x13f STM32F103C6_Drivers/GPIO_Driver/STM32F103C6_GPIO_driver.o
 .debug_macro   0x000000000000267a       0xd0 STM32F103C6_Drivers/GPIO_Driver/STM32F103C6_GPIO_driver.o
 .debug_macro   0x000000000000274a      0x14b Src/main.o
 .debug_macro   0x0000000000002895      0x228 Src/main.o
 .debug_macro   0x0000000000002abd       0xb2 Src/main.o

.debug_line     0x0000000000000000     0x1d88
 .debug_line    0x0000000000000000      0x7d2 HAL/LCD_Driver/LCD.o
 .debug_line    0x00000000000007d2      0x7af STM32F103C6_Drivers/EXTI_Driver/STM32F103C6_EXTI_driver.o
 .debug_line    0x0000000000000f81      0x6a6 STM32F103C6_Drivers/GPIO_Driver/STM32F103C6_GPIO_driver.o
 .debug_line    0x0000000000001627      0x6dd Src/main.o
 .debug_line    0x0000000000001d04       0x84 Startup/startup_stm32f103c6tx.o

.debug_str      0x0000000000000000     0xa5de
 .debug_str     0x0000000000000000     0x8ed4 HAL/LCD_Driver/LCD.o
                                       0x9144 (size before relaxing)
 .debug_str     0x0000000000008ed4     0x1540 STM32F103C6_Drivers/EXTI_Driver/STM32F103C6_EXTI_driver.o
                                       0x9159 (size before relaxing)
 .debug_str     0x000000000000a414      0x163 STM32F103C6_Drivers/GPIO_Driver/STM32F103C6_GPIO_driver.o
                                       0x7d7f (size before relaxing)
 .debug_str     0x000000000000a577       0x36 Src/main.o
                                       0x9264 (size before relaxing)
 .debug_str     0x000000000000a5ad       0x31 Startup/startup_stm32f103c6tx.o
                                         0x75 (size before relaxing)

.comment        0x0000000000000000       0x7b
 .comment       0x0000000000000000       0x7b HAL/LCD_Driver/LCD.o
                                         0x7c (size before relaxing)
 .comment       0x000000000000007b       0x7c STM32F103C6_Drivers/EXTI_Driver/STM32F103C6_EXTI_driver.o
 .comment       0x000000000000007b       0x7c STM32F103C6_Drivers/GPIO_Driver/STM32F103C6_GPIO_driver.o
 .comment       0x000000000000007b       0x7c Src/main.o

.debug_frame    0x0000000000000000      0x558
 .debug_frame   0x0000000000000000      0x170 HAL/LCD_Driver/LCD.o
 .debug_frame   0x0000000000000170      0x1b0 STM32F103C6_Drivers/EXTI_Driver/STM32F103C6_EXTI_driver.o
 .debug_frame   0x0000000000000320      0x178 STM32F103C6_Drivers/GPIO_Driver/STM32F103C6_GPIO_driver.o
 .debug_frame   0x0000000000000498       0x94 Src/main.o
 .debug_frame   0x000000000000052c       0x2c c:/st/stm32cubeide_1.4.0/stm32cubeide/plugins/com.st.stm32cube.ide.mcu.externaltools.gnu-tools-for-stm32.7-2018-q2-update.win32_1.4.0.202007081208/tools/bin/../lib/gcc/arm-none-eabi/7.3.1/../../../../arm-none-eabi/lib/thumb/v7-m\libc_nano.a(lib_a-init.o)
