core_cm3.h:1638:22:__NVIC_SetPriority	16	static
core_cm3.h:1836:26:SysTick_Config	16	static
CortexMx_OS_Porting.c:10:6:HardFault_Handler	4	static
CortexMx_OS_Porting.c:15:6:MemManage_Handler	4	static
CortexMx_OS_Porting.c:20:6:BusFault_Handler	4	static
CortexMx_OS_Porting.c:25:6:UsageFault_Handler	4	static
CortexMx_OS_Porting.c:30:30:SVC_Handler	0	static,ignoring_inline_asm
CortexMx_OS_Porting.c:39:6:HW_Init	8	static
CortexMx_OS_Porting.c:53:6:Trigger_OS_PendSV	4	static
CortexMx_OS_Porting.c:59:6:Start_Ticker	8	static
