
Memory Configuration

Name             Origin             Length             Attributes
flash            0x00000000         0x20000000         xr
sram             0x20000000         0x20000000         xrw
*default*        0x00000000         0xffffffff

Linker script and memory map


.text           0x00000000      0x194
 *(.vectors*)
 .vectors       0x00000000       0x18 cortexm4_startup.o
                0x00000000                g_p_fn_vectors
 *(.text*)
 .text          0x00000018       0xbc cortexm4_startup.o
                0x00000018                reset_handler
                0x000000c8                Bus_fault_handler
                0x000000c8                default_handler
                0x000000c8                Usage_fault_handler
                0x000000c8                MM_fault_handler
                0x000000c8                H_fault_handler
                0x000000c8                NMI_handler
 .text          0x000000d4       0xc0 main.o
                0x000000d4                main
 *(.rodata)
                0x00000194                _E_text = .

.glue_7         0x00000194        0x0
 .glue_7        0x00000000        0x0 linker stubs

.glue_7t        0x00000194        0x0
 .glue_7t       0x00000000        0x0 linker stubs

.vfp11_veneer   0x00000194        0x0
 .vfp11_veneer  0x00000000        0x0 linker stubs

.v4_bx          0x00000194        0x0
 .v4_bx         0x00000000        0x0 linker stubs

.iplt           0x00000194        0x0
 .iplt          0x00000000        0x0 cortexm4_startup.o

.rel.dyn        0x00000194        0x0
 .rel.iplt      0x00000000        0x0 cortexm4_startup.o

.data           0x20000000        0x0 load address 0x00000194
                0x20000000                _S_data = .
 *(.data)
 .data          0x20000000        0x0 cortexm4_startup.o
 .data          0x20000000        0x0 main.o
                0x20000000                . = ALIGN (0x4)
                0x20000000                _E_data = .

.igot.plt       0x20000000        0x0 load address 0x00000194
 .igot.plt      0x00000000        0x0 cortexm4_startup.o

.bss            0x20000000      0x400 load address 0x00000194
                0x20000000                _S_bss = .
 *(.bss*)
 .bss           0x20000000      0x400 cortexm4_startup.o
 .bss           0x20000400        0x0 main.o
                0x20000400                . = ALIGN (0x4)
                0x20000400                _E_bss = .
LOAD cortexm4_startup.o
LOAD main.o
OUTPUT(main.elf elf32-littlearm)

.debug_info     0x00000000      0x241
 .debug_info    0x00000000      0x19a cortexm4_startup.o
 .debug_info    0x0000019a       0xa7 main.o

.debug_abbrev   0x00000000      0x140
 .debug_abbrev  0x00000000       0xd7 cortexm4_startup.o
 .debug_abbrev  0x000000d7       0x69 main.o

.debug_loc      0x00000000       0x9c
 .debug_loc     0x00000000       0x64 cortexm4_startup.o
 .debug_loc     0x00000064       0x38 main.o

.debug_aranges  0x00000000       0x40
 .debug_aranges
                0x00000000       0x20 cortexm4_startup.o
 .debug_aranges
                0x00000020       0x20 main.o

.debug_line     0x00000000      0x16a
 .debug_line    0x00000000       0xc4 cortexm4_startup.o
 .debug_line    0x000000c4       0xa6 main.o

.debug_str      0x00000000      0x14b
 .debug_str     0x00000000      0x13f cortexm4_startup.o
                                0x173 (size before relaxing)
 .debug_str     0x0000013f        0xc main.o
                                 0xdf (size before relaxing)

.comment        0x00000000       0x11
 .comment       0x00000000       0x11 cortexm4_startup.o
                                 0x12 (size before relaxing)
 .comment       0x00000000       0x12 main.o

.ARM.attributes
                0x00000000       0x33
 .ARM.attributes
                0x00000000       0x33 cortexm4_startup.o
 .ARM.attributes
                0x00000033       0x33 main.o

.debug_frame    0x00000000       0x78
 .debug_frame   0x00000000       0x4c cortexm4_startup.o
 .debug_frame   0x0000004c       0x2c main.o
