Archive member included to satisfy reference by file (symbol)

c:/st/stm32cubeide_1.4.0/stm32cubeide/plugins/com.st.stm32cube.ide.mcu.externaltools.gnu-tools-for-stm32.7-2018-q2-update.win32_1.4.0.202007081208/tools/bin/../lib/gcc/arm-none-eabi/7.3.1/../../../../arm-none-eabi/lib/thumb/v7-m\libc_nano.a(lib_a-errno.o)
                              Src/syscalls.o (__errno)
c:/st/stm32cubeide_1.4.0/stm32cubeide/plugins/com.st.stm32cube.ide.mcu.externaltools.gnu-tools-for-stm32.7-2018-q2-update.win32_1.4.0.202007081208/tools/bin/../lib/gcc/arm-none-eabi/7.3.1/../../../../arm-none-eabi/lib/thumb/v7-m\libc_nano.a(lib_a-exit.o)
                              c:/st/stm32cubeide_1.4.0/stm32cubeide/plugins/com.st.stm32cube.ide.mcu.externaltools.gnu-tools-for-stm32.7-2018-q2-update.win32_1.4.0.202007081208/tools/bin/../lib/gcc/arm-none-eabi/7.3.1/../../../../arm-none-eabi/lib/thumb/v7-m/crt0.o (exit)
c:/st/stm32cubeide_1.4.0/stm32cubeide/plugins/com.st.stm32cube.ide.mcu.externaltools.gnu-tools-for-stm32.7-2018-q2-update.win32_1.4.0.202007081208/tools/bin/../lib/gcc/arm-none-eabi/7.3.1/../../../../arm-none-eabi/lib/thumb/v7-m\libc_nano.a(lib_a-impure.o)
                              c:/st/stm32cubeide_1.4.0/stm32cubeide/plugins/com.st.stm32cube.ide.mcu.externaltools.gnu-tools-for-stm32.7-2018-q2-update.win32_1.4.0.202007081208/tools/bin/../lib/gcc/arm-none-eabi/7.3.1/../../../../arm-none-eabi/lib/thumb/v7-m\libc_nano.a(lib_a-exit.o) (_global_impure_ptr)
c:/st/stm32cubeide_1.4.0/stm32cubeide/plugins/com.st.stm32cube.ide.mcu.externaltools.gnu-tools-for-stm32.7-2018-q2-update.win32_1.4.0.202007081208/tools/bin/../lib/gcc/arm-none-eabi/7.3.1/../../../../arm-none-eabi/lib/thumb/v7-m\libc_nano.a(lib_a-init.o)
                              c:/st/stm32cubeide_1.4.0/stm32cubeide/plugins/com.st.stm32cube.ide.mcu.externaltools.gnu-tools-for-stm32.7-2018-q2-update.win32_1.4.0.202007081208/tools/bin/../lib/gcc/arm-none-eabi/7.3.1/../../../../arm-none-eabi/lib/thumb/v7-m/crt0.o (__libc_init_array)
c:/st/stm32cubeide_1.4.0/stm32cubeide/plugins/com.st.stm32cube.ide.mcu.externaltools.gnu-tools-for-stm32.7-2018-q2-update.win32_1.4.0.202007081208/tools/bin/../lib/gcc/arm-none-eabi/7.3.1/../../../../arm-none-eabi/lib/thumb/v7-m\libc_nano.a(lib_a-memset.o)
                              c:/st/stm32cubeide_1.4.0/stm32cubeide/plugins/com.st.stm32cube.ide.mcu.externaltools.gnu-tools-for-stm32.7-2018-q2-update.win32_1.4.0.202007081208/tools/bin/../lib/gcc/arm-none-eabi/7.3.1/../../../../arm-none-eabi/lib/thumb/v7-m/crt0.o (memset)
c:/st/stm32cubeide_1.4.0/stm32cubeide/plugins/com.st.stm32cube.ide.mcu.externaltools.gnu-tools-for-stm32.7-2018-q2-update.win32_1.4.0.202007081208/tools/bin/../lib/gcc/arm-none-eabi/7.3.1/../../../../arm-none-eabi/lib/thumb/v7-m\libc_nano.a(lib_a-sprintf.o)
                              STM32F103C6_Drivers/LCD_Driver/LCD.o (sprintf)
c:/st/stm32cubeide_1.4.0/stm32cubeide/plugins/com.st.stm32cube.ide.mcu.externaltools.gnu-tools-for-stm32.7-2018-q2-update.win32_1.4.0.202007081208/tools/bin/../lib/gcc/arm-none-eabi/7.3.1/../../../../arm-none-eabi/lib/thumb/v7-m\libc_nano.a(lib_a-nano-svfprintf.o)
                              c:/st/stm32cubeide_1.4.0/stm32cubeide/plugins/com.st.stm32cube.ide.mcu.externaltools.gnu-tools-for-stm32.7-2018-q2-update.win32_1.4.0.202007081208/tools/bin/../lib/gcc/arm-none-eabi/7.3.1/../../../../arm-none-eabi/lib/thumb/v7-m\libc_nano.a(lib_a-sprintf.o) (_svfprintf_r)
c:/st/stm32cubeide_1.4.0/stm32cubeide/plugins/com.st.stm32cube.ide.mcu.externaltools.gnu-tools-for-stm32.7-2018-q2-update.win32_1.4.0.202007081208/tools/bin/../lib/gcc/arm-none-eabi/7.3.1/../../../../arm-none-eabi/lib/thumb/v7-m\libc_nano.a(lib_a-nano-vfprintf_i.o)
                              c:/st/stm32cubeide_1.4.0/stm32cubeide/plugins/com.st.stm32cube.ide.mcu.externaltools.gnu-tools-for-stm32.7-2018-q2-update.win32_1.4.0.202007081208/tools/bin/../lib/gcc/arm-none-eabi/7.3.1/../../../../arm-none-eabi/lib/thumb/v7-m\libc_nano.a(lib_a-nano-svfprintf.o) (_printf_i)
c:/st/stm32cubeide_1.4.0/stm32cubeide/plugins/com.st.stm32cube.ide.mcu.externaltools.gnu-tools-for-stm32.7-2018-q2-update.win32_1.4.0.202007081208/tools/bin/../lib/gcc/arm-none-eabi/7.3.1/../../../../arm-none-eabi/lib/thumb/v7-m\libc_nano.a(lib_a-memchr-stub.o)
                              c:/st/stm32cubeide_1.4.0/stm32cubeide/plugins/com.st.stm32cube.ide.mcu.externaltools.gnu-tools-for-stm32.7-2018-q2-update.win32_1.4.0.202007081208/tools/bin/../lib/gcc/arm-none-eabi/7.3.1/../../../../arm-none-eabi/lib/thumb/v7-m\libc_nano.a(lib_a-nano-svfprintf.o) (memchr)
c:/st/stm32cubeide_1.4.0/stm32cubeide/plugins/com.st.stm32cube.ide.mcu.externaltools.gnu-tools-for-stm32.7-2018-q2-update.win32_1.4.0.202007081208/tools/bin/../lib/gcc/arm-none-eabi/7.3.1/../../../../arm-none-eabi/lib/thumb/v7-m\libc_nano.a(lib_a-memcpy-stub.o)
[...]
Memory Configuration

Name             Origin             Length             Attributes
RAM              0x0000000020000000 0x0000000000002800 xrw
ROM              0x0000000008000000 0x0000000000008000 xr
*default*        0x0000000000000000 0xffffffffffffffff

Linker script and memory map

LOAD c:/st/stm32cubeide_1.4.0/stm32cubeide/plugins/com.st.stm32cube.ide.mcu.externaltools.gnu-tools-for-stm32.7-2018-q2-update.win32_1.4.0.202007081208/tools/bin/../lib/gcc/arm-none-eabi/7.3.1/thumb/v7-m/crti.o
LOAD c:/st/stm32cubeide_1.4.0/stm32cubeide/plugins/com.st.stm32cube.ide.mcu.externaltools.gnu-tools-for-stm32.7-2018-q2-update.win32_1.4.0.202007081208/tools/bin/../lib/gcc/arm-none-eabi/7.3.1/thumb/v7-m/crtbegin.o
LOAD c:/st/stm32cubeide_1.4.0/stm32cubeide/plugins/com.st.stm32cube.ide.mcu.externaltools.gnu-tools-for-stm32.7-2018-q2-update.win32_1.4.0.202007081208/tools/bin/../lib/gcc/arm-none-eabi/7.3.1/../../../../arm-none-eabi/lib/thumb/v7-m/crt0.o
LOAD STM32F103C6_Drivers/GPIO_Driver/STM32F103C6_GPIO_driver.o
LOAD STM32F103C6_Drivers/KeyPad_Driver/KeyPad.o
LOAD STM32F103C6_Drivers/LCD_Driver/LCD.o
LOAD Src/main.o
LOAD Src/syscalls.o
LOAD Src/sysmem.o
LOAD Startup/startup_stm32f103c6tx.o
START GROUP
LOAD c:/st/stm32cubeide_1.4.0/stm32cubeide/plugins/com.st.stm32cube.ide.mcu.externaltools.gnu-tools-for-stm32.7-2018-q2-update.win32_1.4.0.202007081208/tools/bin/../lib/gcc/arm-none-eabi/7.3.1/../../../../arm-none-eabi/lib/thumb/v7-m\libc_nano.a
LOAD c:/st/stm32cubeide_1.4.0/stm32cubeide/plugins/com.st.stm32cube.ide.mcu.externaltools.gnu-tools-for-stm32.7-2018-q2-update.win32_1.4.0.202007081208/tools/bin/../lib/gcc/arm-none-eabi/7.3.1/../../../../arm-none-eabi/lib/thumb/v7-m\libm.a
END GROUP
START GROUP
LOAD c:/st/stm32cubeide_1.4.0/stm32cubeide/plugins/com.st.stm32cube.ide.mcu.externaltools.gnu-tools-for-stm32.7-2018-q2-update.win32_1.4.0.202007081208/tools/bin/../lib/gcc/arm-none-eabi/7.3.1/thumb/v7-m\libgcc.a
LOAD c:/st/stm32cubeide_1.4.0/stm32cubeide/plugins/com.st.stm32cube.ide.mcu.externaltools.gnu-tools-for-stm32.7-2018-q2-update.win32_1.4.0.202007081208/tools/bin/../lib/gcc/arm-none-eabi/7.3.1/../../../../arm-none-eabi/lib/thumb/v7-m\libg_nano.a
LOAD c:/st/stm32cubeide_1.4.0/stm32cubeide/plugins/com.st.stm32cube.ide.mcu.externaltools.gnu-tools-for-stm32.7-2018-q2-update.win32_1.4.0.202007081208/tools/bin/../lib/gcc/arm-none-eabi/7.3.1/../../../../arm-none-eabi/lib/thumb/v7-m\libc_nano.a
END GROUP
START GROUP
LOAD c:/st/stm32cubeide_1.4.0/stm32cubeide/plugins/com.st.stm32cube.ide.mcu.externaltools.gnu-tools-for-stm32.7-2018-q2-update.win32_1.4.0.202007081208/tools/bin/../lib/gcc/arm-none-eabi/7.3.1/thumb/v7-m\libgcc.a
LOAD c:/st/stm32cubeide_1.4.0/stm32cubeide/plugins/com.st.stm32cube.ide.mcu.externaltools.gnu-tools-for-stm32.7-2018-q2-update.win32_1.4.0.202007081208/tools/bin/../lib/gcc/arm-none-eabi/7.3.1/../../../../arm-none-eabi/lib/thumb/v7-m\libc_nano.a
LOAD c:/st/stm32cubeide_1.4.0/stm32cubeide/plugins/com.st.stm32cube.ide.mcu.externaltools.gnu-tools-for-stm32.7-2018-q2-update.win32_1.4.0.202007081208/tools/bin/../lib/gcc/arm-none-eabi/7.3.1/../../../../arm-none-eabi/lib/thumb/v7-m\libnosys.a
END GROUP
START GROUP
LOAD c:/st/stm32cubeide_1.4.0/stm32cubeide/plugins/com.st.stm32cube.ide.mcu.externaltools.gnu-tools-for-stm32.7-2018-q2-update.win32_1.4.0.202007081208/tools/bin/../lib/gcc/arm-none-eabi/7.3.1/thumb/v7-m\libgcc.a
LOAD c:/st/stm32cubeide_1.4.0/stm32cubeide/plugins/com.st.stm32cube.ide.mcu.externaltools.gnu-tools-for-stm32.7-2018-q2-update.win32_1.4.0.202007081208/tools/bin/../lib/gcc/arm-none-eabi/7.3.1/../../../../arm-none-eabi/lib/thumb/v7-m\libc_nano.a
LOAD c:/st/stm32cubeide_1.4.0/stm32cubeide/plugins/com.st.stm32cube.ide.mcu.externaltools.gnu-tools-for-stm32.7-2018-q2-update.win32_1.4.0.202007081208/tools/bin/../lib/gcc/arm-none-eabi/7.3.1/../../../../arm-none-eabi/lib/thumb/v7-m\libnosys.a
END GROUP
LOAD c:/st/stm32cubeide_1.4.0/stm32cubeide/plugins/com.st.stm32cube.ide.mcu.externaltools.gnu-tools-for-stm32.7-2018-q2-update.win32_1.4.0.202007081208/tools/bin/../lib/gcc/arm-none-eabi/7.3.1/thumb/v7-m/crtend.o
LOAD c:/st/stm32cubeide_1.4.0/stm32cubeide/plugins/com.st.stm32cube.ide.mcu.externaltools.gnu-tools-for-stm32.7-2018-q2-update.win32_1.4.0.202007081208/tools/bin/../lib/gcc/arm-none-eabi/7.3.1/thumb/v7-m/crtn.o
                0x0000000020002800                _estack = (ORIGIN (RAM) + LENGTH (RAM))
                0x0000000000000200                _Min_Heap_Size = 0x200
                0x0000000000000400                _Min_Stack_Size = 0x400

.isr_vector     0x0000000008000000      0x130
                0x0000000008000000                . = ALIGN (0x4)
 *(.isr_vector)
 .isr_vector    0x0000000008000000      0x130 Startup/startup_stm32f103c6tx.o
                0x0000000008000000                g_pfnVectors
                0x0000000008000130                . = ALIGN (0x4)

.text           0x0000000008000130      0x9dc
                0x0000000008000130                . = ALIGN (0x4)
 *(.text)
 .text          0x0000000008000130       0x40 c:/st/stm32cubeide_1.4.0/stm32cubeide/plugins/com.st.stm32cube.ide.mcu.externaltools.gnu-tools-for-stm32.7-2018-q2-update.win32_1.4.0.202007081208/tools/bin/../lib/gcc/arm-none-eabi/7.3.1/thumb/v7-m/crtbegin.o
 *(.text*)
 .text.Get_CRLH_Position
                0x0000000008000170       0xe6 STM32F103C6_Drivers/GPIO_Driver/STM32F103C6_GPIO_driver.o
                0x0000000008000170                Get_CRLH_Position
 .text.MCAL_GPIO_Init
                0x0000000008000256       0xfe STM32F103C6_Drivers/GPIO_Driver/STM32F103C6_GPIO_driver.o
                0x0000000008000256                MCAL_GPIO_Init
 .text.MCAL_GPIO_ReadPin
                0x0000000008000354       0x28 STM32F103C6_Drivers/GPIO_Driver/STM32F103C6_GPIO_driver.o
                0x0000000008000354                MCAL_GPIO_ReadPin
 .text.MCAL_GPIO_WritePort
                0x000000000800037c       0x1c STM32F103C6_Drivers/GPIO_Driver/STM32F103C6_GPIO_driver.o
                0x000000000800037c                MCAL_GPIO_WritePort
 .text.MCAL_GPIO_WritePin
                0x0000000008000398       0x2e STM32F103C6_Drivers/GPIO_Driver/STM32F103C6_GPIO_driver.o
                0x0000000008000398                MCAL_GPIO_WritePin
 *fill*         0x00000000080003c6        0x2 
 .text.KEYPAD_Init
                0x00000000080003c8       0xcc STM32F103C6_Drivers/KeyPad_Driver/KeyPad.o
                0x00000000080003c8                KEYPAD_Init
 .text.KEYPAD_GetKey
                0x0000000008000494      0x194 STM32F103C6_Drivers/KeyPad_Driver/KeyPad.o
                0x0000000008000494                KEYPAD_GetKey
 .text.delay_ms
                0x0000000008000628       0x3a STM32F103C6_Drivers/LCD_Driver/LCD.o
 *fill*         0x0000000008000662        0x2 
 .text.LCD_Init
                0x0000000008000664      0x110 STM32F103C6_Drivers/LCD_Driver/LCD.o
                0x0000000008000664                LCD_Init
 .text.LCD_Write_Command
                0x0000000008000774       0x44 STM32F103C6_Drivers/LCD_Driver/LCD.o
                0x0000000008000774                LCD_Write_Command
 .text.LCD_Write_Char
                0x00000000080007b8       0x44 STM32F103C6_Drivers/LCD_Driver/LCD.o
                0x00000000080007b8                LCD_Write_Char
 .text.LCD_Write_String
                0x00000000080007fc       0x58 STM32F103C6_Drivers/LCD_Driver/LCD.o
                0x00000000080007fc                LCD_Write_String
 .text.LCD_Kick
                0x0000000008000854       0x2c STM32F103C6_Drivers/LCD_Driver/LCD.o
                0x0000000008000854                LCD_Kick
 .text.LCD_Clear_Screen
                0x0000000008000880        0xe STM32F103C6_Drivers/LCD_Driver/LCD.o
                0x0000000008000880                LCD_Clear_Screen
 .text.LCD_GOTO_XY
                0x000000000800088e       0x48 STM32F103C6_Drivers/LCD_Driver/LCD.o
                0x000000000800088e                LCD_GOTO_XY
 *fill*         0x00000000080008d6        0x2 
 .text.Clock_Init
                0x00000000080008d8       0x28 Src/main.o
                0x00000000080008d8                Clock_Init
 .text.GPIO_Init
                0x0000000008000900       0x4c Src/main.o
                0x0000000008000900                GPIO_Init
 .text.delay_ms
                0x000000000800094c       0x3a Src/main.o
 *fill*         0x0000000008000986        0x2 
 .text.main     0x0000000008000988       0xd0 Src/main.o
                0x0000000008000988                main
 .text.Reset_Handler
                0x0000000008000a58       0x50 Startup/startup_stm32f103c6tx.o
                0x0000000008000a58                Reset_Handler
 .text.Default_Handler
                0x0000000008000aa8        0x2 Startup/startup_stm32f103c6tx.o
                0x0000000008000aa8                EXTI2_IRQHandler
                0x0000000008000aa8                TIM8_TRG_COM_IRQHandler
                0x0000000008000aa8                TIM8_CC_IRQHandler
                0x0000000008000aa8                DebugMon_Handler
                0x0000000008000aa8                TIM1_CC_IRQHandler
                0x0000000008000aa8                HardFault_Handler
                0x0000000008000aa8                TIM6_IRQHandler
                0x0000000008000aa8                SysTick_Handler
                0x0000000008000aa8                PVD_IRQHandler
                0x0000000008000aa8                SDIO_IRQHandler
                0x0000000008000aa8                PendSV_Handler
                0x0000000008000aa8                NMI_Handler
                0x0000000008000aa8                EXTI3_IRQHandler
                0x0000000008000aa8                USB_HP_CAN_TX_IRQHandler
                0x0000000008000aa8                EXTI0_IRQHandler
                0x0000000008000aa8                I2C2_EV_IRQHandler
                0x0000000008000aa8                UsageFault_Handler
                0x0000000008000aa8                ADC1_2_IRQHandler
                0x0000000008000aa8                SPI1_IRQHandler
                0x0000000008000aa8                CAN_SCE_IRQHandler
                0x0000000008000aa8                TAMPER_IRQHandler
                0x0000000008000aa8                TIM8_UP_IRQHandler
                0x0000000008000aa8                DMA2_Channel2_IRQHandler
                0x0000000008000aa8                DMA1_Channel4_IRQHandler
                0x0000000008000aa8                USART3_IRQHandler
                0x0000000008000aa8                RTC_IRQHandler
                0x0000000008000aa8                DMA1_Channel7_IRQHandler
                0x0000000008000aa8                UART5_IRQHandler
                0x0000000008000aa8                ADC3_IRQHandler
                0x0000000008000aa8                TIM4_IRQHandler
                0x0000000008000aa8                CAN_RX1_IRQHandler
                0x0000000008000aa8                DMA2_Channel1_IRQHandler
                0x0000000008000aa8                I2C1_EV_IRQHandler
                0x0000000008000aa8                DMA1_Channel6_IRQHandler
                0x0000000008000aa8                UART4_IRQHandler
                0x0000000008000aa8                TIM3_IRQHandler
                0x0000000008000aa8                RCC_IRQHandler
                0x0000000008000aa8                TIM1_TRG_COM_IRQHandler
                0x0000000008000aa8                DMA1_Channel1_IRQHandler
                0x0000000008000aa8                Default_Handler
                0x0000000008000aa8                EXTI15_10_IRQHandler
                0x0000000008000aa8                TIM7_IRQHandler
                0x0000000008000aa8                TIM5_IRQHandler
                0x0000000008000aa8                EXTI9_5_IRQHandler
                0x0000000008000aa8                SPI2_IRQHandler
                0x0000000008000aa8                USB_LP_CAN_RX0_IRQHandler
                0x0000000008000aa8                MemManage_Handler
                0x0000000008000aa8                SVC_Handler
                0x0000000008000aa8                DMA1_Channel5_IRQHandler
                0x0000000008000aa8                EXTI4_IRQHandler
                0x0000000008000aa8                DMA1_Channel3_IRQHandler
                0x0000000008000aa8                FSMC_IRQHandler
                0x0000000008000aa8                TIM1_UP_IRQHandler
                0x0000000008000aa8                WWDG_IRQHandler
                0x0000000008000aa8                TIM2_IRQHandler
                0x0000000008000aa8                TIM1_BRK_IRQHandler
                0x0000000008000aa8                EXTI1_IRQHandler
                0x0000000008000aa8                RTCAlarm_IRQHandler
                0x0000000008000aa8                DMA2_Channel4_5_IRQHandler
                0x0000000008000aa8                USART2_IRQHandler
                0x0000000008000aa8                I2C2_ER_IRQHandler
                0x0000000008000aa8                DMA1_Channel2_IRQHandler
                0x0000000008000aa8                TIM8_BRK_IRQHandler
                0x0000000008000aa8                FLASH_IRQHandler
                0x0000000008000aa8                BusFault_Handler
                0x0000000008000aa8                USART1_IRQHandler
                0x0000000008000aa8                SPI3_IRQHandler
                0x0000000008000aa8                I2C1_ER_IRQHandler
                0x0000000008000aa8                DMA2_Channel3_IRQHandler
 *fill*         0x0000000008000aaa        0x2 
 .text.__libc_init_array
                0x0000000008000aac       0x48 c:/st/stm32cubeide_1.4.0/stm32cubeide/plugins/com.st.stm32cube.ide.mcu.externaltools.gnu-tools-for-stm32.7-2018-q2-update.win32_1.4.0.202007081208/tools/bin/../lib/gcc/arm-none-eabi/7.3.1/../../../../arm-none-eabi/lib/thumb/v7-m\libc_nano.a(lib_a-init.o)
                0x0000000008000aac                __libc_init_array
 *(.glue_7)
 .glue_7        0x0000000008000af4        0x0 linker stubs
 *(.glue_7t)
 .glue_7t       0x0000000008000af4        0x0 linker stubs
 *(.eh_frame)
 .eh_frame      0x0000000008000af4        0x0 c:/st/stm32cubeide_1.4.0/stm32cubeide/plugins/com.st.stm32cube.ide.mcu.externaltools.gnu-tools-for-stm32.7-2018-q2-update.win32_1.4.0.202007081208/tools/bin/../lib/gcc/arm-none-eabi/7.3.1/thumb/v7-m/crtbegin.o
 *(.init)
 .init          0x0000000008000af4        0x4 c:/st/stm32cubeide_1.4.0/stm32cubeide/plugins/com.st.stm32cube.ide.mcu.externaltools.gnu-tools-for-stm32.7-2018-q2-update.win32_1.4.0.202007081208/tools/bin/../lib/gcc/arm-none-eabi/7.3.1/thumb/v7-m/crti.o
                0x0000000008000af4                _init
 .init          0x0000000008000af8        0x8 c:/st/stm32cubeide_1.4.0/stm32cubeide/plugins/com.st.stm32cube.ide.mcu.externaltools.gnu-tools-for-stm32.7-2018-q2-update.win32_1.4.0.202007081208/tools/bin/../lib/gcc/arm-none-eabi/7.3.1/thumb/v7-m/crtn.o
 *(.fini)
 .fini          0x0000000008000b00        0x4 c:/st/stm32cubeide_1.4.0/stm32cubeide/plugins/com.st.stm32cube.ide.mcu.externaltools.gnu-tools-for-stm32.7-2018-q2-update.win32_1.4.0.202007081208/tools/bin/../lib/gcc/arm-none-eabi/7.3.1/thumb/v7-m/crti.o
                0x0000000008000b00                _fini
 .fini          0x0000000008000b04        0x8 c:/st/stm32cubeide_1.4.0/stm32cubeide/plugins/com.st.stm32cube.ide.mcu.externaltools.gnu-tools-for-stm32.7-2018-q2-update.win32_1.4.0.202007081208/tools/bin/../lib/gcc/arm-none-eabi/7.3.1/thumb/v7-m/crtn.o
                0x0000000008000b0c                . = ALIGN (0x4)
                0x0000000008000b0c                _etext = .

.vfp11_veneer   0x0000000008000b0c        0x0
 .vfp11_veneer  0x0000000008000b0c        0x0 linker stubs

.v4_bx          0x0000000008000b0c        0x0
 .v4_bx         0x0000000008000b0c        0x0 linker stubs

.iplt           0x0000000008000b0c        0x0
 .iplt          0x0000000008000b0c        0x0 c:/st/stm32cubeide_1.4.0/stm32cubeide/plugins/com.st.stm32cube.ide.mcu.externaltools.gnu-tools-for-stm32.7-2018-q2-update.win32_1.4.0.202007081208/tools/bin/../lib/gcc/arm-none-eabi/7.3.1/thumb/v7-m/crtbegin.o

.rodata         0x0000000008000b0c       0x30
                0x0000000008000b0c                . = ALIGN (0x4)
 *(.rodata)
 .rodata        0x0000000008000b0c       0x2e Src/main.o
 *(.rodata*)
                0x0000000008000b3c                . = ALIGN (0x4)
 *fill*         0x0000000008000b3a        0x2 

.rel.dyn        0x0000000008000b3c        0x0
 .rel.iplt      0x0000000008000b3c        0x0 c:/st/stm32cubeide_1.4.0/stm32cubeide/plugins/com.st.stm32cube.ide.mcu.externaltools.gnu-tools-for-stm32.7-2018-q2-update.win32_1.4.0.202007081208/tools/bin/../lib/gcc/arm-none-eabi/7.3.1/thumb/v7-m/crtbegin.o

.ARM.extab      0x0000000008000b3c        0x0
                0x0000000008000b3c                . = ALIGN (0x4)
 *(.ARM.extab* .gnu.linkonce.armextab.*)
                0x0000000008000b3c                . = ALIGN (0x4)

.ARM            0x0000000008000b3c        0x0
                0x0000000008000b3c                . = ALIGN (0x4)
                0x0000000008000b3c                __exidx_start = .
 *(.ARM.exidx*)
                0x0000000008000b3c                __exidx_end = .
                0x0000000008000b3c                . = ALIGN (0x4)

.preinit_array  0x0000000008000b3c        0x0
                0x0000000008000b3c                . = ALIGN (0x4)
                0x0000000008000b3c                PROVIDE (__preinit_array_start = .)
 *(.preinit_array*)
                0x0000000008000b3c                PROVIDE (__preinit_array_end = .)
                0x0000000008000b3c                . = ALIGN (0x4)

.init_array     0x0000000008000b3c        0x4
                0x0000000008000b3c                . = ALIGN (0x4)
                0x0000000008000b3c                PROVIDE (__init_array_start = .)
 *(SORT_BY_NAME(.init_array.*))
 *(.init_array*)
 .init_array    0x0000000008000b3c        0x4 c:/st/stm32cubeide_1.4.0/stm32cubeide/plugins/com.st.stm32cube.ide.mcu.externaltools.gnu-tools-for-stm32.7-2018-q2-update.win32_1.4.0.202007081208/tools/bin/../lib/gcc/arm-none-eabi/7.3.1/thumb/v7-m/crtbegin.o
                0x0000000008000b40                PROVIDE (__init_array_end = .)
                0x0000000008000b40                . = ALIGN (0x4)

.fini_array     0x0000000008000b40        0x4
                0x0000000008000b40                . = ALIGN (0x4)
                [!provide]                        PROVIDE (__fini_array_start = .)
 *(SORT_BY_NAME(.fini_array.*))
 *(.fini_array*)
 .fini_array    0x0000000008000b40        0x4 c:/st/stm32cubeide_1.4.0/stm32cubeide/plugins/com.st.stm32cube.ide.mcu.externaltools.gnu-tools-for-stm32.7-2018-q2-update.win32_1.4.0.202007081208/tools/bin/../lib/gcc/arm-none-eabi/7.3.1/thumb/v7-m/crtbegin.o
                [!provide]                        PROVIDE (__fini_array_end = .)
                0x0000000008000b44                . = ALIGN (0x4)
                0x0000000008000b44                _sidata = LOADADDR (.data)

.data           0x0000000020000000       0x20 load address 0x0000000008000b44
                0x0000000020000000                . = ALIGN (0x4)
                0x0000000020000000                _sdata = .
 *(.data)
 *(.data*)
 .data.Key_padRow
                0x0000000020000000       0x10 STM32F103C6_Drivers/KeyPad_Driver/KeyPad.o
                0x0000000020000000                Key_padRow
 .data.Key_padCol
                0x0000000020000010       0x10 STM32F103C6_Drivers/KeyPad_Driver/KeyPad.o
                0x0000000020000010                Key_padCol
                0x0000000020000020                . = ALIGN (0x4)
                0x0000000020000020                _edata = .

.igot.plt       0x0000000020000020        0x0 load address 0x0000000008000b64
 .igot.plt      0x0000000020000020        0x0 c:/st/stm32cubeide_1.4.0/stm32cubeide/plugins/com.st.stm32cube.ide.mcu.externaltools.gnu-tools-for-stm32.7-2018-q2-update.win32_1.4.0.202007081208/tools/bin/../lib/gcc/arm-none-eabi/7.3.1/thumb/v7-m/crtbegin.o
                0x0000000020000020                . = ALIGN (0x4)

.bss            0x0000000020000020       0x20 load address 0x0000000008000b64
                0x0000000020000020                _sbss = .
                0x0000000020000020                __bss_start__ = _sbss
 *(.bss)
 .bss           0x0000000020000020       0x1c c:/st/stm32cubeide_1.4.0/stm32cubeide/plugins/com.st.stm32cube.ide.mcu.externaltools.gnu-tools-for-stm32.7-2018-q2-update.win32_1.4.0.202007081208/tools/bin/../lib/gcc/arm-none-eabi/7.3.1/thumb/v7-m/crtbegin.o
 *(.bss*)
 .bss.PinCfg    0x000000002000003c        0x4 STM32F103C6_Drivers/LCD_Driver/LCD.o
 *(COMMON)
                0x0000000020000040                . = ALIGN (0x4)
                0x0000000020000040                _ebss = .
                0x0000000020000040                __bss_end__ = _ebss

._user_heap_stack
                0x0000000020000040      0x600 load address 0x0000000008000b64
                0x0000000020000040                . = ALIGN (0x8)
                [!provide]                        PROVIDE (end = .)
                0x0000000020000040                PROVIDE (_end = .)
                0x0000000020000240                . = (. + _Min_Heap_Size)
 *fill*         0x0000000020000040      0x200 
                0x0000000020000640                . = (. + _Min_Stack_Size)
 *fill*         0x0000000020000240      0x400 
                0x0000000020000640                . = ALIGN (0x8)

/DISCARD/
 libc.a(*)
 libm.a(*)
 libgcc.a(*)

.ARM.attributes
                0x0000000000000000       0x29
 *(.ARM.attributes)
 .ARM.attributes
                0x0000000000000000       0x1d c:/st/stm32cubeide_1.4.0/stm32cubeide/plugins/com.st.stm32cube.ide.mcu.externaltools.gnu-tools-for-stm32.7-2018-q2-update.win32_1.4.0.202007081208/tools/bin/../lib/gcc/arm-none-eabi/7.3.1/thumb/v7-m/crti.o
 .ARM.attributes
                0x000000000000001d       0x2d c:/st/stm32cubeide_1.4.0/stm32cubeide/plugins/com.st.stm32cube.ide.mcu.externaltools.gnu-tools-for-stm32.7-2018-q2-update.win32_1.4.0.202007081208/tools/bin/../lib/gcc/arm-none-eabi/7.3.1/thumb/v7-m/crtbegin.o
 .ARM.attributes
                0x000000000000004a       0x33 STM32F103C6_Drivers/GPIO_Driver/STM32F103C6_GPIO_driver.o
 .ARM.attributes
                0x000000000000007d       0x33 STM32F103C6_Drivers/KeyPad_Driver/KeyPad.o
 .ARM.attributes
                0x00000000000000b0       0x33 STM32F103C6_Drivers/LCD_Driver/LCD.o
 .ARM.attributes
                0x00000000000000e3       0x33 Src/main.o
 .ARM.attributes
                0x0000000000000116       0x21 Startup/startup_stm32f103c6tx.o
 .ARM.attributes
                0x0000000000000137       0x2d c:/st/stm32cubeide_1.4.0/stm32cubeide/plugins/com.st.stm32cube.ide.mcu.externaltools.gnu-tools-for-stm32.7-2018-q2-update.win32_1.4.0.202007081208/tools/bin/../lib/gcc/arm-none-eabi/7.3.1/../../../../arm-none-eabi/lib/thumb/v7-m\libc_nano.a(lib_a-init.o)
 .ARM.attributes
                0x0000000000000164       0x1d c:/st/stm32cubeide_1.4.0/stm32cubeide/plugins/com.st.stm32cube.ide.mcu.externaltools.gnu-tools-for-stm32.7-2018-q2-update.win32_1.4.0.202007081208/tools/bin/../lib/gcc/arm-none-eabi/7.3.1/thumb/v7-m/crtn.o
OUTPUT(Unit7_Section3.elf elf32-littlearm)

.debug_info     0x0000000000000000     0x3183
 .debug_info    0x0000000000000000      0xd72 STM32F103C6_Drivers/GPIO_Driver/STM32F103C6_GPIO_driver.o
 .debug_info    0x0000000000000d72      0xb07 STM32F103C6_Drivers/KeyPad_Driver/KeyPad.o
 .debug_info    0x0000000000001879      0xcbe STM32F103C6_Drivers/LCD_Driver/LCD.o
 .debug_info    0x0000000000002537      0xc2a Src/main.o
 .debug_info    0x0000000000003161       0x22 Startup/startup_stm32f103c6tx.o

.debug_abbrev   0x0000000000000000      0x7db
 .debug_abbrev  0x0000000000000000      0x232 STM32F103C6_Drivers/GPIO_Driver/STM32F103C6_GPIO_driver.o
 .debug_abbrev  0x0000000000000232      0x1b5 STM32F103C6_Drivers/KeyPad_Driver/KeyPad.o
 .debug_abbrev  0x00000000000003e7      0x1f9 STM32F103C6_Drivers/LCD_Driver/LCD.o
 .debug_abbrev  0x00000000000005e0      0x1e9 Src/main.o
 .debug_abbrev  0x00000000000007c9       0x12 Startup/startup_stm32f103c6tx.o

.debug_loc      0x0000000000000000      0x7dd
 .debug_loc     0x0000000000000000      0x330 STM32F103C6_Drivers/GPIO_Driver/STM32F103C6_GPIO_driver.o
 .debug_loc     0x0000000000000330       0xa0 STM32F103C6_Drivers/KeyPad_Driver/KeyPad.o
 .debug_loc     0x00000000000003d0      0x2e5 STM32F103C6_Drivers/LCD_Driver/LCD.o
 .debug_loc     0x00000000000006b5      0x128 Src/main.o

.debug_aranges  0x0000000000000000      0x150
 .debug_aranges
                0x0000000000000000       0x60 STM32F103C6_Drivers/GPIO_Driver/STM32F103C6_GPIO_driver.o
 .debug_aranges
                0x0000000000000060       0x28 STM32F103C6_Drivers/KeyPad_Driver/KeyPad.o
 .debug_aranges
                0x0000000000000088       0x68 STM32F103C6_Drivers/LCD_Driver/LCD.o
 .debug_aranges
                0x00000000000000f0       0x38 Src/main.o
 .debug_aranges
                0x0000000000000128       0x28 Startup/startup_stm32f103c6tx.o

.debug_ranges   0x0000000000000000      0x108
 .debug_ranges  0x0000000000000000       0x50 STM32F103C6_Drivers/GPIO_Driver/STM32F103C6_GPIO_driver.o
 .debug_ranges  0x0000000000000050       0x18 STM32F103C6_Drivers/KeyPad_Driver/KeyPad.o
 .debug_ranges  0x0000000000000068       0x58 STM32F103C6_Drivers/LCD_Driver/LCD.o
 .debug_ranges  0x00000000000000c0       0x28 Src/main.o
 .debug_ranges  0x00000000000000e8       0x20 Startup/startup_stm32f103c6tx.o

.debug_macro    0x0000000000000000     0x28e2
 .debug_macro   0x0000000000000000      0x13f STM32F103C6_Drivers/GPIO_Driver/STM32F103C6_GPIO_driver.o
 .debug_macro   0x000000000000013f      0xa60 STM32F103C6_Drivers/GPIO_Driver/STM32F103C6_GPIO_driver.o
 .debug_macro   0x0000000000000b9f       0x18 STM32F103C6_Drivers/GPIO_Driver/STM32F103C6_GPIO_driver.o
 .debug_macro   0x0000000000000bb7       0x22 STM32F103C6_Drivers/GPIO_Driver/STM32F103C6_GPIO_driver.o
 .debug_macro   0x0000000000000bd9       0x40 STM32F103C6_Drivers/GPIO_Driver/STM32F103C6_GPIO_driver.o
 .debug_macro   0x0000000000000c19       0x94 STM32F103C6_Drivers/GPIO_Driver/STM32F103C6_GPIO_driver.o
 .debug_macro   0x0000000000000cad       0x3c STM32F103C6_Drivers/GPIO_Driver/STM32F103C6_GPIO_driver.o
 .debug_macro   0x0000000000000ce9       0x34 STM32F103C6_Drivers/GPIO_Driver/STM32F103C6_GPIO_driver.o
 .debug_macro   0x0000000000000d1d       0x16 STM32F103C6_Drivers/GPIO_Driver/STM32F103C6_GPIO_driver.o
 .debug_macro   0x0000000000000d33      0x10e STM32F103C6_Drivers/GPIO_Driver/STM32F103C6_GPIO_driver.o
 .debug_macro   0x0000000000000e41       0x8d STM32F103C6_Drivers/GPIO_Driver/STM32F103C6_GPIO_driver.o
 .debug_macro   0x0000000000000ece       0x57 STM32F103C6_Drivers/GPIO_Driver/STM32F103C6_GPIO_driver.o
 .debug_macro   0x0000000000000f25       0x52 STM32F103C6_Drivers/GPIO_Driver/STM32F103C6_GPIO_driver.o
 .debug_macro   0x0000000000000f77       0x1f STM32F103C6_Drivers/GPIO_Driver/STM32F103C6_GPIO_driver.o
 .debug_macro   0x0000000000000f96       0x43 STM32F103C6_Drivers/GPIO_Driver/STM32F103C6_GPIO_driver.o
 .debug_macro   0x0000000000000fd9       0x20 STM32F103C6_Drivers/GPIO_Driver/STM32F103C6_GPIO_driver.o
 .debug_macro   0x0000000000000ff9      0x1a3 STM32F103C6_Drivers/GPIO_Driver/STM32F103C6_GPIO_driver.o
 .debug_macro   0x000000000000119c      0x330 STM32F103C6_Drivers/GPIO_Driver/STM32F103C6_GPIO_driver.o
 .debug_macro   0x00000000000014cc       0x16 STM32F103C6_Drivers/GPIO_Driver/STM32F103C6_GPIO_driver.o
 .debug_macro   0x00000000000014e2       0x29 STM32F103C6_Drivers/GPIO_Driver/STM32F103C6_GPIO_driver.o
 .debug_macro   0x000000000000150b       0xef STM32F103C6_Drivers/GPIO_Driver/STM32F103C6_GPIO_driver.o
 .debug_macro   0x00000000000015fa       0x6a STM32F103C6_Drivers/GPIO_Driver/STM32F103C6_GPIO_driver.o
 .debug_macro   0x0000000000001664      0x1df STM32F103C6_Drivers/GPIO_Driver/STM32F103C6_GPIO_driver.o
 .debug_macro   0x0000000000001843       0xb2 STM32F103C6_Drivers/GPIO_Driver/STM32F103C6_GPIO_driver.o
 .debug_macro   0x00000000000018f5       0xd0 STM32F103C6_Drivers/GPIO_Driver/STM32F103C6_GPIO_driver.o
 .debug_macro   0x00000000000019c5      0x14e STM32F103C6_Drivers/KeyPad_Driver/KeyPad.o
 .debug_macro   0x0000000000001b13       0x8e STM32F103C6_Drivers/KeyPad_Driver/KeyPad.o
 .debug_macro   0x0000000000001ba1       0x51 STM32F103C6_Drivers/KeyPad_Driver/KeyPad.o
 .debug_macro   0x0000000000001bf2       0x46 STM32F103C6_Drivers/KeyPad_Driver/KeyPad.o
 .debug_macro   0x0000000000001c38       0xd6 STM32F103C6_Drivers/KeyPad_Driver/KeyPad.o
 .debug_macro   0x0000000000001d0e       0x3a STM32F103C6_Drivers/KeyPad_Driver/KeyPad.o
 .debug_macro   0x0000000000001d48      0x213 STM32F103C6_Drivers/LCD_Driver/LCD.o
 .debug_macro   0x0000000000001f5b       0x16 STM32F103C6_Drivers/LCD_Driver/LCD.o
 .debug_macro   0x0000000000001f71       0x97 STM32F103C6_Drivers/LCD_Driver/LCD.o
 .debug_macro   0x0000000000002008       0xfd STM32F103C6_Drivers/LCD_Driver/LCD.o
 .debug_macro   0x0000000000002105       0x10 STM32F103C6_Drivers/LCD_Driver/LCD.o
 .debug_macro   0x0000000000002115       0x10 STM32F103C6_Drivers/LCD_Driver/LCD.o
 .debug_macro   0x0000000000002125       0x1c STM32F103C6_Drivers/LCD_Driver/LCD.o
 .debug_macro   0x0000000000002141       0x52 STM32F103C6_Drivers/LCD_Driver/LCD.o
 .debug_macro   0x0000000000002193       0x40 STM32F103C6_Drivers/LCD_Driver/LCD.o
 .debug_macro   0x00000000000021d3       0x10 STM32F103C6_Drivers/LCD_Driver/LCD.o
 .debug_macro   0x00000000000021e3       0x40 STM32F103C6_Drivers/LCD_Driver/LCD.o
 .debug_macro   0x0000000000002223       0xd7 STM32F103C6_Drivers/LCD_Driver/LCD.o
 .debug_macro   0x00000000000022fa       0x1c STM32F103C6_Drivers/LCD_Driver/LCD.o
 .debug_macro   0x0000000000002316       0x3d STM32F103C6_Drivers/LCD_Driver/LCD.o
 .debug_macro   0x0000000000002353       0x16 STM32F103C6_Drivers/LCD_Driver/LCD.o
 .debug_macro   0x0000000000002369      0x145 STM32F103C6_Drivers/LCD_Driver/LCD.o
 .debug_macro   0x00000000000024ae       0x35 STM32F103C6_Drivers/LCD_Driver/LCD.o
 .debug_macro   0x00000000000024e3       0xac STM32F103C6_Drivers/LCD_Driver/LCD.o
 .debug_macro   0x000000000000258f      0x191 Src/main.o
 .debug_macro   0x0000000000002720       0xd6 Src/main.o
 .debug_macro   0x00000000000027f6       0x3a Src/main.o
 .debug_macro   0x0000000000002830       0xb2 Src/main.o

.debug_line     0x0000000000000000     0x1cfb
 .debug_line    0x0000000000000000      0x6a3 STM32F103C6_Drivers/GPIO_Driver/STM32F103C6_GPIO_driver.o
 .debug_line    0x00000000000006a3      0x6be STM32F103C6_Drivers/KeyPad_Driver/KeyPad.o
 .debug_line    0x0000000000000d61      0x7dc STM32F103C6_Drivers/LCD_Driver/LCD.o
 .debug_line    0x000000000000153d      0x73a Src/main.o
 .debug_line    0x0000000000001c77       0x84 Startup/startup_stm32f103c6tx.o

.debug_str      0x0000000000000000     0x8d3e
 .debug_str     0x0000000000000000     0x7633 STM32F103C6_Drivers/GPIO_Driver/STM32F103C6_GPIO_driver.o
                                       0x789e (size before relaxing)
 .debug_str     0x0000000000007633       0xf2 STM32F103C6_Drivers/KeyPad_Driver/KeyPad.o
                                       0x7810 (size before relaxing)
 .debug_str     0x0000000000007725     0x153f STM32F103C6_Drivers/LCD_Driver/LCD.o
                                       0x8c73 (size before relaxing)
 .debug_str     0x0000000000008c64       0xa9 Src/main.o
                                       0x7b2b (size before relaxing)
 .debug_str     0x0000000000008d0d       0x31 Startup/startup_stm32f103c6tx.o
                                         0x72 (size before relaxing)

.comment        0x0000000000000000       0x7b
 .comment       0x0000000000000000       0x7b STM32F103C6_Drivers/GPIO_Driver/STM32F103C6_GPIO_driver.o
                                         0x7c (size before relaxing)
 .comment       0x000000000000007b       0x7c STM32F103C6_Drivers/KeyPad_Driver/KeyPad.o
 .comment       0x000000000000007b       0x7c STM32F103C6_Drivers/LCD_Driver/LCD.o
 .comment       0x000000000000007b       0x7c Src/main.o

.debug_frame    0x0000000000000000      0x408
 .debug_frame   0x0000000000000000      0x178 STM32F103C6_Drivers/GPIO_Driver/STM32F103C6_GPIO_driver.o
 .debug_frame   0x0000000000000178       0x58 STM32F103C6_Drivers/KeyPad_Driver/KeyPad.o
 .debug_frame   0x00000000000001d0      0x170 STM32F103C6_Drivers/LCD_Driver/LCD.o
 .debug_frame   0x0000000000000340       0x9c Src/main.o
 .debug_frame   0x00000000000003dc       0x2c c:/st/stm32cubeide_1.4.0/stm32cubeide/plugins/com.st.stm32cube.ide.mcu.externaltools.gnu-tools-for-stm32.7-2018-q2-update.win32_1.4.0.202007081208/tools/bin/../lib/gcc/arm-none-eabi/7.3.1/../../../../arm-none-eabi/lib/thumb/v7-m\libc_nano.a(lib_a-init.o)
