
Memory Configuration

Name             Origin             Length             Attributes
flash            0x08000000         0x00020000         xr
sram             0x20000000         0x00005000         xrw
*default*        0x00000000         0xffffffff

Linker script and memory map


.text           0x08000000      0x17c
 *(.vectors*)
 .vectors       0x08000000       0x18 startup.o
                0x08000000                vectors
 *(.text*)
 .text          0x08000018       0xbc startup.o
                0x08000018                reset_handler
                0x080000c8                Bus_fault_handler
                0x080000c8                default_handler
                0x080000c8                Usage_fault_handler
                0x080000c8                MM_fault_handler
                0x080000c8                H_fault_handler
                0x080000c8                NMI_handler
 .text          0x080000d4       0xa8 main.o
                0x080000d4                main
 *(.rodata)
                0x0800017c                _E_text = .

.glue_7         0x0800017c        0x0
 .glue_7        0x00000000        0x0 linker stubs

.glue_7t        0x0800017c        0x0
 .glue_7t       0x00000000        0x0 linker stubs

.vfp11_veneer   0x0800017c        0x0
 .vfp11_veneer  0x00000000        0x0 linker stubs

.v4_bx          0x0800017c        0x0
 .v4_bx         0x00000000        0x0 linker stubs

.iplt           0x0800017c        0x0
 .iplt          0x00000000        0x0 startup.o

.rel.dyn        0x0800017c        0x0
 .rel.iplt      0x00000000        0x0 startup.o

.data           0x20000000        0x4 load address 0x0800017c
                0x20000000                _S_data = .
 *(.data)
 .data          0x20000000        0x0 startup.o
 .data          0x20000000        0x4 main.o
                0x20000000                R_ODR
                0x20000004                _E_data = .

.igot.plt       0x20000004        0x0 load address 0x08000180
 .igot.plt      0x00000000        0x0 startup.o

.bss            0x20000004     0x1000 load address 0x08000180
                0x20000004                _S_bss = .
 *(.bss)
 .bss           0x20000004        0x0 startup.o
 .bss           0x20000004        0x0 main.o
                0x20000004                . = ALIGN (0x4)
                0x20000004                _E_bss = .
                0x20000004                . = ALIGN (0x4)
                0x20001004                . = (. + 0x1000)
 *fill*         0x20000004     0x1000 
                0x20001004                _stack_top = .
LOAD startup.o
LOAD main.o
OUTPUT(main.elf elf32-littlearm)

.debug_info     0x00000000      0x298
 .debug_info    0x00000000      0x174 startup.o
 .debug_info    0x00000174      0x124 main.o

.debug_abbrev   0x00000000      0x190
 .debug_abbrev  0x00000000       0xc4 startup.o
 .debug_abbrev  0x000000c4       0xcc main.o

.debug_loc      0x00000000       0x9c
 .debug_loc     0x00000000       0x64 startup.o
 .debug_loc     0x00000064       0x38 main.o

.debug_aranges  0x00000000       0x40
 .debug_aranges
                0x00000000       0x20 startup.o
 .debug_aranges
                0x00000020       0x20 main.o

.debug_line     0x00000000      0x156
 .debug_line    0x00000000       0xbb startup.o
 .debug_line    0x000000bb       0x9b main.o

.debug_str      0x00000000      0x171
 .debug_str     0x00000000      0x135 startup.o
                                0x173 (size before relaxing)
 .debug_str     0x00000135       0x3c main.o
                                0x11e (size before relaxing)

.comment        0x00000000       0x11
 .comment       0x00000000       0x11 startup.o
                                 0x12 (size before relaxing)
 .comment       0x00000000       0x12 main.o

.ARM.attributes
                0x00000000       0x33
 .ARM.attributes
                0x00000000       0x33 startup.o
 .ARM.attributes
                0x00000033       0x33 main.o

.debug_frame    0x00000000       0x78
 .debug_frame   0x00000000       0x4c startup.o
 .debug_frame   0x0000004c       0x2c main.o
