STM32F103C6_EXTI_driver.c:23:13:NVIC_Enable	16	static
STM32F103C6_EXTI_driver.c:60:13:NVIC_Disable	16	static
STM32F103C6_EXTI_driver.c:105:13:Update_EXTI	24	static
STM32F103C6_EXTI_driver.c:172:6:MCAL_EXTI_GPIO_Init	16	static
STM32F103C6_EXTI_driver.c:183:6:MCAL_EXTI_GPIO_DeInit	4	static
STM32F103C6_EXTI_driver.c:212:6:MCAL_EXTI_GPIO_Update	16	static
STM32F103C6_EXTI_driver.c:222:6:EXTI0_IRQHandler	8	static
STM32F103C6_EXTI_driver.c:230:6:EXTI1_IRQHandler	8	static
STM32F103C6_EXTI_driver.c:238:6:EXTI2_IRQHandler	8	static
STM32F103C6_EXTI_driver.c:246:6:EXTI3_IRQHandler	8	static
STM32F103C6_EXTI_driver.c:254:6:EXTI4_IRQHandler	8	static
STM32F103C6_EXTI_driver.c:262:6:EXTI9_5_IRQHandler	8	static
STM32F103C6_EXTI_driver.c:270:6:EXTI15_10_IRQHandler	8	static
